<html>
<body>
<pre>
<h1>µVision Build Log</h1>
<h2>Tool Versions:</h2>
IDE-Version: µVision V5.34.0.0
Copyright (C) 2021 ARM Ltd and ARM Germany GmbH. All rights reserved.
License Information: fsf zzg373692503@hotmail.com, fsf, LIC=JDA12-98P1T-06JQU-SD717-IHFER-TU8XL
 
Tool Versions:
Toolchain:       MDK-ARM Professional  Version: 5.34.0.0
Toolchain Path:  D:\MDK\ARM\ARMCC\Bin
C Compiler:      Armcc.exe V5.06 update 7 (build 960)
Assembler:       Armasm.exe V5.06 update 7 (build 960)
Linker/Locator:  ArmLink.exe V5.06 update 7 (build 960)
Library Manager: ArmAr.exe V5.06 update 7 (build 960)
Hex Converter:   FromElf.exe V5.06 update 7 (build 960)
CPU DLL:         SARMCM3.DLL V5.34.0.0
Dialog DLL:      DCM.DLL V1.17.3.0
Target DLL:      STLink\ST-LINKIII-KEIL_SWO.dll V3.0.8.0
Dialog DLL:      TCM.DLL V1.48.0.0
 
<h2>Project:</h2>
C:\Users\HELLO_WORLD\Desktop\sensor_innor\USER\Template.uvprojx
Project File Date:  12/24/2021

<h2>Output:</h2>
  
Warning: *** SUPPORT EXPIRED, NEW PRODUCT SERIAL NUMBER REQUIRED ***
         *** Running with Code Size Limit: 32K                   ***
*** Using Compiler 'V5.06 update 7 (build 960)', folder: 'D:\MDK\ARM\ARMCC\Bin'
Build target 'Target 1'
compiling main.c...
..\HARDWARE\DHT11\DHT11.h(20): warning:  #1-D: last line of file ends without a newline
  #endif
main.c(130): warning:  #550-D: variable "DS18B20_Temp"  was set but never used
  	int DS18B20_Temp;
main.c(143): warning:  #177-D: variable "ll"  was declared but never referenced
  	u8 ll=1;
main.c(166): warning:  #177-D: variable "float_num"  was declared but never referenced
  	static float float_num=0.01;
main.c(213): warning:  #177-D: variable "cpu_sr"  was declared but never referenced
  	OS_CPU_SR cpu_sr=0;
main.c(214): warning:  #177-D: variable "float_num"  was declared but never referenced
  	static float float_num=0.01;
main.c: 6 warnings, 0 errors
linking...
Program Size: Code=24444 RO-data=768 RW-data=176 ZI-data=8848  
FromELF: creating hex file...
"..\OBJ\MALLOC.axf" - 0 Error(s), 7 Warning(s).

<h2>Software Packages used:</h2>

Package Vendor: Keil
                http://www.keil.com/pack/Keil.STM32F1xx_DFP.2.3.0.pack
                Keil.STM32F1xx_DFP.2.3.0
                STMicroelectronics STM32F1 Series Device Support, Drivers and Examples

<h2>Collection of Component include folders:</h2>
  C:\Users\HELLO_WORLD\AppData\Local\Arm\Packs\Keil\STM32F1xx_DFP\2.3.0\Device\Include

<h2>Collection of Component Files used:</h2>
Build Time Elapsed:  00:00:02
</pre>
</body>
</html>
