<html>
<body>
<pre>
<h1>µVision Build Log</h1>
<h2>Tool Versions:</h2>
IDE-Version: µVision V5.34.0.0
Copyright (C) 2021 ARM Ltd and ARM Germany GmbH. All rights reserved.
License Information: fsf zzg373692503@hotmail.com, fsf, LIC=JDA12-98P1T-06JQU-SD717-IHFER-TU8XL
 
Tool Versions:
Toolchain:       MDK-ARM Professional  Version: 5.34.0.0
Toolchain Path:  D:\MDK\ARM\ARMCC\Bin
C Compiler:      Armcc.exe V5.06 update 7 (build 960)
Assembler:       Armasm.exe V5.06 update 7 (build 960)
Linker/Locator:  ArmLink.exe V5.06 update 7 (build 960)
Library Manager: ArmAr.exe V5.06 update 7 (build 960)
Hex Converter:   FromElf.exe V5.06 update 7 (build 960)
CPU DLL:         SARMCM3.DLL V5.34.0.0
Dialog DLL:      DARMSTM.DLL V1.68.0.0
Target DLL:      STLink\ST-LINKIII-KEIL_SWO.dll V3.0.8.0
Dialog DLL:      TARMSTM.DLL V1.66.0.0
 
<h2>Project:</h2>
C:\Users\HELLO_WORLD\Desktop\STM32F103C8T6Model-UCOSIII\PRJ\STM32F103C8T6.uvprojx
Project File Date:  01/05/2022

<h2>Output:</h2>
  
Warning: *** SUPPORT EXPIRED, NEW PRODUCT SERIAL NUMBER REQUIRED ***
         *** Running with Code Size Limit: 32K                   ***
*** Using Compiler 'V5.06 update 7 (build 960)', folder: 'D:\MDK\ARM\ARMCC\Bin'
Build target 'STM32F103C8'
compiling app.c...
..\SRC\DRIVER\INC\DHT11.h(19): warning:  #1-D: last line of file ends without a newline
  #endif
..\SRC\USER\app.h(73): warning:  #1295-D: Deprecated declaration DISPLAY_CHAR_init - give arg types
  void DISPLAY_CHAR_init();
..\SRC\USER\app.c(65): warning:  #181-D: argument is incompatible with corresponding format string conversion
  		printf("hum = %.2f,temp = %d\r\n",tempCmd.hum,tempCmd.hum);
..\SRC\USER\app.c: 3 warnings, 0 errors
linking...
Program Size: Code=33048 RO-data=1040 RW-data=304 ZI-data=11608  
FromELF: creating hex file...
"..\OBJ\STM32F103C8T6.axf" - 0 Error(s), 4 Warning(s).

<h2>Software Packages used:</h2>

Package Vendor: Keil
                http://www.keil.com/pack/Keil.STM32F1xx_DFP.2.3.0.pack
                Keil.STM32F1xx_DFP.2.3.0
                STMicroelectronics STM32F1 Series Device Support, Drivers and Examples

<h2>Collection of Component include folders:</h2>
  C:\Users\HELLO_WORLD\AppData\Local\Arm\Packs\Keil\STM32F1xx_DFP\2.3.0\Device\Include

<h2>Collection of Component Files used:</h2>
Build Time Elapsed:  00:00:02
</pre>
</body>
</html>
