Component: ARM Compiler 5.06 update 7 (build 960) Tool: armlink [4d3601]

==============================================================================

Section Cross References

    system_stm32f10x.o(i.SetSysClock) refers to system_stm32f10x.o(i.SetSysClockTo72) for SetSysClockTo72
    system_stm32f10x.o(i.SystemCoreClockUpdate) refers to system_stm32f10x.o(.data) for SystemCoreClock
    system_stm32f10x.o(i.SystemInit) refers to system_stm32f10x.o(i.SetSysClock) for SetSysClock
    startup_stm32f10x_hd.o(STACK) refers (Special) to heapauxi.o(.text) for __use_two_region_memory
    startup_stm32f10x_hd.o(HEAP) refers (Special) to heapauxi.o(.text) for __use_two_region_memory
    startup_stm32f10x_hd.o(RESET) refers (Special) to heapauxi.o(.text) for __use_two_region_memory
    startup_stm32f10x_hd.o(RESET) refers to startup_stm32f10x_hd.o(STACK) for __initial_sp
    startup_stm32f10x_hd.o(RESET) refers to startup_stm32f10x_hd.o(.text) for Reset_Handler
    startup_stm32f10x_hd.o(RESET) refers to stm32f10x_it.o(i.NMI_Handler) for NMI_Handler
    startup_stm32f10x_hd.o(RESET) refers to stm32f10x_it.o(i.HardFault_Handler) for HardFault_Handler
    startup_stm32f10x_hd.o(RESET) refers to stm32f10x_it.o(i.MemManage_Handler) for MemManage_Handler
    startup_stm32f10x_hd.o(RESET) refers to stm32f10x_it.o(i.BusFault_Handler) for BusFault_Handler
    startup_stm32f10x_hd.o(RESET) refers to stm32f10x_it.o(i.UsageFault_Handler) for UsageFault_Handler
    startup_stm32f10x_hd.o(RESET) refers to stm32f10x_it.o(i.SVC_Handler) for SVC_Handler
    startup_stm32f10x_hd.o(RESET) refers to stm32f10x_it.o(i.DebugMon_Handler) for DebugMon_Handler
    startup_stm32f10x_hd.o(RESET) refers to os_cpu_a.o(CODE) for PendSV_Handler
    startup_stm32f10x_hd.o(RESET) refers to delay.o(i.SysTick_Handler) for SysTick_Handler
    startup_stm32f10x_hd.o(RESET) refers to stm32f10x_it.o(i.RTC_IRQHandler) for RTC_IRQHandler
    startup_stm32f10x_hd.o(RESET) refers to exti.o(i.EXTI3_IRQHandler) for EXTI3_IRQHandler
    startup_stm32f10x_hd.o(RESET) refers to exti.o(i.EXTI4_IRQHandler) for EXTI4_IRQHandler
    startup_stm32f10x_hd.o(RESET) refers to exti.o(i.EXTI9_5_IRQHandler) for EXTI9_5_IRQHandler
    startup_stm32f10x_hd.o(RESET) refers to stm32f10x_it.o(i.USART1_IRQHandler) for USART1_IRQHandler
    startup_stm32f10x_hd.o(RESET) refers to stm32f10x_it.o(i.TIM5_IRQHandler) for TIM5_IRQHandler
    startup_stm32f10x_hd.o(.text) refers (Special) to heapauxi.o(.text) for __use_two_region_memory
    startup_stm32f10x_hd.o(.text) refers to system_stm32f10x.o(i.SystemInit) for SystemInit
    startup_stm32f10x_hd.o(.text) refers to __main.o(!!!main) for __main
    startup_stm32f10x_hd.o(.text) refers to startup_stm32f10x_hd.o(HEAP) for Heap_Mem
    startup_stm32f10x_hd.o(.text) refers to startup_stm32f10x_hd.o(STACK) for Stack_Mem
    main.o(i.main) refers to system_stm32f10x.o(i.SystemInit) for SystemInit
    main.o(i.main) refers to delay.o(i.delay_init) for delay_init
    main.o(i.main) refers to led.o(i.LED_Init) for LED_Init
    main.o(i.main) refers to usart.o(i.Usart_Init) for Usart_Init
    main.o(i.main) refers to misc.o(i.NVIC_PriorityGroupConfig) for NVIC_PriorityGroupConfig
    main.o(i.main) refers to exti.o(i.EXTIX_Init) for EXTIX_Init
    main.o(i.main) refers to key.o(i.KEY_Init) for KEY_Init
    main.o(i.main) refers to lcd1602.o(i.gpio_config) for gpio_config
    main.o(i.main) refers to lcd1602.o(i.lcd_init) for lcd_init
    main.o(i.main) refers to app.o(i.DISPLAY_CHAR_init) for DISPLAY_CHAR_init
    main.o(i.main) refers to os_core.o(i.OSInit) for OSInit
    main.o(i.main) refers to cpu_a.o(.text) for CPU_SR_Save
    main.o(i.main) refers to os_task.o(i.OSTaskCreate) for OSTaskCreate
    main.o(i.main) refers to os_core.o(i.OS_Sched0) for OS_Sched0
    main.o(i.main) refers to os_core.o(i.OSStart) for OSStart
    main.o(i.main) refers to os_task.o(i.OSTaskDel) for OSTaskDel
    main.o(i.main) refers to noretval__2printf.o(.text) for __2printf
    main.o(i.main) refers to os_var.o(.data) for OSSchedLockNestingCtr
    main.o(i.main) refers to app.o(.bss) for START_TASK_STK
    main.o(i.main) refers to app.o(i.start_task) for start_task
    stm32f10x_it.o(i.RTC_IRQHandler) refers to stm32f10x_rtc.o(i.RTC_GetITStatus) for RTC_GetITStatus
    stm32f10x_it.o(i.RTC_IRQHandler) refers to stm32f10x_rtc.o(i.RTC_ClearITPendingBit) for RTC_ClearITPendingBit
    stm32f10x_it.o(i.TIM5_IRQHandler) refers to stm32f10x_tim.o(i.TIM_GetITStatus) for TIM_GetITStatus
    stm32f10x_it.o(i.TIM5_IRQHandler) refers to stm32f10x_tim.o(i.TIM_GetCapture1) for TIM_GetCapture1
    stm32f10x_it.o(i.TIM5_IRQHandler) refers to stm32f10x_tim.o(i.TIM_OC1PolarityConfig) for TIM_OC1PolarityConfig
    stm32f10x_it.o(i.TIM5_IRQHandler) refers to stm32f10x_tim.o(i.TIM_SetCounter) for TIM_SetCounter
    stm32f10x_it.o(i.TIM5_IRQHandler) refers to stm32f10x_tim.o(i.TIM_ClearITPendingBit) for TIM_ClearITPendingBit
[...]
    USART2_IRQHandler                        0x08000247   Thumb Code     0  startup_stm32f10x_hd.o(.text)
    USART3_IRQHandler                        0x08000247   Thumb Code     0  startup_stm32f10x_hd.o(.text)
    USBWakeUp_IRQHandler                     0x08000247   Thumb Code     0  startup_stm32f10x_hd.o(.text)
    USB_HP_CAN1_TX_IRQHandler                0x08000247   Thumb Code     0  startup_stm32f10x_hd.o(.text)
    USB_LP_CAN1_RX0_IRQHandler               0x08000247   Thumb Code     0  startup_stm32f10x_hd.o(.text)
    WWDG_IRQHandler                          0x08000247   Thumb Code     0  startup_stm32f10x_hd.o(.text)
    __user_initial_stackheap                 0x08000249   Thumb Code     0  startup_stm32f10x_hd.o(.text)
    CPU_IntDis                               0x0800026d   Thumb Code     0  cpu_a.o(.text)
    CPU_IntEn                                0x08000271   Thumb Code     0  cpu_a.o(.text)
    CPU_SR_Save                              0x08000275   Thumb Code     0  cpu_a.o(.text)
    CPU_SR_Restore                           0x0800027d   Thumb Code     0  cpu_a.o(.text)
    CPU_WaitForInt                           0x08000283   Thumb Code     0  cpu_a.o(.text)
    CPU_WaitForExcept                        0x08000287   Thumb Code     0  cpu_a.o(.text)
    CPU_CntLeadZeros                         0x0800028b   Thumb Code     0  cpu_a.o(.text)
    CPU_CntTrailZeros                        0x08000291   Thumb Code     0  cpu_a.o(.text)
    CPU_RevBits                              0x0800029b   Thumb Code     0  cpu_a.o(.text)
    __use_no_semihosting                     0x080002a1   Thumb Code     2  use_no_semi_2.o(.text)
    __2printf                                0x080002a5   Thumb Code    20  noretval__2printf.o(.text)
    _printf_int_dec                          0x080002bd   Thumb Code   104  _printf_dec.o(.text)
    __printf                                 0x08000335   Thumb Code   270  __printf_wp.o(.text)
    __use_two_region_memory                  0x08000443   Thumb Code     2  heapauxi.o(.text)
    __rt_heap_escrow$2region                 0x08000445   Thumb Code     2  heapauxi.o(.text)
    __rt_heap_expand$2region                 0x08000447   Thumb Code     2  heapauxi.o(.text)
    __I$use$semihosting                      0x08000449   Thumb Code     0  use_no_semi.o(.text)
    __use_no_semihosting_swi                 0x08000449   Thumb Code     2  use_no_semi.o(.text)
    _printf_int_common                       0x0800044b   Thumb Code   178  _printf_intcommon.o(.text)
    __lib_sel_fp_printf                      0x080004fd   Thumb Code     2  _printf_fp_dec.o(.text)
    _printf_fp_dec_real                      0x080006af   Thumb Code   620  _printf_fp_dec.o(.text)
    _printf_char_file                        0x0800091d   Thumb Code    32  _printf_char_file.o(.text)
    __rt_locale                              0x08000941   Thumb Code     8  rt_locale_intlibspace.o(.text)
    _ll_udiv10                               0x08000949   Thumb Code   138  lludiv10.o(.text)
    _printf_char_common                      0x080009df   Thumb Code    32  _printf_char_common.o(.text)
    _printf_fp_infnan                        0x08000a05   Thumb Code   112  _printf_fp_infnan.o(.text)
    _btod_etento                             0x08000a85   Thumb Code   224  bigflt0.o(.text)
    ferror                                   0x08000b69   Thumb Code     8  ferror.o(.text)
    __user_libspace                          0x08000b71   Thumb Code     8  libspace.o(.text)
    __user_perproc_libspace                  0x08000b71   Thumb Code     0  libspace.o(.text)
    __user_perthread_libspace                0x08000b71   Thumb Code     0  libspace.o(.text)
    __user_setup_stackheap                   0x08000b79   Thumb Code    74  sys_stackheap_outer.o(.text)
    exit                                     0x08000bc3   Thumb Code    18  exit.o(.text)
    strcmp                                   0x08000bd5   Thumb Code   128  strcmpv7m.o(.text)
    _btod_d2e                                0x08000c55   Thumb Code    62  btod.o(CL$$btod_d2e)
    _d2e_denorm_low                          0x08000c93   Thumb Code    70  btod.o(CL$$btod_d2e_denorm_low)
    _d2e_norm_op1                            0x08000cd9   Thumb Code    96  btod.o(CL$$btod_d2e_norm_op1)
    __btod_div_common                        0x08000d39   Thumb Code   696  btod.o(CL$$btod_div_common)
    _e2e                                     0x08001071   Thumb Code   220  btod.o(CL$$btod_e2e)
    _btod_ediv                               0x0800114d   Thumb Code    42  btod.o(CL$$btod_ediv)
    _btod_emul                               0x08001177   Thumb Code    42  btod.o(CL$$btod_emul)
    __btod_mult_common                       0x080011a1   Thumb Code   580  btod.o(CL$$btod_mult_common)
    OSStartHighRdy                           0x080013e5   Thumb Code     0  os_cpu_a.o(CODE)
    PendSV_Handler                           0x0800141b   Thumb Code     0  os_cpu_a.o(CODE)
    BSP_CPU_ClkFreq                          0x0800147d   Thumb Code    16  bsp.o(i.BSP_CPU_ClkFreq)
    BusFault_Handler                         0x0800148d   Thumb Code     4  stm32f10x_it.o(i.BusFault_Handler)
    CPU_Init                                 0x08001491   Thumb Code    12  cpu_core.o(i.CPU_Init)
    CPU_NameClr                              0x0800149d   Thumb Code    42  cpu_core.o(i.CPU_NameClr)
    CPU_TS_TmrFreqSet                        0x080014e9   Thumb Code     6  cpu_core.o(i.CPU_TS_TmrFreqSet)
    CPU_TS_TmrInit                           0x080014f5   Thumb Code    44  bsp.o(i.CPU_TS_TmrInit)
    CPU_TS_TmrRd                             0x08001529   Thumb Code     6  bsp.o(i.CPU_TS_TmrRd)
    DHT11_task                               0x08001535   Thumb Code    54  app.o(i.DHT11_task)
    DISPLAY_CHAR_init                        0x08001571   Thumb Code    54  app.o(i.DISPLAY_CHAR_init)
    DISPLAY_SCOPE_task                       0x080015bd   Thumb Code   264  app.o(i.DISPLAY_SCOPE_task)
    DS18B20_Check                            0x080016d5   Thumb Code    92  ds18b20.o(i.DS18B20_Check)
    DS18B20_Get_Temp                         0x08001739   Thumb Code   136  ds18b20.o(i.DS18B20_Get_Temp)
    DS18B20_Init                             0x080017c5   Thumb Code    58  ds18b20.o(i.DS18B20_Init)
    DS18B20_Read_Bit                         0x08001805   Thumb Code    96  ds18b20.o(i.DS18B20_Read_Bit)
    DS18B20_Read_Byte                        0x08001871   Thumb Code    34  ds18b20.o(i.DS18B20_Read_Byte)
    DS18B20_Rst                              0x08001895   Thumb Code    54  ds18b20.o(i.DS18B20_Rst)
    DS18B20_Start                            0x080018d9   Thumb Code    24  ds18b20.o(i.DS18B20_Start)
    DS18B20_Write_Byte                       0x080018f1   Thumb Code   100  ds18b20.o(i.DS18B20_Write_Byte)
    DS18B20_task                             0x08001961   Thumb Code   230  app.o(i.DS18B20_task)
    DebugMon_Handler                         0x08001a81   Thumb Code     2  stm32f10x_it.o(i.DebugMon_Handler)
    Delay_us                                 0x08001a83   Thumb Code    26  ds18b20.o(i.Delay_us)
    EXTI3_IRQHandler                         0x08001a9d   Thumb Code    58  exti.o(i.EXTI3_IRQHandler)
    EXTI4_IRQHandler                         0x08001aed   Thumb Code    74  exti.o(i.EXTI4_IRQHandler)
    EXTI9_5_IRQHandler                       0x08001b45   Thumb Code   158  exti.o(i.EXTI9_5_IRQHandler)
    EXTIX_Init                               0x08001bf5   Thumb Code   282  exti.o(i.EXTIX_Init)
    EXTI_ClearITPendingBit                   0x08001d11   Thumb Code     6  stm32f10x_exti.o(i.EXTI_ClearITPendingBit)
    EXTI_Init                                0x08001d1d   Thumb Code   142  stm32f10x_exti.o(i.EXTI_Init)
    GPIO_EXTILineConfig                      0x08001db1   Thumb Code    60  stm32f10x_gpio.o(i.GPIO_EXTILineConfig)
    GPIO_Init                                0x08001df1   Thumb Code   278  stm32f10x_gpio.o(i.GPIO_Init)
    GPIO_PinRemapConfig                      0x08001f09   Thumb Code   138  stm32f10x_gpio.o(i.GPIO_PinRemapConfig)
    GPIO_ReadInputDataBit                    0x08001f99   Thumb Code    18  stm32f10x_gpio.o(i.GPIO_ReadInputDataBit)
    GPIO_ResetBits                           0x08001fab   Thumb Code     4  stm32f10x_gpio.o(i.GPIO_ResetBits)
    GPIO_SetBits                             0x08001faf   Thumb Code     4  stm32f10x_gpio.o(i.GPIO_SetBits)
    HardFault_Handler                        0x08001fb3   Thumb Code     4  stm32f10x_it.o(i.HardFault_Handler)
    KEY_Init                                 0x08001fb9   Thumb Code   120  key.o(i.KEY_Init)
    LCD_Disp                                 0x08002039   Thumb Code   166  app.o(i.LCD_Disp)
    LED_Init                                 0x080020e9   Thumb Code    76  led.o(i.LED_Init)
    MemManage_Handler                        0x08002139   Thumb Code     4  stm32f10x_it.o(i.MemManage_Handler)
    Mem_Clr                                  0x0800213d   Thumb Code    18  lib_mem.o(i.Mem_Clr)
    Mem_Set                                  0x0800214f   Thumb Code    84  lib_mem.o(i.Mem_Set)
    NMI_Handler                              0x080021a3   Thumb Code     2  stm32f10x_it.o(i.NMI_Handler)
    NVIC_Init                                0x080021a5   Thumb Code   100  misc.o(i.NVIC_Init)
    NVIC_PriorityGroupConfig                 0x08002215   Thumb Code    10  misc.o(i.NVIC_PriorityGroupConfig)
    OSCfg_Init                               0x08002229   Thumb Code    86  os_cfg_app.o(i.OSCfg_Init)
    OSIdleTaskHook                           0x08002325   Thumb Code    16  os_cpu_c.o(i.OSIdleTaskHook)
    OSInit                                   0x08002339   Thumb Code   300  os_core.o(i.OSInit)
    OSInitHook                               0x080024c5   Thumb Code    42  os_cpu_c.o(i.OSInitHook)
    OSIntEnter                               0x080024fd   Thumb Code    34  os_core.o(i.OSIntEnter)
    OSIntExit                                0x08002529   Thumb Code   192  os_core.o(i.OSIntExit)
    OSQCreate                                0x0800260d   Thumb Code   186  os_q.o(i.OSQCreate)
    OSQPend                                  0x080026d9   Thumb Code   502  os_q.o(i.OSQPend)
    OSQPost                                  0x080028e1   Thumb Code   176  os_q.o(i.OSQPost)
    OSSched                                  0x08002999   Thumb Code   134  os_core.o(i.OSSched)
    OSSchedLock                              0x08002a41   Thumb Code   104  os_core.o(i.OSSchedLock)
    OSSchedRoundRobinCfg                     0x08002ab5   Thumb Code    88  os_core.o(i.OSSchedRoundRobinCfg)
    OSSchedUnlock                            0x08002b19   Thumb Code   136  os_core.o(i.OSSchedUnlock)
    OSStart                                  0x08002bad   Thumb Code    78  os_core.o(i.OSStart)
    OSStatReset                              0x08002c15   Thumb Code   270  os_stat.o(i.OSStatReset)
    OSStatTaskCPUUsageInit                   0x08002d4d   Thumb Code   212  os_stat.o(i.OSStatTaskCPUUsageInit)
    OSStatTaskHook                           0x08002e3d   Thumb Code    16  os_cpu_c.o(i.OSStatTaskHook)
    OSTaskCreate                             0x08002e51   Thumb Code   566  os_task.o(i.OSTaskCreate)
    OSTaskCreateHook                         0x080030ad   Thumb Code    20  os_cpu_c.o(i.OSTaskCreateHook)
    OSTaskDel                                0x080030c5   Thumb Code   424  os_task.o(i.OSTaskDel)
    OSTaskDelHook                            0x08003289   Thumb Code    20  os_cpu_c.o(i.OSTaskDelHook)
    OSTaskResume                             0x080032a1   Thumb Code   112  os_task.o(i.OSTaskResume)
    OSTaskReturnHook                         0x0800331d   Thumb Code    20  os_cpu_c.o(i.OSTaskReturnHook)
    OSTaskSemPend                            0x08003335   Thumb Code   520  os_task.o(i.OSTaskSemPend)
    OSTaskStkChk                             0x08003549   Thumb Code   204  os_task.o(i.OSTaskStkChk)
    OSTaskStkInit                            0x0800361d   Thumb Code   188  os_cpu_c.o(i.OSTaskStkInit)
    OSTaskSuspend                            0x080036dd   Thumb Code    78  os_task.o(i.OSTaskSuspend)
    OSTaskSwHook                             0x0800373d   Thumb Code   120  os_cpu_c.o(i.OSTaskSwHook)
    OSTimeDly                                0x080037c5   Thumb Code   266  os_time.o(i.OSTimeDly)
    OSTimeDlyHMSM                            0x080038dd   Thumb Code   480  os_time.o(i.OSTimeDlyHMSM)
    OSTimeTick                               0x08003acd   Thumb Code    54  os_time.o(i.OSTimeTick)
    OSTimeTickHook                           0x08003b11   Thumb Code    16  os_cpu_c.o(i.OSTimeTickHook)
    OSTmrCreate                              0x08003b25   Thumb Code   248  os_tmr.o(i.OSTmrCreate)
    OSTmrStart                               0x08003c2d   Thumb Code   164  os_tmr.o(i.OSTmrStart)
    OS_Dbg_Init                              0x08003cd9   Thumb Code   146  os_dbg.o(i.OS_Dbg_Init)
    OS_FlagInit                              0x08003e89   Thumb Code    14  os_flag.o(i.OS_FlagInit)
    OS_FlagPost                              0x08003ea1   Thumb Code   552  os_flag.o(i.OS_FlagPost)
    OS_FlagTaskRdy                           0x080040d1   Thumb Code    86  os_flag.o(i.OS_FlagTaskRdy)
    OS_IdleTask                              0x08004129   Thumb Code    60  os_core.o(i.OS_IdleTask)
    OS_IdleTaskInit                          0x0800416d   Thumb Code    66  os_core.o(i.OS_IdleTaskInit)
    OS_IntQPost                              0x080041dd   Thumb Code   216  os_int.o(i.OS_IntQPost)
    OS_IntQRePost                            0x080042d9   Thumb Code   360  os_int.o(i.OS_IntQRePost)
    OS_IntQTask                              0x0800447d   Thumb Code   162  os_int.o(i.OS_IntQTask)
    OS_IntQTaskInit                          0x08004531   Thumb Code   206  os_int.o(i.OS_IntQTaskInit)
    OS_MemInit                               0x08004659   Thumb Code    14  os_mem.o(i.OS_MemInit)
    OS_MsgPoolCreate                         0x08004671   Thumb Code    54  os_msg.o(i.OS_MsgPoolCreate)
    OS_MsgPoolInit                           0x080046a9   Thumb Code    70  os_msg.o(i.OS_MsgPoolInit)
    OS_MsgQFreeAll                           0x080046fd   Thumb Code    62  os_msg.o(i.OS_MsgQFreeAll)
    OS_MsgQGet                               0x08004741   Thumb Code    98  os_msg.o(i.OS_MsgQGet)
    OS_MsgQInit                              0x080047a9   Thumb Code    14  os_msg.o(i.OS_MsgQInit)
    OS_MsgQPut                               0x080047b9   Thumb Code   246  os_msg.o(i.OS_MsgQPut)
    OS_MutexInit                             0x080048b5   Thumb Code    14  os_mutex.o(i.OS_MutexInit)
    OS_Pend                                  0x080048cd   Thumb Code    98  os_core.o(i.OS_Pend)
    OS_PendDataInit                          0x08004935   Thumb Code    38  os_core.o(i.OS_PendDataInit)
    OS_PendDbgNameAdd                        0x0800495d   Thumb Code    66  os_core.o(i.OS_PendDbgNameAdd)
    OS_PendDbgNameRemove                     0x080049b9   Thumb Code    30  os_core.o(i.OS_PendDbgNameRemove)
    OS_PendListInit                          0x080049dd   Thumb Code    10  os_core.o(i.OS_PendListInit)
    OS_PendListInsertPrio                    0x080049e7   Thumb Code   102  os_core.o(i.OS_PendListInsertPrio)
    OS_PendListRemove                        0x08004a4d   Thumb Code    48  os_core.o(i.OS_PendListRemove)
    OS_PendListRemove1                       0x08004a7d   Thumb Code    66  os_core.o(i.OS_PendListRemove1)
    OS_Post                                  0x08004abf   Thumb Code   192  os_core.o(i.OS_Post)
    OS_Post1                                 0x08004b7f   Thumb Code    42  os_core.o(i.OS_Post1)
    OS_PrioGetHighest                        0x08004ba9   Thumb Code    36  os_prio.o(i.OS_PrioGetHighest)
    OS_PrioInit                              0x08004bd1   Thumb Code    20  os_prio.o(i.OS_PrioInit)
    OS_PrioInsert                            0x08004be9   Thumb Code    32  os_prio.o(i.OS_PrioInsert)
    OS_PrioRemove                            0x08004c0d   Thumb Code    32  os_prio.o(i.OS_PrioRemove)
    OS_QDbgListAdd                           0x08004c31   Thumb Code    38  os_q.o(i.OS_QDbgListAdd)
    OS_QInit                                 0x08004c61   Thumb Code    14  os_q.o(i.OS_QInit)
    OS_QPost                                 0x08004c79   Thumb Code   324  os_q.o(i.OS_QPost)
    OS_RdyListInit                           0x08004dc5   Thumb Code    32  os_core.o(i.OS_RdyListInit)
    OS_RdyListInsert                         0x08004de9   Thumb Code    40  os_core.o(i.OS_RdyListInsert)
    OS_RdyListInsertHead                     0x08004e15   Thumb Code    58  os_core.o(i.OS_RdyListInsertHead)
    OS_RdyListInsertTail                     0x08004e55   Thumb Code    56  os_core.o(i.OS_RdyListInsertTail)
    OS_RdyListMoveHeadToTail                 0x08004e91   Thumb Code    68  os_core.o(i.OS_RdyListMoveHeadToTail)
    OS_RdyListRemove                         0x08004ed5   Thumb Code    86  os_core.o(i.OS_RdyListRemove)
    OS_Sched0                                0x08004f31   Thumb Code    72  os_core.o(i.OS_Sched0)
    OS_SchedLockTimeMeasStart                0x08004f8d   Thumb Code    20  os_core.o(i.OS_SchedLockTimeMeasStart)
    OS_SchedLockTimeMeasStop                 0x08004fa9   Thumb Code    44  os_core.o(i.OS_SchedLockTimeMeasStop)
    OS_SchedRoundRobin                       0x08004fe5   Thumb Code   190  os_core.o(i.OS_SchedRoundRobin)
    OS_SemInit                               0x080050b5   Thumb Code    14  os_sem.o(i.OS_SemInit)
    OS_SemPost                               0x080050cd   Thumb Code   350  os_sem.o(i.OS_SemPost)
    OS_StatTask                              0x08005231   Thumb Code   790  os_stat.o(i.OS_StatTask)
    OS_StatTaskInit                          0x0800558d   Thumb Code   136  os_stat.o(i.OS_StatTaskInit)
    OS_TaskBlock                             0x08005659   Thumb Code    56  os_core.o(i.OS_TaskBlock)
    OS_TaskDbgListAdd                        0x08005691   Thumb Code    42  os_task.o(i.OS_TaskDbgListAdd)
    OS_TaskDbgListRemove                     0x080056c1   Thumb Code    64  os_task.o(i.OS_TaskDbgListRemove)
    OS_TaskInit                              0x08005705   Thumb Code    18  os_task.o(i.OS_TaskInit)
    OS_TaskInitTCB                           0x08005725   Thumb Code   186  os_task.o(i.OS_TaskInitTCB)
    OS_TaskQPost                             0x080057ed   Thumb Code   510  os_task.o(i.OS_TaskQPost)
    OS_TaskRdy                               0x080059f9   Thumb Code    28  os_core.o(i.OS_TaskRdy)
    OS_TaskResume                            0x08005a15   Thumb Code   314  os_task.o(i.OS_TaskResume)
    OS_TaskReturn                            0x08005b55   Thumb Code    20  os_task.o(i.OS_TaskReturn)
    OS_TaskSemPost                           0x08005b6d   Thumb Code  1210  os_task.o(i.OS_TaskSemPost)
    OS_TaskSuspend                           0x08006031   Thumb Code   328  os_task.o(i.OS_TaskSuspend)
    OS_TickListInit                          0x08006181   Thumb Code    32  os_tick.o(i.OS_TickListInit)
    OS_TickListInsert                        0x080061a9   Thumb Code   430  os_tick.o(i.OS_TickListInsert)
    OS_TickListRemove                        0x08006365   Thumb Code    56  os_tick.o(i.OS_TickListRemove)
    OS_TickListResetPeak                     0x0800639d   Thumb Code    28  os_tick.o(i.OS_TickListResetPeak)
    OS_TickListUpdate                        0x080063c1   Thumb Code   480  os_tick.o(i.OS_TickListUpdate)
    OS_TickTask                              0x080065b9   Thumb Code    38  os_tick.o(i.OS_TickTask)
    OS_TickTaskInit                          0x080065e5   Thumb Code   128  os_tick.o(i.OS_TickTaskInit)
    OS_TmrDbgListAdd                         0x0800669d   Thumb Code    34  os_tmr.o(i.OS_TmrDbgListAdd)
    OS_TmrInit                               0x080066c5   Thumb Code   206  os_tmr.o(i.OS_TmrInit)
    OS_TmrLink                               0x080067ed   Thumb Code   196  os_tmr.o(i.OS_TmrLink)
    OS_TmrResetPeak                          0x080068bd   Thumb Code    28  os_tmr.o(i.OS_TmrResetPeak)
    OS_TmrTask                               0x080068e1   Thumb Code   176  os_tmr.o(i.OS_TmrTask)
    OS_TmrUnlink                             0x080069a1   Thumb Code    72  os_tmr.o(i.OS_TmrUnlink)
    RCC_APB2PeriphClockCmd                   0x080069f1   Thumb Code    26  stm32f10x_rcc.o(i.RCC_APB2PeriphClockCmd)
    RCC_GetClocksFreq                        0x08006a11   Thumb Code   192  stm32f10x_rcc.o(i.RCC_GetClocksFreq)
    RTC_ClearITPendingBit                    0x08006ae5   Thumb Code    12  stm32f10x_rtc.o(i.RTC_ClearITPendingBit)
    RTC_GetITStatus                          0x08006af5   Thumb Code    32  stm32f10x_rtc.o(i.RTC_GetITStatus)
    RTC_IRQHandler                           0x08006b19   Thumb Code    18  stm32f10x_it.o(i.RTC_IRQHandler)
    SVC_Handler                              0x08006b2b   Thumb Code     2  stm32f10x_it.o(i.SVC_Handler)
    SysTick_CLKSourceConfig                  0x08006c15   Thumb Code    40  misc.o(i.SysTick_CLKSourceConfig)
    SysTick_Handler                          0x08006c3d   Thumb Code    24  delay.o(i.SysTick_Handler)
    SystemInit                               0x08006c59   Thumb Code    78  system_stm32f10x.o(i.SystemInit)
    TIM5_IRQHandler                          0x08006cb9   Thumb Code   178  stm32f10x_it.o(i.TIM5_IRQHandler)
    TIM_ClearITPendingBit                    0x08006d79   Thumb Code     6  stm32f10x_tim.o(i.TIM_ClearITPendingBit)
    TIM_GetCapture1                          0x08006d7f   Thumb Code     6  stm32f10x_tim.o(i.TIM_GetCapture1)
    TIM_GetITStatus                          0x08006d85   Thumb Code    34  stm32f10x_tim.o(i.TIM_GetITStatus)
    TIM_OC1PolarityConfig                    0x08006da7   Thumb Code    18  stm32f10x_tim.o(i.TIM_OC1PolarityConfig)
    TIM_SetCounter                           0x08006db9   Thumb Code     4  stm32f10x_tim.o(i.TIM_SetCounter)
    USART1_IRQHandler                        0x08006dbd   Thumb Code    56  stm32f10x_it.o(i.USART1_IRQHandler)
    USART_ClearITPendingBit                  0x08006df9   Thumb Code    30  stm32f10x_usart.o(i.USART_ClearITPendingBit)
    USART_Cmd                                0x08006e17   Thumb Code    24  stm32f10x_usart.o(i.USART_Cmd)
    USART_GetFlagStatus                      0x08006e2f   Thumb Code    26  stm32f10x_usart.o(i.USART_GetFlagStatus)
    USART_GetITStatus                        0x08006e49   Thumb Code    84  stm32f10x_usart.o(i.USART_GetITStatus)
    USART_ITConfig                           0x08006e9d   Thumb Code    74  stm32f10x_usart.o(i.USART_ITConfig)
    USART_Init                               0x08006ee9   Thumb Code   210  stm32f10x_usart.o(i.USART_Init)
    USART_ReceiveData                        0x08006fc1   Thumb Code    10  stm32f10x_usart.o(i.USART_ReceiveData)
    USART_SendData                           0x08006fcb   Thumb Code     8  stm32f10x_usart.o(i.USART_SendData)
    UsageFault_Handler                       0x08006fd3   Thumb Code     4  stm32f10x_it.o(i.UsageFault_Handler)
    Usart_Init                               0x08006fd9   Thumb Code   164  usart.o(i.Usart_Init)
    __ARM_fpclassify                         0x08007085   Thumb Code    40  fpclassify.o(i.__ARM_fpclassify)
    _is_digit                                0x080070ad   Thumb Code    14  __printf_wp.o(i._is_digit)
    _sys_exit                                0x080070bb   Thumb Code     4  usart.o(i._sys_exit)
    delay_init                               0x080070c1   Thumb Code    92  delay.o(i.delay_init)
    delay_ms                                 0x08007131   Thumb Code    66  delay.o(i.delay_ms)
    delay_osschedlock                        0x08007181   Thumb Code    10  delay.o(i.delay_osschedlock)
    delay_osschedunlock                      0x0800718b   Thumb Code    10  delay.o(i.delay_osschedunlock)
    delay_ostimedly                          0x08007195   Thumb Code    16  delay.o(i.delay_ostimedly)
    delay_us                                 0x080071a5   Thumb Code    86  delay.o(i.delay_us)
    dht11_gpio_input                         0x08007201   Thumb Code    40  dht11.o(i.dht11_gpio_input)
    dht11_gpio_output                        0x0800722d   Thumb Code    40  dht11.o(i.dht11_gpio_output)
    dht11_read_bit                           0x08007259   Thumb Code    62  dht11.o(i.dht11_read_bit)
    dht11_read_byte                          0x0800729d   Thumb Code    34  dht11.o(i.dht11_read_byte)
    dht11_read_data                          0x080072c1   Thumb Code   108  dht11.o(i.dht11_read_data)
    dht11_reset                              0x08007331   Thumb Code    46  dht11.o(i.dht11_reset)
    dht11_scan                               0x08007365   Thumb Code    14  dht11.o(i.dht11_scan)
    fputc                                    0x08007379   Thumb Code    24  usart.o(i.fputc)
    gpio_config                              0x08007395   Thumb Code    54  lcd1602.o(i.gpio_config)
    lcd_init                                 0x080073d5   Thumb Code   106  lcd1602.o(i.lcd_init)
    lcd_write_ascii                          0x08007441   Thumb Code   106  lcd1602.o(i.lcd_write_ascii)
    lcd_write_char                           0x080074b5   Thumb Code    48  lcd1602.o(i.lcd_write_char)
    lcd_write_com                            0x080074e5   Thumb Code   106  lcd1602.o(i.lcd_write_com)
    lcd_write_string                         0x08007559   Thumb Code    58  lcd1602.o(i.lcd_write_string)
    main                                     0x08007595   Thumb Code   266  main.o(i.main)
    start_task                               0x080076d5   Thumb Code   352  app.o(i.start_task)
    tmr1_callback_led                        0x080078a1   Thumb Code    10  app.o(i.tmr1_callback_led)
    _get_lc_numeric                          0x080078b1   Thumb Code    44  lc_numeric_c.o(locale$$code)
    __aeabi_dadd                             0x080078dd   Thumb Code     0  daddsub_clz.o(x$fpl$dadd)
    _dadd                                    0x080078dd   Thumb Code   332  daddsub_clz.o(x$fpl$dadd)
    __aeabi_ddiv                             0x08007a2d   Thumb Code     0  ddiv.o(x$fpl$ddiv)
    _ddiv                                    0x08007a2d   Thumb Code   552  ddiv.o(x$fpl$ddiv)
    __aeabi_d2iz                             0x08007cdd   Thumb Code     0  dfix.o(x$fpl$dfix)
    _dfix                                    0x08007cdd   Thumb Code    94  dfix.o(x$fpl$dfix)
    __aeabi_ui2d                             0x08007d3b   Thumb Code     0  dflt_clz.o(x$fpl$dfltu)
    _dfltu                                   0x08007d3b   Thumb Code    38  dflt_clz.o(x$fpl$dfltu)
    __aeabi_dmul                             0x08007d61   Thumb Code     0  dmul.o(x$fpl$dmul)
    _dmul                                    0x08007d61   Thumb Code   332  dmul.o(x$fpl$dmul)
    __fpl_dnaninf                            0x08007eb5   Thumb Code   156  dnaninf.o(x$fpl$dnaninf)
    __fpl_dretinf                            0x08007f51   Thumb Code    12  dretinf.o(x$fpl$dretinf)
    __aeabi_dsub                             0x08007f5d   Thumb Code     0  daddsub_clz.o(x$fpl$dsub)
    _dsub                                    0x08007f5d   Thumb Code   464  daddsub_clz.o(x$fpl$dsub)
    __aeabi_f2d                              0x08008131   Thumb Code     0  f2d.o(x$fpl$f2d)
    _f2d                                     0x08008131   Thumb Code    86  f2d.o(x$fpl$f2d)
    __aeabi_i2f                              0x08008189   Thumb Code     0  fflt_clz.o(x$fpl$fflt)
    _fflt                                    0x08008189   Thumb Code    48  fflt_clz.o(x$fpl$fflt)
    __fpl_fnaninf                            0x080081b9   Thumb Code   140  fnaninf.o(x$fpl$fnaninf)
    _printf_fp_dec                           0x08008245   Thumb Code     4  printf1.o(x$fpl$printf1)
    OSCfg_IdleTaskStkBasePtr                 0x08008248   Data           4  os_cfg_app.o(.constdata)
    __I$use$fp                               0x08008248   Number         0  usenofp.o(x$fpl$usenofp)
    OSCfg_IdleTaskStkLimit                   0x0800824c   Data           4  os_cfg_app.o(.constdata)
    OSCfg_IdleTaskStkSize                    0x08008250   Data           4  os_cfg_app.o(.constdata)
    OSCfg_IdleTaskStkSizeRAM                 0x08008254   Data           4  os_cfg_app.o(.constdata)
    OSCfg_IntQBasePtr                        0x08008258   Data           4  os_cfg_app.o(.constdata)
    OSCfg_IntQSize                           0x0800825c   Data           2  os_cfg_app.o(.constdata)
    OSCfg_IntQSizeRAM                        0x08008260   Data           4  os_cfg_app.o(.constdata)
    OSCfg_IntQTaskStkBasePtr                 0x08008264   Data           4  os_cfg_app.o(.constdata)
    OSCfg_IntQTaskStkLimit                   0x08008268   Data           4  os_cfg_app.o(.constdata)
    OSCfg_IntQTaskStkSize                    0x0800826c   Data           4  os_cfg_app.o(.constdata)
    OSCfg_IntQTaskStkSizeRAM                 0x08008270   Data           4  os_cfg_app.o(.constdata)
    OSCfg_ISRStkBasePtr                      0x08008274   Data           4  os_cfg_app.o(.constdata)
    OSCfg_ISRStkSize                         0x08008278   Data           4  os_cfg_app.o(.constdata)
    OSCfg_ISRStkSizeRAM                      0x0800827c   Data           4  os_cfg_app.o(.constdata)
    OSCfg_MsgPoolSize                        0x08008280   Data           2  os_cfg_app.o(.constdata)
    OSCfg_MsgPoolSizeRAM                     0x08008284   Data           4  os_cfg_app.o(.constdata)
    OSCfg_MsgPoolBasePtr                     0x08008288   Data           4  os_cfg_app.o(.constdata)
    OSCfg_StatTaskPrio                       0x0800828c   Data           1  os_cfg_app.o(.constdata)
    OSCfg_StatTaskRate_Hz                    0x08008290   Data           4  os_cfg_app.o(.constdata)
    OSCfg_StatTaskStkBasePtr                 0x08008294   Data           4  os_cfg_app.o(.constdata)
    OSCfg_StatTaskStkLimit                   0x08008298   Data           4  os_cfg_app.o(.constdata)
    OSCfg_StatTaskStkSize                    0x0800829c   Data           4  os_cfg_app.o(.constdata)
    OSCfg_StatTaskStkSizeRAM                 0x080082a0   Data           4  os_cfg_app.o(.constdata)
    OSCfg_StkSizeMin                         0x080082a4   Data           4  os_cfg_app.o(.constdata)
    OSCfg_TickRate_Hz                        0x080082a8   Data           4  os_cfg_app.o(.constdata)
    OSCfg_TickTaskPrio                       0x080082ac   Data           1  os_cfg_app.o(.constdata)
    OSCfg_TickTaskStkBasePtr                 0x080082b0   Data           4  os_cfg_app.o(.constdata)
    OSCfg_TickTaskStkLimit                   0x080082b4   Data           4  os_cfg_app.o(.constdata)
    OSCfg_TickTaskStkSize                    0x080082b8   Data           4  os_cfg_app.o(.constdata)
    OSCfg_TickTaskStkSizeRAM                 0x080082bc   Data           4  os_cfg_app.o(.constdata)
    OSCfg_TickWheelSize                      0x080082c0   Data           2  os_cfg_app.o(.constdata)
    OSCfg_TickWheelSizeRAM                   0x080082c4   Data           4  os_cfg_app.o(.constdata)
    OSCfg_TmrTaskPrio                        0x080082c8   Data           1  os_cfg_app.o(.constdata)
    OSCfg_TmrTaskRate_Hz                     0x080082cc   Data           4  os_cfg_app.o(.constdata)
    OSCfg_TmrTaskStkBasePtr                  0x080082d0   Data           4  os_cfg_app.o(.constdata)
    OSCfg_TmrTaskStkLimit                    0x080082d4   Data           4  os_cfg_app.o(.constdata)
    OSCfg_TmrTaskStkSize                     0x080082d8   Data           4  os_cfg_app.o(.constdata)
    OSCfg_TmrTaskStkSizeRAM                  0x080082dc   Data           4  os_cfg_app.o(.constdata)
    OSCfg_TmrWheelSize                       0x080082e0   Data           2  os_cfg_app.o(.constdata)
    OSCfg_TmrWheelSizeRAM                    0x080082e4   Data           4  os_cfg_app.o(.constdata)
    OSCfg_DataSizeRAM                        0x080082e8   Data           4  os_cfg_app.o(.constdata)
    OSDbg_DbgEn                              0x080082ec   Data           2  os_dbg.o(.constdata)
    OSDbg_ArgChkEn                           0x080082ee   Data           1  os_dbg.o(.constdata)
    OSDbg_AppHooksEn                         0x080082ef   Data           1  os_dbg.o(.constdata)
    OSDbg_EndiannessTest                     0x080082f0   Data           4  os_dbg.o(.constdata)
    OSDbg_CalledFromISRChkEn                 0x080082f4   Data           1  os_dbg.o(.constdata)
    OSDbg_FlagEn                             0x080082f5   Data           1  os_dbg.o(.constdata)
    OSDbg_FlagGrp                            0x080082f8   Data          40  os_dbg.o(.constdata)
    OSDbg_FlagDelEn                          0x08008320   Data           1  os_dbg.o(.constdata)
    OSDbg_FlagModeClrEn                      0x08008321   Data           1  os_dbg.o(.constdata)
    OSDbg_FlagPendAbortEn                    0x08008322   Data           1  os_dbg.o(.constdata)
    OSDbg_FlagGrpSize                        0x08008324   Data           2  os_dbg.o(.constdata)
    OSDbg_FlagWidth                          0x08008326   Data           2  os_dbg.o(.constdata)
    OSDbg_IntQ                               0x08008328   Data           2  os_dbg.o(.constdata)
    OSDbg_ISRPostDeferredEn                  0x0800832a   Data           1  os_dbg.o(.constdata)
    OSDbg_Mem                                0x0800832c   Data          32  os_dbg.o(.constdata)
    OSDbg_MemEn                              0x0800834c   Data           1  os_dbg.o(.constdata)
    OSDbg_MemSize                            0x0800834e   Data           2  os_dbg.o(.constdata)
    OSDbg_MsgEn                              0x08008350   Data           1  os_dbg.o(.constdata)
    OSDbg_MsgSize                            0x08008352   Data           2  os_dbg.o(.constdata)
    OSDbg_MsgPoolSize                        0x08008354   Data           2  os_dbg.o(.constdata)
    OSDbg_MsgQSize                           0x08008356   Data           2  os_dbg.o(.constdata)
    OSDbg_Mutex                              0x08008358   Data          44  os_dbg.o(.constdata)
    OSDbg_MutexEn                            0x08008384   Data           1  os_dbg.o(.constdata)
    OSDbg_MutexDelEn                         0x08008385   Data           1  os_dbg.o(.constdata)
    OSDbg_MutexPendAbortEn                   0x08008386   Data           1  os_dbg.o(.constdata)
    OSDbg_MutexSize                          0x08008388   Data           2  os_dbg.o(.constdata)
    OSDbg_ObjTypeChkEn                       0x0800838a   Data           1  os_dbg.o(.constdata)
    OSDbg_PendMultiEn                        0x0800838b   Data           1  os_dbg.o(.constdata)
    OSDbg_PendDataSize                       0x0800838c   Data           2  os_dbg.o(.constdata)
    OSDbg_PendListSize                       0x0800838e   Data           2  os_dbg.o(.constdata)
    OSDbg_PendObjSize                        0x08008390   Data           2  os_dbg.o(.constdata)
    OSDbg_PrioMax                            0x08008392   Data           2  os_dbg.o(.constdata)
    OSDbg_PrioTblSize                        0x08008394   Data           2  os_dbg.o(.constdata)
    OSDbg_PtrSize                            0x08008396   Data           2  os_dbg.o(.constdata)
    OSDbg_Q                                  0x08008398   Data          48  os_dbg.o(.constdata)
    OSDbg_QEn                                0x080083c8   Data           1  os_dbg.o(.constdata)
    OSDbg_QDelEn                             0x080083c9   Data           1  os_dbg.o(.constdata)
    OSDbg_QFlushEn                           0x080083ca   Data           1  os_dbg.o(.constdata)
    OSDbg_QPendAbortEn                       0x080083cb   Data           1  os_dbg.o(.constdata)
    OSDbg_QSize                              0x080083cc   Data           2  os_dbg.o(.constdata)
    OSDbg_SchedRoundRobinEn                  0x080083ce   Data           1  os_dbg.o(.constdata)
    OSDbg_Sem                                0x080083d0   Data          40  os_dbg.o(.constdata)
    OSDbg_SemEn                              0x080083f8   Data           1  os_dbg.o(.constdata)
    OSDbg_SemDelEn                           0x080083f9   Data           1  os_dbg.o(.constdata)
    OSDbg_SemPendAbortEn                     0x080083fa   Data           1  os_dbg.o(.constdata)
    OSDbg_SemSetEn                           0x080083fb   Data           1  os_dbg.o(.constdata)
    OSDbg_SemSize                            0x080083fc   Data           2  os_dbg.o(.constdata)
    OSDbg_RdyList                            0x080083fe   Data           2  os_dbg.o(.constdata)
    OSDbg_RdyListSize                        0x08008400   Data           4  os_dbg.o(.constdata)
    OSDbg_StkWidth                           0x08008404   Data           1  os_dbg.o(.constdata)
    OSDbg_StatTaskEn                         0x08008405   Data           1  os_dbg.o(.constdata)
    OSDbg_StatTaskStkChkEn                   0x08008406   Data           1  os_dbg.o(.constdata)
    OSDbg_TaskChangePrioEn                   0x08008407   Data           1  os_dbg.o(.constdata)
    OSDbg_TaskDelEn                          0x08008408   Data           1  os_dbg.o(.constdata)
    OSDbg_TaskQEn                            0x08008409   Data           1  os_dbg.o(.constdata)
    OSDbg_TaskQPendAbortEn                   0x0800840a   Data           1  os_dbg.o(.constdata)
    OSDbg_TaskProfileEn                      0x0800840b   Data           1  os_dbg.o(.constdata)
    OSDbg_TaskRegTblSize                     0x0800840c   Data           2  os_dbg.o(.constdata)
    OSDbg_TaskSemPendAbortEn                 0x0800840e   Data           1  os_dbg.o(.constdata)
    OSDbg_TaskSuspendEn                      0x0800840f   Data           1  os_dbg.o(.constdata)
    OSDbg_TCBSize                            0x08008410   Data           2  os_dbg.o(.constdata)
    OSDbg_TickSpokeSize                      0x08008412   Data           2  os_dbg.o(.constdata)
    OSDbg_TimeDlyHMSMEn                      0x08008414   Data           1  os_dbg.o(.constdata)
    OSDbg_TimeDlyResumeEn                    0x08008415   Data           1  os_dbg.o(.constdata)
    OSDbg_TLS_TblSize                        0x08008416   Data           2  os_dbg.o(.constdata)
    OSDbg_Tmr                                0x08008418   Data          52  os_dbg.o(.constdata)
    OSDbg_TmrEn                              0x0800844c   Data           1  os_dbg.o(.constdata)
    OSDbg_TmrDelEn                           0x0800844d   Data           1  os_dbg.o(.constdata)
    OSDbg_TmrSize                            0x0800844e   Data           2  os_dbg.o(.constdata)
    OSDbg_TmrSpokeSize                       0x08008450   Data           2  os_dbg.o(.constdata)
    OSDbg_VersionNbr                         0x08008452   Data           2  os_dbg.o(.constdata)
    OSDbg_DataSize                           0x08008454   Data           4  os_dbg.o(.constdata)
    Region$$Table$$Base                      0x080084ec   Number         0  anon$$obj.o(Region$$Table)
    Region$$Table$$Limit                     0x0800850c   Number         0  anon$$obj.o(Region$$Table)
    SystemCoreClock                          0x20000000   Data           4  system_stm32f10x.o(.data)
    AHBPrescTable                            0x20000004   Data          16  system_stm32f10x.o(.data)
    TIM5CH1_CAPTURE_VAL                      0x20000014   Data           2  stm32f10x_it.o(.data)
    TIM5CH1_CAPTURE_STA                      0x20000016   Data           1  stm32f10x_it.o(.data)
    Temp                                     0x20000018   Data           2  stm32f10x_it.o(.data)
    tempvaule                                0x2000001c   Data           2  app.o(.data)
    buffer                                   0x2000001e   Data           5  app.o(.data)
    u1buffer                                 0x20000023   Data           4  app.o(.data)
    u2buffer                                 0x20000027   Data           4  app.o(.data)
    MaxTemp                                  0x2000002c   Data           4  app.o(.data)
    MinTemp                                  0x20000030   Data           4  app.o(.data)
    MaxHum                                   0x20000034   Data           4  app.o(.data)
    MinHum                                   0x20000038   Data           4  app.o(.data)
    __stdout                                 0x20000054   Data           4  usart.o(.data)
    CPU_TS_TmrFreq_Hz                        0x20000058   Data           4  cpu_core.o(.data)
    OSPrioTbl                                0x2000005c   Data           8  os_prio.o(.data)
    OS_AppTaskCreateHookPtr                  0x20000064   Data           4  os_var.o(.data)
    OS_AppTaskDelHookPtr                     0x20000068   Data           4  os_var.o(.data)
    OS_AppTaskReturnHookPtr                  0x2000006c   Data           4  os_var.o(.data)
    OS_AppIdleTaskHookPtr                    0x20000070   Data           4  os_var.o(.data)
    OS_AppStatTaskHookPtr                    0x20000074   Data           4  os_var.o(.data)
    OS_AppTaskSwHookPtr                      0x20000078   Data           4  os_var.o(.data)
    OS_AppTimeTickHookPtr                    0x2000007c   Data           4  os_var.o(.data)
    OSIdleTaskCtr                            0x20000080   Data           4  os_var.o(.data)
    OSIntNestingCtr                          0x20000084   Data           1  os_var.o(.data)
    OSRunning                                0x20000085   Data           1  os_var.o(.data)
    OSIntQInPtr                              0x20000088   Data           4  os_var.o(.data)
    OSIntQOutPtr                             0x2000008c   Data           4  os_var.o(.data)
    OSIntQNbrEntries                         0x20000090   Data           2  os_var.o(.data)
    OSIntQNbrEntriesMax                      0x20000092   Data           2  os_var.o(.data)
    OSIntQOvfCtr                             0x20000094   Data           2  os_var.o(.data)
    OSIntQTaskTimeMax                        0x20000098   Data           4  os_var.o(.data)
    OSFlagDbgListPtr                         0x2000009c   Data           4  os_var.o(.data)
    OSFlagQty                                0x200000a0   Data           2  os_var.o(.data)
    OSMemDbgListPtr                          0x200000a4   Data           4  os_var.o(.data)
    OSMemQty                                 0x200000a8   Data           2  os_var.o(.data)
    OSMutexDbgListPtr                        0x200000ac   Data           4  os_var.o(.data)
    OSMutexQty                               0x200000b0   Data           2  os_var.o(.data)
    OSPrioCur                                0x200000b2   Data           1  os_var.o(.data)
    OSPrioHighRdy                            0x200000b3   Data           1  os_var.o(.data)
    OSPrioSaved                              0x200000b4   Data           1  os_var.o(.data)
    OSQDbgListPtr                            0x200000b8   Data           4  os_var.o(.data)
    OSQQty                                   0x200000bc   Data           2  os_var.o(.data)
    OSSchedLockTimeBegin                     0x200000c0   Data           4  os_var.o(.data)
    OSSchedLockTimeMax                       0x200000c4   Data           4  os_var.o(.data)
    OSSchedLockTimeMaxCur                    0x200000c8   Data           4  os_var.o(.data)
    OSSchedLockNestingCtr                    0x200000cc   Data           1  os_var.o(.data)
    OSSchedRoundRobinDfltTimeQuanta          0x200000d0   Data           4  os_var.o(.data)
    OSSchedRoundRobinEn                      0x200000d4   Data           1  os_var.o(.data)
    OSSemDbgListPtr                          0x200000d8   Data           4  os_var.o(.data)
    OSSemQty                                 0x200000dc   Data           2  os_var.o(.data)
    OSStatResetFlag                          0x200000de   Data           1  os_var.o(.data)
    OSStatTaskCPUUsage                       0x200000e0   Data           2  os_var.o(.data)
    OSStatTaskCPUUsageMax                    0x200000e2   Data           2  os_var.o(.data)
    OSStatTaskCtr                            0x200000e4   Data           4  os_var.o(.data)
    OSStatTaskCtrMax                         0x200000e8   Data           4  os_var.o(.data)
    OSStatTaskCtrRun                         0x200000ec   Data           4  os_var.o(.data)
    OSStatTaskRdy                            0x200000f0   Data           1  os_var.o(.data)
    OSStatTaskTimeMax                        0x200000f4   Data           4  os_var.o(.data)
    OSTaskCtxSwCtr                           0x200000f8   Data           4  os_var.o(.data)
    OSTaskDbgListPtr                         0x200000fc   Data           4  os_var.o(.data)
    OSTaskQty                                0x20000100   Data           2  os_var.o(.data)
    OSTaskRegNextAvailID                     0x20000102   Data           1  os_var.o(.data)
    OSTickCtr                                0x20000104   Data           4  os_var.o(.data)
    OSTickTaskTimeMax                        0x20000108   Data           4  os_var.o(.data)
    OSTmrDbgListPtr                          0x2000010c   Data           4  os_var.o(.data)
    OSTmrQty                                 0x20000110   Data           2  os_var.o(.data)
    OSTmrTaskTimeMax                         0x20000114   Data           4  os_var.o(.data)
    OSTmrTickCtr                             0x20000118   Data           4  os_var.o(.data)
    OSTmrUpdateCnt                           0x2000011c   Data           4  os_var.o(.data)
    OSTmrUpdateCtr                           0x20000120   Data           4  os_var.o(.data)
    OSTCBCurPtr                              0x20000124   Data           4  os_var.o(.data)
    OSTCBHighRdyPtr                          0x20000128   Data           4  os_var.o(.data)
    OS_CPU_ExceptStkBase                     0x2000012c   Data           4  os_cpu_c.o(.data)
    KEY_Msg                                  0x20000130   Data          48  app.o(.bss)
    StartTackTCB                             0x20000160   Data         196  app.o(.bss)
    START_TASK_STK                           0x20000224   Data         512  app.o(.bss)
    DS18B20TCB                               0x20000424   Data         196  app.o(.bss)
    DS18B20_STK                              0x200004e8   Data         512  app.o(.bss)
    DHT11TCB                                 0x200006e8   Data         196  app.o(.bss)
    DHT11_STK                                0x200007ac   Data         512  app.o(.bss)
    DISPLAY_SCOPETCB                         0x200009ac   Data         196  app.o(.bss)
    DISPLAY_SCOPE_STK                        0x20000a70   Data         512  app.o(.bss)
    tmr1                                     0x20000c70   Data          52  app.o(.bss)
    CPU_Name                                 0x20000ca4   Data          16  cpu_core.o(.bss)
    OSCfg_IdleTaskStk                        0x20000cb4   Data         512  os_cfg_app.o(.bss)
    OSCfg_IntQ                               0x20000eb4   Data         320  os_cfg_app.o(.bss)
    OSCfg_IntQTaskStk                        0x20000ff4   Data         512  os_cfg_app.o(.bss)
    OSCfg_ISRStk                             0x200011f4   Data         512  os_cfg_app.o(.bss)
    OSCfg_MsgPool                            0x200013f4   Data        1600  os_cfg_app.o(.bss)
    OSCfg_StatTaskStk                        0x20001a34   Data         512  os_cfg_app.o(.bss)
    OSCfg_TickTaskStk                        0x20001c34   Data         512  os_cfg_app.o(.bss)
    OSCfg_TickWheel                          0x20001e34   Data         136  os_cfg_app.o(.bss)
    OSCfg_TmrTaskStk                         0x20001ebc   Data         512  os_cfg_app.o(.bss)
    OSCfg_TmrWheel                           0x200020bc   Data         136  os_cfg_app.o(.bss)
    OSIdleTaskTCB                            0x20002144   Data         196  os_var.o(.bss)
    OSIntQTaskTCB                            0x20002208   Data         196  os_var.o(.bss)
    OSMsgPool                                0x200022cc   Data          12  os_var.o(.bss)
    OSRdyList                                0x200022d8   Data         768  os_var.o(.bss)
    OSStatTaskTCB                            0x200025d8   Data         196  os_var.o(.bss)
    OSTickTaskTCB                            0x2000269c   Data         196  os_var.o(.bss)
    OSTmrTaskTCB                             0x20002760   Data         196  os_var.o(.bss)
    __libspace_start                         0x20002824   Data          96  libspace.o(.bss)
    __temporary_stack_top$libspace           0x20002884   Data           0  libspace.o(.bss)



==============================================================================

Memory Map of the image

  Image Entry point : 0x08000131

  Load Region LR_IROM1 (Base: 0x08000000, Size: 0x00008658, Max: 0x00020000, ABSOLUTE, COMPRESSED[0x0000854c])

    Execution Region ER_IROM1 (Exec base: 0x08000000, Load base: 0x08000000, Size: 0x00008528, Max: 0x00020000, ABSOLUTE)

    Exec Addr    Load Addr    Size         Type   Attr      Idx    E Section Name        Object

    0x08000000   0x08000000   0x00000130   Data   RO          132    RESET               startup_stm32f10x_hd.o
    0x08000130   0x08000130   0x00000008   Code   RO         5825  * !!!main             c_w.l(__main.o)
    0x08000138   0x08000138   0x00000034   Code   RO         6091    !!!scatter          c_w.l(__scatter.o)
    0x0800016c   0x0800016c   0x0000005a   Code   RO         6089    !!dczerorl2         c_w.l(__dczerorl2.o)
    0x080001c6   0x080001c6   0x00000002   PAD
    0x080001c8   0x080001c8   0x0000001c   Code   RO         6093    !!handler_zi        c_w.l(__scatter_zi.o)
    0x080001e4   0x080001e4   0x00000000   Code   RO         5822    .ARM.Collect$$_printf_percent$$00000000  c_w.l(_printf_percent.o)
    0x080001e4   0x080001e4   0x00000006   Code   RO         5821    .ARM.Collect$$_printf_percent$$00000003  c_w.l(_printf_f.o)
    0x080001ea   0x080001ea   0x00000006   Code   RO         5820    .ARM.Collect$$_printf_percent$$00000009  c_w.l(_printf_d.o)
    0x080001f0   0x080001f0   0x00000004   Code   RO         5872    .ARM.Collect$$_printf_percent$$00000017  c_w.l(_printf_percent_end.o)
    0x080001f4   0x080001f4   0x00000002   Code   RO         5964    .ARM.Collect$$libinit$$00000000  c_w.l(libinit.o)
    0x080001f6   0x080001f6   0x00000000   Code   RO         5966    .ARM.Collect$$libinit$$00000002  c_w.l(libinit2.o)
    0x080001f6   0x080001f6   0x00000000   Code   RO         5968    .ARM.Collect$$libinit$$00000004  c_w.l(libinit2.o)
    0x080001f6   0x080001f6   0x00000000   Code   RO         5971    .ARM.Collect$$libinit$$0000000A  c_w.l(libinit2.o)
    0x080001f6   0x080001f6   0x00000000   Code   RO         5973    .ARM.Collect$$libinit$$0000000C  c_w.l(libinit2.o)
    0x080001f6   0x080001f6   0x00000000   Code   RO         5975    .ARM.Collect$$libinit$$0000000E  c_w.l(libinit2.o)
    0x080001f6   0x080001f6   0x00000006   Code   RO         5976    .ARM.Collect$$libinit$$0000000F  c_w.l(libinit2.o)
    0x080001fc   0x080001fc   0x00000000   Code   RO         5978    .ARM.Collect$$libinit$$00000011  c_w.l(libinit2.o)
    0x080001fc   0x080001fc   0x00000000   Code   RO         5980    .ARM.Collect$$libinit$$00000013  c_w.l(libinit2.o)
    0x080001fc   0x080001fc   0x00000000   Code   RO         5982    .ARM.Collect$$libinit$$00000015  c_w.l(libinit2.o)
    0x080001fc   0x080001fc   0x0000000a   Code   RO         5983    .ARM.Collect$$libinit$$00000016  c_w.l(libinit2.o)
    0x08000206   0x08000206   0x00000000   Code   RO         5984    .ARM.Collect$$libinit$$00000017  c_w.l(libinit2.o)
    0x08000206   0x08000206   0x00000000   Code   RO         5986    .ARM.Collect$$libinit$$00000019  c_w.l(libinit2.o)
    0x08000206   0x08000206   0x00000000   Code   RO         5988    .ARM.Collect$$libinit$$0000001B  c_w.l(libinit2.o)
    0x08000206   0x08000206   0x00000000   Code   RO         5990    .ARM.Collect$$libinit$$0000001D  c_w.l(libinit2.o)
    0x08000206   0x08000206   0x00000000   Code   RO         5992    .ARM.Collect$$libinit$$0000001F  c_w.l(libinit2.o)
    0x08000206   0x08000206   0x00000000   Code   RO         5994    .ARM.Collect$$libinit$$00000021  c_w.l(libinit2.o)
    0x08000206   0x08000206   0x00000000   Code   RO         5996    .ARM.Collect$$libinit$$00000023  c_w.l(libinit2.o)
    0x08000206   0x08000206   0x00000000   Code   RO         5998    .ARM.Collect$$libinit$$00000025  c_w.l(libinit2.o)
    0x08000206   0x08000206   0x00000000   Code   RO         6002    .ARM.Collect$$libinit$$0000002C  c_w.l(libinit2.o)
    0x08000206   0x08000206   0x00000000   Code   RO         6004    .ARM.Collect$$libinit$$0000002E  c_w.l(libinit2.o)
    0x08000206   0x08000206   0x00000000   Code   RO         6006    .ARM.Collect$$libinit$$00000030  c_w.l(libinit2.o)
    0x08000206   0x08000206   0x00000000   Code   RO         6008    .ARM.Collect$$libinit$$00000032  c_w.l(libinit2.o)
    0x08000206   0x08000206   0x00000002   Code   RO         6009    .ARM.Collect$$libinit$$00000033  c_w.l(libinit2.o)
    0x08000208   0x08000208   0x00000002   Code   RO         6051    .ARM.Collect$$libshutdown$$00000000  c_w.l(libshutdown.o)
    0x0800020a   0x0800020a   0x00000000   Code   RO         6070    .ARM.Collect$$libshutdown$$00000002  c_w.l(libshutdown2.o)
    0x0800020a   0x0800020a   0x00000000   Code   RO         6072    .ARM.Collect$$libshutdown$$00000004  c_w.l(libshutdown2.o)
    0x0800020a   0x0800020a   0x00000000   Code   RO         6074    .ARM.Collect$$libshutdown$$00000006  c_w.l(libshutdown2.o)
    0x0800020a   0x0800020a   0x00000000   Code   RO         6077    .ARM.Collect$$libshutdown$$00000009  c_w.l(libshutdown2.o)
    0x0800020a   0x0800020a   0x00000000   Code   RO         6080    .ARM.Collect$$libshutdown$$0000000C  c_w.l(libshutdown2.o)
    0x0800020a   0x0800020a   0x00000000   Code   RO         6082    .ARM.Collect$$libshutdown$$0000000E  c_w.l(libshutdown2.o)
    0x0800020a   0x0800020a   0x00000000   Code   RO         6085    .ARM.Collect$$libshutdown$$00000011  c_w.l(libshutdown2.o)
    0x0800020a   0x0800020a   0x00000002   Code   RO         6086    .ARM.Collect$$libshutdown$$00000012  c_w.l(libshutdown2.o)
    0x0800020c   0x0800020c   0x00000000   Code   RO         5861    .ARM.Collect$$rtentry$$00000000  c_w.l(__rtentry.o)
    0x0800020c   0x0800020c   0x00000000   Code   RO         5881    .ARM.Collect$$rtentry$$00000002  c_w.l(__rtentry2.o)
    0x0800020c   0x0800020c   0x00000006   Code   RO         5893    .ARM.Collect$$rtentry$$00000004  c_w.l(__rtentry4.o)
    0x08000212   0x08000212   0x00000000   Code   RO         5883    .ARM.Collect$$rtentry$$00000009  c_w.l(__rtentry2.o)
    0x08000212   0x08000212   0x00000004   Code   RO         5884    .ARM.Collect$$rtentry$$0000000A  c_w.l(__rtentry2.o)
    0x08000216   0x08000216   0x00000000   Code   RO         5886    .ARM.Collect$$rtentry$$0000000C  c_w.l(__rtentry2.o)
    0x08000216   0x08000216   0x00000008   Code   RO         5887    .ARM.Collect$$rtentry$$0000000D  c_w.l(__rtentry2.o)
    0x0800021e   0x0800021e   0x00000002   Code   RO         6010    .ARM.Collect$$rtexit$$00000000  c_w.l(rtexit.o)
    0x08000220   0x08000220   0x00000000   Code   RO         6023    .ARM.Collect$$rtexit$$00000002  c_w.l(rtexit2.o)
    0x08000220   0x08000220   0x00000004   Code   RO         6024    .ARM.Collect$$rtexit$$00000003  c_w.l(rtexit2.o)
    0x08000224   0x08000224   0x00000006   Code   RO         6025    .ARM.Collect$$rtexit$$00000004  c_w.l(rtexit2.o)
    0x0800022a   0x0800022a   0x00000002   PAD
    0x0800022c   0x0800022c   0x00000040   Code   RO          133    .text               startup_stm32f10x_hd.o
    0x0800026c   0x0800026c   0x00000034   Code   RO         4060    .text               cpu_a.o
    0x080002a0   0x080002a0   0x00000002   Code   RO         5788    .text               c_w.l(use_no_semi_2.o)
    0x080002a2   0x080002a2   0x00000002   PAD
    0x080002a4   0x080002a4   0x00000018   Code   RO         5794    .text               c_w.l(noretval__2printf.o)
    0x080002bc   0x080002bc   0x00000078   Code   RO         5798    .text               c_w.l(_printf_dec.o)
    0x08000334   0x08000334   0x0000010e   Code   RO         5808    .text               c_w.l(__printf_wp.o)
    0x08000442   0x08000442   0x00000006   Code   RO         5823    .text               c_w.l(heapauxi.o)
    0x08000448   0x08000448   0x00000002   Code   RO         5859    .text               c_w.l(use_no_semi.o)
    0x0800044a   0x0800044a   0x000000b2   Code   RO         5866    .text               c_w.l(_printf_intcommon.o)
    0x080004fc   0x080004fc   0x0000041e   Code   RO         5868    .text               c_w.l(_printf_fp_dec.o)
    0x0800091a   0x0800091a   0x00000002   PAD
    0x0800091c   0x0800091c   0x00000024   Code   RO         5870    .text               c_w.l(_printf_char_file.o)
    0x08000940   0x08000940   0x00000008   Code   RO         5900    .text               c_w.l(rt_locale_intlibspace.o)
    0x08000948   0x08000948   0x0000008a   Code   RO         5902    .text               c_w.l(lludiv10.o)
    0x080009d2   0x080009d2   0x00000002   PAD
    0x080009d4   0x080009d4   0x00000030   Code   RO         5904    .text               c_w.l(_printf_char_common.o)
    0x08000a04   0x08000a04   0x00000080   Code   RO         5906    .text               c_w.l(_printf_fp_infnan.o)
    0x08000a84   0x08000a84   0x000000e4   Code   RO         5908    .text               c_w.l(bigflt0.o)
    0x08000b68   0x08000b68   0x00000008   Code   RO         5933    .text               c_w.l(ferror.o)
    0x08000b70   0x08000b70   0x00000008   Code   RO         5944    .text               c_w.l(libspace.o)
    0x08000b78   0x08000b78   0x0000004a   Code   RO         5947    .text               c_w.l(sys_stackheap_outer.o)
    0x08000bc2   0x08000bc2   0x00000012   Code   RO         5951    .text               c_w.l(exit.o)
    0x08000bd4   0x08000bd4   0x00000080   Code   RO         5957    .text               c_w.l(strcmpv7m.o)
    0x08000c54   0x08000c54   0x0000003e   Code   RO         5911    CL$$btod_d2e        c_w.l(btod.o)
    0x08000c92   0x08000c92   0x00000046   Code   RO         5913    CL$$btod_d2e_denorm_low  c_w.l(btod.o)
    0x08000cd8   0x08000cd8   0x00000060   Code   RO         5912    CL$$btod_d2e_norm_op1  c_w.l(btod.o)
    0x08000d38   0x08000d38   0x00000338   Code   RO         5921    CL$$btod_div_common  c_w.l(btod.o)
    0x08001070   0x08001070   0x000000dc   Code   RO         5918    CL$$btod_e2e        c_w.l(btod.o)
    0x0800114c   0x0800114c   0x0000002a   Code   RO         5915    CL$$btod_ediv       c_w.l(btod.o)
    0x08001176   0x08001176   0x0000002a   Code   RO         5914    CL$$btod_emul       c_w.l(btod.o)
    0x080011a0   0x080011a0   0x00000244   Code   RO         5920    CL$$btod_mult_common  c_w.l(btod.o)
    0x080013e4   0x080013e4   0x00000098   Code   RO         5636    CODE                os_cpu_a.o
    0x0800147c   0x0800147c   0x00000010   Code   RO         3895    i.BSP_CPU_ClkFreq   bsp.o
    0x0800148c   0x0800148c   0x00000004   Code   RO          340    i.BusFault_Handler  stm32f10x_it.o
    0x08001490   0x08001490   0x0000000c   Code   RO         3936    i.CPU_Init          cpu_core.o
    0x0800149c   0x0800149c   0x00000030   Code   RO         3937    i.CPU_NameClr       cpu_core.o
    0x080014cc   0x080014cc   0x00000008   Code   RO         3939    i.CPU_NameInit      cpu_core.o
    0x080014d4   0x080014d4   0x00000014   Code   RO         3943    i.CPU_TS_Init       cpu_core.o
    0x080014e8   0x080014e8   0x0000000c   Code   RO         3945    i.CPU_TS_TmrFreqSet  cpu_core.o
    0x080014f4   0x080014f4   0x00000034   Code   RO         3897    i.CPU_TS_TmrInit    bsp.o
    0x08001528   0x08001528   0x0000000c   Code   RO         3898    i.CPU_TS_TmrRd      bsp.o
    0x08001534   0x08001534   0x0000003c   Code   RO          422    i.DHT11_task        app.o
    0x08001570   0x08001570   0x0000004c   Code   RO          423    i.DISPLAY_CHAR_init  app.o
    0x080015bc   0x080015bc   0x00000118   Code   RO          424    i.DISPLAY_SCOPE_task  app.o
    0x080016d4   0x080016d4   0x00000064   Code   RO         3674    i.DS18B20_Check     ds18b20.o
    0x08001738   0x08001738   0x0000008c   Code   RO         3675    i.DS18B20_Get_Temp  ds18b20.o
    0x080017c4   0x080017c4   0x00000040   Code   RO         3676    i.DS18B20_Init      ds18b20.o
    0x08001804   0x08001804   0x0000006c   Code   RO         3677    i.DS18B20_Read_Bit  ds18b20.o
    0x08001870   0x08001870   0x00000022   Code   RO         3678    i.DS18B20_Read_Byte  ds18b20.o
    0x08001892   0x08001892   0x00000002   PAD
    0x08001894   0x08001894   0x00000044   Code   RO         3679    i.DS18B20_Rst       ds18b20.o
    0x080018d8   0x080018d8   0x00000018   Code   RO         3680    i.DS18B20_Start     ds18b20.o
    0x080018f0   0x080018f0   0x00000070   Code   RO         3681    i.DS18B20_Write_Byte  ds18b20.o
    0x08001960   0x08001960   0x00000120   Code   RO          425    i.DS18B20_task      app.o
    0x08001a80   0x08001a80   0x00000002   Code   RO          341    i.DebugMon_Handler  stm32f10x_it.o
    0x08001a82   0x08001a82   0x0000001a   Code   RO         3682    i.Delay_us          ds18b20.o
    0x08001a9c   0x08001a9c   0x00000050   Code   RO         3788    i.EXTI3_IRQHandler  exti.o
    0x08001aec   0x08001aec   0x00000058   Code   RO         3789    i.EXTI4_IRQHandler  exti.o
    0x08001b44   0x08001b44   0x000000b0   Code   RO         3790    i.EXTI9_5_IRQHandler  exti.o
    0x08001bf4   0x08001bf4   0x0000011a   Code   RO         3791    i.EXTIX_Init        exti.o
    0x08001d0e   0x08001d0e   0x00000002   PAD
    0x08001d10   0x08001d10   0x0000000c   Code   RO         1275    i.EXTI_ClearITPendingBit  stm32f10x_exti.o
    0x08001d1c   0x08001d1c   0x00000094   Code   RO         1280    i.EXTI_Init         stm32f10x_exti.o
    0x08001db0   0x08001db0   0x00000040   Code   RO         1625    i.GPIO_EXTILineConfig  stm32f10x_gpio.o
    0x08001df0   0x08001df0   0x00000116   Code   RO         1628    i.GPIO_Init         stm32f10x_gpio.o
    0x08001f06   0x08001f06   0x00000002   PAD
    0x08001f08   0x08001f08   0x00000090   Code   RO         1630    i.GPIO_PinRemapConfig  stm32f10x_gpio.o
    0x08001f98   0x08001f98   0x00000012   Code   RO         1632    i.GPIO_ReadInputDataBit  stm32f10x_gpio.o
    0x08001faa   0x08001faa   0x00000004   Code   RO         1635    i.GPIO_ResetBits    stm32f10x_gpio.o
    0x08001fae   0x08001fae   0x00000004   Code   RO         1636    i.GPIO_SetBits      stm32f10x_gpio.o
    0x08001fb2   0x08001fb2   0x00000004   Code   RO          342    i.HardFault_Handler  stm32f10x_it.o
    0x08001fb6   0x08001fb6   0x00000002   PAD
    0x08001fb8   0x08001fb8   0x00000080   Code   RO         3825    i.KEY_Init          key.o
    0x08002038   0x08002038   0x000000b0   Code   RO          426    i.LCD_Disp          app.o
    0x080020e8   0x080020e8   0x00000050   Code   RO         3561    i.LED_Init          led.o
    0x08002138   0x08002138   0x00000004   Code   RO          343    i.MemManage_Handler  stm32f10x_it.o
    0x0800213c   0x0800213c   0x00000012   Code   RO         4252    i.Mem_Clr           lib_mem.o
    0x0800214e   0x0800214e   0x00000054   Code   RO         4268    i.Mem_Set           lib_mem.o
    0x080021a2   0x080021a2   0x00000002   Code   RO          344    i.NMI_Handler       stm32f10x_it.o
    0x080021a4   0x080021a4   0x00000070   Code   RO          477    i.NVIC_Init         misc.o
    0x08002214   0x08002214   0x00000014   Code   RO          478    i.NVIC_PriorityGroupConfig  misc.o
    0x08002228   0x08002228   0x000000fc   Code   RO         4521    i.OSCfg_Init        os_cfg_app.o
    0x08002324   0x08002324   0x00000014   Code   RO         5639    i.OSIdleTaskHook    os_cpu_c.o
    0x08002338   0x08002338   0x0000018c   Code   RO         4544    i.OSInit            os_core.o
    0x080024c4   0x080024c4   0x00000038   Code   RO         5640    i.OSInitHook        os_cpu_c.o
    0x080024fc   0x080024fc   0x0000002c   Code   RO         4545    i.OSIntEnter        os_core.o
    0x08002528   0x08002528   0x000000e4   Code   RO         4546    i.OSIntExit         os_core.o
    0x0800260c   0x0800260c   0x000000cc   Code   RO         5100    i.OSQCreate         os_q.o
    0x080026d8   0x080026d8   0x00000208   Code   RO         5103    i.OSQPend           os_q.o
    0x080028e0   0x080028e0   0x000000b8   Code   RO         5105    i.OSQPost           os_q.o
    0x08002998   0x08002998   0x000000a8   Code   RO         4547    i.OSSched           os_core.o
    0x08002a40   0x08002a40   0x00000074   Code   RO         4548    i.OSSchedLock       os_core.o
    0x08002ab4   0x08002ab4   0x00000064   Code   RO         4549    i.OSSchedRoundRobinCfg  os_core.o
    0x08002b18   0x08002b18   0x00000094   Code   RO         4551    i.OSSchedUnlock     os_core.o
    0x08002bac   0x08002bac   0x00000068   Code   RO         4552    i.OSStart           os_core.o
    0x08002c14   0x08002c14   0x00000138   Code   RO         5244    i.OSStatReset       os_stat.o
    0x08002d4c   0x08002d4c   0x000000f0   Code   RO         5245    i.OSStatTaskCPUUsageInit  os_stat.o
    0x08002e3c   0x08002e3c   0x00000014   Code   RO         5641    i.OSStatTaskHook    os_cpu_c.o
    0x08002e50   0x08002e50   0x0000025c   Code   RO         5275    i.OSTaskCreate      os_task.o
    0x080030ac   0x080030ac   0x00000018   Code   RO         5642    i.OSTaskCreateHook  os_cpu_c.o
    0x080030c4   0x080030c4   0x000001c4   Code   RO         5276    i.OSTaskDel         os_task.o
    0x08003288   0x08003288   0x00000018   Code   RO         5643    i.OSTaskDelHook     os_cpu_c.o
    0x080032a0   0x080032a0   0x0000007c   Code   RO         5284    i.OSTaskResume      os_task.o
    0x0800331c   0x0800331c   0x00000018   Code   RO         5644    i.OSTaskReturnHook  os_cpu_c.o
    0x08003334   0x08003334   0x00000214   Code   RO         5285    i.OSTaskSemPend     os_task.o
    0x08003548   0x08003548   0x000000d4   Code   RO         5289    i.OSTaskStkChk      os_task.o
    0x0800361c   0x0800361c   0x000000c0   Code   RO         5645    i.OSTaskStkInit     os_cpu_c.o
    0x080036dc   0x080036dc   0x00000060   Code   RO         5290    i.OSTaskSuspend     os_task.o
    0x0800373c   0x0800373c   0x00000088   Code   RO         5646    i.OSTaskSwHook      os_cpu_c.o
    0x080037c4   0x080037c4   0x00000118   Code   RO         5490    i.OSTimeDly         os_time.o
    0x080038dc   0x080038dc   0x000001f0   Code   RO         5491    i.OSTimeDlyHMSM     os_time.o
    0x08003acc   0x08003acc   0x00000044   Code   RO         5495    i.OSTimeTick        os_time.o
    0x08003b10   0x08003b10   0x00000014   Code   RO         5647    i.OSTimeTickHook    os_cpu_c.o
    0x08003b24   0x08003b24   0x00000108   Code   RO         5532    i.OSTmrCreate       os_tmr.o
    0x08003c2c   0x08003c2c   0x000000ac   Code   RO         5535    i.OSTmrStart        os_tmr.o
    0x08003cd8   0x08003cd8   0x000001b0   Code   RO         4790    i.OS_Dbg_Init       os_dbg.o
    0x08003e88   0x08003e88   0x00000018   Code   RO         4815    i.OS_FlagInit       os_flag.o
    0x08003ea0   0x08003ea0   0x00000230   Code   RO         4816    i.OS_FlagPost       os_flag.o
    0x080040d0   0x080040d0   0x00000056   Code   RO         4817    i.OS_FlagTaskRdy    os_flag.o
    0x08004126   0x08004126   0x00000002   PAD
    0x08004128   0x08004128   0x00000044   Code   RO         4554    i.OS_IdleTask       os_core.o
    0x0800416c   0x0800416c   0x00000070   Code   RO         4555    i.OS_IdleTaskInit   os_core.o
    0x080041dc   0x080041dc   0x000000fc   Code   RO         4889    i.OS_IntQPost       os_int.o
    0x080042d8   0x080042d8   0x000001a4   Code   RO         4890    i.OS_IntQRePost     os_int.o
    0x0800447c   0x0800447c   0x000000b4   Code   RO         4891    i.OS_IntQTask       os_int.o
    0x08004530   0x08004530   0x00000128   Code   RO         4892    i.OS_IntQTaskInit   os_int.o
    0x08004658   0x08004658   0x00000018   Code   RO         4923    i.OS_MemInit        os_mem.o
    0x08004670   0x08004670   0x00000036   Code   RO         4955    i.OS_MsgPoolCreate  os_msg.o
    0x080046a6   0x080046a6   0x00000002   PAD
    0x080046a8   0x080046a8   0x00000054   Code   RO         4956    i.OS_MsgPoolInit    os_msg.o
    0x080046fc   0x080046fc   0x00000044   Code   RO         4957    i.OS_MsgQFreeAll    os_msg.o
    0x08004740   0x08004740   0x00000068   Code   RO         4958    i.OS_MsgQGet        os_msg.o
    0x080047a8   0x080047a8   0x0000000e   Code   RO         4959    i.OS_MsgQInit       os_msg.o
    0x080047b6   0x080047b6   0x00000002   PAD
    0x080047b8   0x080047b8   0x000000fc   Code   RO         4960    i.OS_MsgQPut        os_msg.o
    0x080048b4   0x080048b4   0x00000018   Code   RO         5005    i.OS_MutexInit      os_mutex.o
    0x080048cc   0x080048cc   0x00000068   Code   RO         4556    i.OS_Pend           os_core.o
    0x08004934   0x08004934   0x00000026   Code   RO         4559    i.OS_PendDataInit   os_core.o
    0x0800495a   0x0800495a   0x00000002   PAD
    0x0800495c   0x0800495c   0x0000005c   Code   RO         4560    i.OS_PendDbgNameAdd  os_core.o
    0x080049b8   0x080049b8   0x00000024   Code   RO         4561    i.OS_PendDbgNameRemove  os_core.o
    0x080049dc   0x080049dc   0x0000000a   Code   RO         4563    i.OS_PendListInit   os_core.o
    0x080049e6   0x080049e6   0x00000066   Code   RO         4565    i.OS_PendListInsertPrio  os_core.o
    0x08004a4c   0x08004a4c   0x00000030   Code   RO         4566    i.OS_PendListRemove  os_core.o
    0x08004a7c   0x08004a7c   0x00000042   Code   RO         4567    i.OS_PendListRemove1  os_core.o
    0x08004abe   0x08004abe   0x000000c0   Code   RO         4570    i.OS_Post           os_core.o
    0x08004b7e   0x08004b7e   0x0000002a   Code   RO         4571    i.OS_Post1          os_core.o
    0x08004ba8   0x08004ba8   0x00000028   Code   RO         5063    i.OS_PrioGetHighest  os_prio.o
    0x08004bd0   0x08004bd0   0x00000018   Code   RO         5064    i.OS_PrioInit       os_prio.o
    0x08004be8   0x08004be8   0x00000024   Code   RO         5065    i.OS_PrioInsert     os_prio.o
    0x08004c0c   0x08004c0c   0x00000024   Code   RO         5066    i.OS_PrioRemove     os_prio.o
    0x08004c30   0x08004c30   0x00000030   Code   RO         5107    i.OS_QDbgListAdd    os_q.o
    0x08004c60   0x08004c60   0x00000018   Code   RO         5109    i.OS_QInit          os_q.o
    0x08004c78   0x08004c78   0x0000014c   Code   RO         5110    i.OS_QPost          os_q.o
    0x08004dc4   0x08004dc4   0x00000024   Code   RO         4572    i.OS_RdyListInit    os_core.o
    0x08004de8   0x08004de8   0x0000002c   Code   RO         4573    i.OS_RdyListInsert  os_core.o
    0x08004e14   0x08004e14   0x00000040   Code   RO         4574    i.OS_RdyListInsertHead  os_core.o
    0x08004e54   0x08004e54   0x0000003c   Code   RO         4575    i.OS_RdyListInsertTail  os_core.o
    0x08004e90   0x08004e90   0x00000044   Code   RO         4576    i.OS_RdyListMoveHeadToTail  os_core.o
    0x08004ed4   0x08004ed4   0x0000005c   Code   RO         4577    i.OS_RdyListRemove  os_core.o
    0x08004f30   0x08004f30   0x0000005c   Code   RO         4578    i.OS_Sched0         os_core.o
    0x08004f8c   0x08004f8c   0x0000001c   Code   RO         4579    i.OS_SchedLockTimeMeasStart  os_core.o
    0x08004fa8   0x08004fa8   0x0000003c   Code   RO         4580    i.OS_SchedLockTimeMeasStop  os_core.o
    0x08004fe4   0x08004fe4   0x000000d0   Code   RO         4581    i.OS_SchedRoundRobin  os_core.o
    0x080050b4   0x080050b4   0x00000018   Code   RO         5181    i.OS_SemInit        os_sem.o
    0x080050cc   0x080050cc   0x00000164   Code   RO         5182    i.OS_SemPost        os_sem.o
    0x08005230   0x08005230   0x0000035c   Code   RO         5246    i.OS_StatTask       os_stat.o
    0x0800558c   0x0800558c   0x000000cc   Code   RO         5247    i.OS_StatTaskInit   os_stat.o
    0x08005658   0x08005658   0x00000038   Code   RO         4582    i.OS_TaskBlock      os_core.o
    0x08005690   0x08005690   0x00000030   Code   RO         5292    i.OS_TaskDbgListAdd  os_task.o
    0x080056c0   0x080056c0   0x00000044   Code   RO         5293    i.OS_TaskDbgListRemove  os_task.o
    0x08005704   0x08005704   0x00000020   Code   RO         5294    i.OS_TaskInit       os_task.o
    0x08005724   0x08005724   0x000000c8   Code   RO         5295    i.OS_TaskInitTCB    os_task.o
    0x080057ec   0x080057ec   0x0000020c   Code   RO         5296    i.OS_TaskQPost      os_task.o
    0x080059f8   0x080059f8   0x0000001c   Code   RO         4583    i.OS_TaskRdy        os_core.o
    0x08005a14   0x08005a14   0x00000140   Code   RO         5297    i.OS_TaskResume     os_task.o
    0x08005b54   0x08005b54   0x00000018   Code   RO         5298    i.OS_TaskReturn     os_task.o
    0x08005b6c   0x08005b6c   0x000004c4   Code   RO         5299    i.OS_TaskSemPost    os_task.o
    0x08006030   0x08006030   0x00000150   Code   RO         5300    i.OS_TaskSuspend    os_task.o
    0x08006180   0x08006180   0x00000028   Code   RO         5442    i.OS_TickListInit   os_tick.o
    0x080061a8   0x080061a8   0x000001bc   Code   RO         5443    i.OS_TickListInsert  os_tick.o
    0x08006364   0x08006364   0x00000038   Code   RO         5444    i.OS_TickListRemove  os_tick.o
    0x0800639c   0x0800639c   0x00000024   Code   RO         5445    i.OS_TickListResetPeak  os_tick.o
    0x080063c0   0x080063c0   0x000001f8   Code   RO         5446    i.OS_TickListUpdate  os_tick.o
    0x080065b8   0x080065b8   0x0000002c   Code   RO         5447    i.OS_TickTask       os_tick.o
    0x080065e4   0x080065e4   0x000000b8   Code   RO         5448    i.OS_TickTaskInit   os_tick.o
    0x0800669c   0x0800669c   0x00000028   Code   RO         5539    i.OS_TmrDbgListAdd  os_tmr.o
    0x080066c4   0x080066c4   0x00000128   Code   RO         5541    i.OS_TmrInit        os_tmr.o
    0x080067ec   0x080067ec   0x000000d0   Code   RO         5542    i.OS_TmrLink        os_tmr.o
    0x080068bc   0x080068bc   0x00000024   Code   RO         5543    i.OS_TmrResetPeak   os_tmr.o
    0x080068e0   0x080068e0   0x000000c0   Code   RO         5544    i.OS_TmrTask        os_tmr.o
    0x080069a0   0x080069a0   0x00000050   Code   RO         5545    i.OS_TmrUnlink      os_tmr.o
    0x080069f0   0x080069f0   0x00000020   Code   RO         2046    i.RCC_APB2PeriphClockCmd  stm32f10x_rcc.o
    0x08006a10   0x08006a10   0x000000d4   Code   RO         2054    i.RCC_GetClocksFreq  stm32f10x_rcc.o
    0x08006ae4   0x08006ae4   0x00000010   Code   RO         2243    i.RTC_ClearITPendingBit  stm32f10x_rtc.o
    0x08006af4   0x08006af4   0x00000024   Code   RO         2249    i.RTC_GetITStatus   stm32f10x_rtc.o
    0x08006b18   0x08006b18   0x00000012   Code   RO          345    i.RTC_IRQHandler    stm32f10x_it.o
    0x08006b2a   0x08006b2a   0x00000002   Code   RO          346    i.SVC_Handler       stm32f10x_it.o
    0x08006b2c   0x08006b2c   0x00000008   Code   RO           17    i.SetSysClock       system_stm32f10x.o
    0x08006b34   0x08006b34   0x000000e0   Code   RO           18    i.SetSysClockTo72   system_stm32f10x.o
    0x08006c14   0x08006c14   0x00000028   Code   RO          481    i.SysTick_CLKSourceConfig  misc.o
    0x08006c3c   0x08006c3c   0x0000001c   Code   RO         3444    i.SysTick_Handler   delay.o
    0x08006c58   0x08006c58   0x00000060   Code   RO           20    i.SystemInit        system_stm32f10x.o
    0x08006cb8   0x08006cb8   0x000000c0   Code   RO          347    i.TIM5_IRQHandler   stm32f10x_it.o
    0x08006d78   0x08006d78   0x00000006   Code   RO         2673    i.TIM_ClearITPendingBit  stm32f10x_tim.o
    0x08006d7e   0x08006d7e   0x00000006   Code   RO         2693    i.TIM_GetCapture1   stm32f10x_tim.o
    0x08006d84   0x08006d84   0x00000022   Code   RO         2699    i.TIM_GetITStatus   stm32f10x_tim.o
    0x08006da6   0x08006da6   0x00000012   Code   RO         2709    i.TIM_OC1PolarityConfig  stm32f10x_tim.o
    0x08006db8   0x08006db8   0x00000004   Code   RO         2743    i.TIM_SetCounter    stm32f10x_tim.o
    0x08006dbc   0x08006dbc   0x0000003c   Code   RO          348    i.USART1_IRQHandler  stm32f10x_it.o
    0x08006df8   0x08006df8   0x0000001e   Code   RO         3211    i.USART_ClearITPendingBit  stm32f10x_usart.o
    0x08006e16   0x08006e16   0x00000018   Code   RO         3214    i.USART_Cmd         stm32f10x_usart.o
    0x08006e2e   0x08006e2e   0x0000001a   Code   RO         3217    i.USART_GetFlagStatus  stm32f10x_usart.o
    0x08006e48   0x08006e48   0x00000054   Code   RO         3218    i.USART_GetITStatus  stm32f10x_usart.o
    0x08006e9c   0x08006e9c   0x0000004a   Code   RO         3220    i.USART_ITConfig    stm32f10x_usart.o
    0x08006ee6   0x08006ee6   0x00000002   PAD
    0x08006ee8   0x08006ee8   0x000000d8   Code   RO         3221    i.USART_Init        stm32f10x_usart.o
    0x08006fc0   0x08006fc0   0x0000000a   Code   RO         3228    i.USART_ReceiveData  stm32f10x_usart.o
    0x08006fca   0x08006fca   0x00000008   Code   RO         3231    i.USART_SendData    stm32f10x_usart.o
    0x08006fd2   0x08006fd2   0x00000004   Code   RO          349    i.UsageFault_Handler  stm32f10x_it.o
    0x08006fd6   0x08006fd6   0x00000002   PAD
    0x08006fd8   0x08006fd8   0x000000ac   Code   RO         3610    i.Usart_Init        usart.o
    0x08007084   0x08007084   0x00000028   Code   RO         5942    i.__ARM_fpclassify  m_ws.l(fpclassify.o)
    0x080070ac   0x080070ac   0x0000000e   Code   RO         5810    i._is_digit         c_w.l(__printf_wp.o)
    0x080070ba   0x080070ba   0x00000004   Code   RO         3611    i._sys_exit         usart.o
    0x080070be   0x080070be   0x00000002   PAD
    0x080070c0   0x080070c0   0x00000070   Code   RO         3445    i.delay_init        delay.o
    0x08007130   0x08007130   0x00000050   Code   RO         3446    i.delay_ms          delay.o
    0x08007180   0x08007180   0x0000000a   Code   RO         3447    i.delay_osschedlock  delay.o
    0x0800718a   0x0800718a   0x0000000a   Code   RO         3448    i.delay_osschedunlock  delay.o
    0x08007194   0x08007194   0x00000010   Code   RO         3449    i.delay_ostimedly   delay.o
    0x080071a4   0x080071a4   0x0000005c   Code   RO         3450    i.delay_us          delay.o
    0x08007200   0x08007200   0x0000002c   Code   RO         3737    i.dht11_gpio_input  dht11.o
    0x0800722c   0x0800722c   0x0000002c   Code   RO         3738    i.dht11_gpio_output  dht11.o
    0x08007258   0x08007258   0x00000044   Code   RO         3739    i.dht11_read_bit    dht11.o
    0x0800729c   0x0800729c   0x00000022   Code   RO         3740    i.dht11_read_byte   dht11.o
    0x080072be   0x080072be   0x00000002   PAD
    0x080072c0   0x080072c0   0x00000070   Code   RO         3741    i.dht11_read_data   dht11.o
    0x08007330   0x08007330   0x00000034   Code   RO         3742    i.dht11_reset       dht11.o
    0x08007364   0x08007364   0x00000014   Code   RO         3743    i.dht11_scan        dht11.o
    0x08007378   0x08007378   0x0000001c   Code   RO         3612    i.fputc             usart.o
    0x08007394   0x08007394   0x00000040   Code   RO         3844    i.gpio_config       lcd1602.o
    0x080073d4   0x080073d4   0x0000006a   Code   RO         3846    i.lcd_init          lcd1602.o
    0x0800743e   0x0800743e   0x00000002   PAD
    0x08007440   0x08007440   0x00000074   Code   RO         3847    i.lcd_write_ascii   lcd1602.o
    0x080074b4   0x080074b4   0x00000030   Code   RO         3848    i.lcd_write_char    lcd1602.o
    0x080074e4   0x080074e4   0x00000074   Code   RO         3849    i.lcd_write_com     lcd1602.o
    0x08007558   0x08007558   0x0000003a   Code   RO         3850    i.lcd_write_string  lcd1602.o
    0x08007592   0x08007592   0x00000002   PAD
    0x08007594   0x08007594   0x00000140   Code   RO          137    i.main              main.o
    0x080076d4   0x080076d4   0x000001cc   Code   RO          427    i.start_task        app.o
    0x080078a0   0x080078a0   0x00000010   Code   RO          428    i.tmr1_callback_led  app.o
    0x080078b0   0x080078b0   0x0000002c   Code   RO         5938    locale$$code        c_w.l(lc_numeric_c.o)
    0x080078dc   0x080078dc   0x00000150   Code   RO         5827    x$fpl$dadd          fz_ws.l(daddsub_clz.o)
    0x08007a2c   0x08007a2c   0x000002b0   Code   RO         5834    x$fpl$ddiv          fz_ws.l(ddiv.o)
    0x08007cdc   0x08007cdc   0x0000005e   Code   RO         5837    x$fpl$dfix          fz_ws.l(dfix.o)
    0x08007d3a   0x08007d3a   0x00000026   Code   RO         5841    x$fpl$dfltu         fz_ws.l(dflt_clz.o)
    0x08007d60   0x08007d60   0x00000154   Code   RO         5847    x$fpl$dmul          fz_ws.l(dmul.o)
    0x08007eb4   0x08007eb4   0x0000009c   Code   RO         5873    x$fpl$dnaninf       fz_ws.l(dnaninf.o)
    0x08007f50   0x08007f50   0x0000000c   Code   RO         5875    x$fpl$dretinf       fz_ws.l(dretinf.o)
    0x08007f5c   0x08007f5c   0x000001d4   Code   RO         5829    x$fpl$dsub          fz_ws.l(daddsub_clz.o)
    0x08008130   0x08008130   0x00000056   Code   RO         5849    x$fpl$f2d           fz_ws.l(f2d.o)
    0x08008186   0x08008186   0x00000002   PAD
    0x08008188   0x08008188   0x00000030   Code   RO         5852    x$fpl$fflt          fz_ws.l(fflt_clz.o)
    0x080081b8   0x080081b8   0x0000008c   Code   RO         5877    x$fpl$fnaninf       fz_ws.l(fnaninf.o)
    0x08008244   0x08008244   0x00000004   Code   RO         5857    x$fpl$printf1       fz_ws.l(printf1.o)
    0x08008248   0x08008248   0x00000000   Code   RO         5879    x$fpl$usenofp       fz_ws.l(usenofp.o)
    0x08008248   0x08008248   0x000000a4   Data   RO         4523    .constdata          os_cfg_app.o
    0x080082ec   0x080082ec   0x0000016c   Data   RO         4791    .constdata          os_dbg.o
    0x08008458   0x08008458   0x00000094   Data   RO         5909    .constdata          c_w.l(bigflt0.o)
    0x080084ec   0x080084ec   0x00000020   Data   RO         6087    Region$$Table       anon$$obj.o
    0x0800850c   0x0800850c   0x0000001c   Data   RO         5937    locale$$data        c_w.l(lc_numeric_c.o)


    Execution Region RW_IRAM1 (Exec base: 0x20000000, Load base: 0x08008528, Size: 0x00002e88, Max: 0x00005000, ABSOLUTE, COMPRESSED[0x00000024])

    Exec Addr    Load Addr    Size         Type   Attr      Idx    E Section Name        Object

    0x20000000   COMPRESSED   0x00000014   Data   RW           21    .data               system_stm32f10x.o
    0x20000014   COMPRESSED   0x00000006   Data   RW          350    .data               stm32f10x_it.o
    0x2000001a   COMPRESSED   0x00000002   PAD
    0x2000001c   COMPRESSED   0x00000020   Data   RW          430    .data               app.o
    0x2000003c   COMPRESSED   0x00000014   Data   RW         2074    .data               stm32f10x_rcc.o
    0x20000050   COMPRESSED   0x00000004   Data   RW         3451    .data               delay.o
    0x20000054   COMPRESSED   0x00000004   Data   RW         3613    .data               usart.o
    0x20000058   COMPRESSED   0x00000004   Data   RW         3949    .data               cpu_core.o
    0x2000005c   COMPRESSED   0x00000008   Data   RW         5067    .data               os_prio.o
    0x20000064   COMPRESSED   0x000000c8   Data   RW         5623    .data               os_var.o
    0x2000012c   COMPRESSED   0x00000004   Data   RW         5650    .data               os_cpu_c.o
    0x20000130        -       0x00000b74   Zero   RW          429    .bss                app.o
    0x20000ca4        -       0x00000010   Zero   RW         3947    .bss                cpu_core.o
    0x20000cb4        -       0x00001490   Zero   RW         4522    .bss                os_cfg_app.o
    0x20002144        -       0x000006e0   Zero   RW         5622    .bss                os_var.o
    0x20002824        -       0x00000060   Zero   RW         5945    .bss                c_w.l(libspace.o)
    0x20002884   COMPRESSED   0x00000004   PAD
    0x20002888        -       0x00000200   Zero   RW          131    HEAP                startup_stm32f10x_hd.o
    0x20002a88        -       0x00000400   Zero   RW          130    STACK               startup_stm32f10x_hd.o


==============================================================================

Image component sizes


      Code (inc. data)   RO Data    RW Data    ZI Data      Debug   Object Name

      1356        226          0         32       2932       5254   app.o
        80         14          0          0          0       1526   bsp.o
         0          0          0          0          0       4532   core_cm3.o
        52          0          0          0          0        352   cpu_a.o
       100         18          0          4         16      12049   cpu_core.o
       348         44          0          4          0      43201   delay.o
       374         30          0          0          0       4051   dht11.o
       676         56          0          0          0       5243   ds18b20.o
       626         54          0          0          0       2308   exti.o
       128          8          0          0          0        555   key.o
       508         30          0          0          0       3739   lcd1602.o
        80          4          0          0          0        507   led.o
       102          0          0          0          0       1792   lib_mem.o
       320         54          0          0          0     239299   main.o
       172         22          0          0          0       2021   misc.o
       252        166        164          0       5264      20946   os_cfg_app.o
      3050        424          0          0          0      21062   os_core.o
       152         32          0          0          0        408   os_cpu_a.o
       516         58          0          4          0       6912   os_cpu_c.o
       432        286        364          0          0       4785   os_dbg.o
       670         26          0          0          0       3029   os_flag.o
      1148        204          0          0          0       3466   os_int.o
        24         10          0          0          0        873   os_mem.o
       576         32          0          0          0       4601   os_msg.o
        24         10          0          0          0        875   os_mutex.o
       136         16          0          8          0       2826   os_prio.o
      1312         72          0          0          0       5611   os_q.o
       380         16          0          0          0       2182   os_sem.o
      1616        208          0          0          0       3919   os_stat.o
      4792        256          0          0          0      13228   os_task.o
      1308        124          0          0          0       5429   os_tick.o
       844         44          0          0          0       3021   os_time.o
      1288        164          0          0          0       6474   os_tmr.o
         0          0          0        200       1760      19381   os_var.o
        64         26        304          0       1536        820   startup_stm32f10x_hd.o
       160         12          0          0          0       1469   stm32f10x_exti.o
       512         10          0          0          0       5044   stm32f10x_gpio.o
       292         18          0          6          0       4953   stm32f10x_it.o
       244         26          0         20          0       3841   stm32f10x_rcc.o
        52          8          0          0          0       1078   stm32f10x_rtc.o
        68          0          0          0          0       3365   stm32f10x_tim.o
       472          6          0          0          0       6719   stm32f10x_usart.o
       328         28          0         20          0     251333   system_stm32f10x.o
       204         12          0          4          0       3467   usart.o

    ----------------------------------------------------------------------
     25866       2854        864        304      11508     737546   Object Totals
         0          0         32          0          0          0   (incl. Generated)
        28          0          0          2          0          0   (incl. Padding)

    ----------------------------------------------------------------------

      Code (inc. data)   RO Data    RW Data    ZI Data      Debug   Library Member Name

        90          0          0          0          0          0   __dczerorl2.o
         8          0          0          0          0         68   __main.o
       284          0          0          0          0        156   __printf_wp.o
         0          0          0          0          0          0   __rtentry.o
        12          0          0          0          0          0   __rtentry2.o
         6          0          0          0          0          0   __rtentry4.o
        52          8          0          0          0          0   __scatter.o
        28          0          0          0          0          0   __scatter_zi.o
        48          6          0          0          0         96   _printf_char_common.o
        36          4          0          0          0         80   _printf_char_file.o
         6          0          0          0          0          0   _printf_d.o
       120         16          0          0          0         92   _printf_dec.o
         6          0          0          0          0          0   _printf_f.o
      1054          0          0          0          0        216   _printf_fp_dec.o
       128         16          0          0          0         84   _printf_fp_infnan.o
       178          0          0          0          0         88   _printf_intcommon.o
         0          0          0          0          0          0   _printf_percent.o
         4          0          0          0          0          0   _printf_percent_end.o
       228          4        148          0          0         96   bigflt0.o
      1936        128          0          0          0        672   btod.o
        18          0          0          0          0         80   exit.o
         8          0          0          0          0         68   ferror.o
         6          0          0          0          0        152   heapauxi.o
        44         10         28          0          0         76   lc_numeric_c.o
         2          0          0          0          0          0   libinit.o
        18          0          0          0          0          0   libinit2.o
         2          0          0          0          0          0   libshutdown.o
         2          0          0          0          0          0   libshutdown2.o
         8          4          0          0         96         68   libspace.o
       138          0          0          0          0         80   lludiv10.o
        24          4          0          0          0         84   noretval__2printf.o
         8          4          0          0          0         68   rt_locale_intlibspace.o
         2          0          0          0          0          0   rtexit.o
        10          0          0          0          0          0   rtexit2.o
       128          0          0          0          0         68   strcmpv7m.o
        74          0          0          0          0         80   sys_stackheap_outer.o
         2          0          0          0          0         68   use_no_semi.o
         2          0          0          0          0         68   use_no_semi_2.o
       804         16          0          0          0        272   daddsub_clz.o
       688        140          0          0          0        208   ddiv.o
        94          4          0          0          0         92   dfix.o
        38          0          0          0          0         68   dflt_clz.o
       340         12          0          0          0        104   dmul.o
       156          4          0          0          0         92   dnaninf.o
        12          0          0          0          0         68   dretinf.o
        86          4          0          0          0         84   f2d.o
        48          0          0          0          0         68   fflt_clz.o
       140          4          0          0          0         84   fnaninf.o
         4          0          0          0          0         68   printf1.o
         0          0          0          0          0          0   usenofp.o
        40          0          0          0          0         68   fpclassify.o

    ----------------------------------------------------------------------
      7182        388        176          0        100       3884   Library Totals
        12          0          0          0          4          0   (incl. Padding)

    ----------------------------------------------------------------------

      Code (inc. data)   RO Data    RW Data    ZI Data      Debug   Library Name

      4720        204        176          0         96       2608   c_w.l
      2410        184          0          0          0       1208   fz_ws.l
        40          0          0          0          0         68   m_ws.l

    ----------------------------------------------------------------------
      7182        388        176          0        100       3884   Library Totals

    ----------------------------------------------------------------------

==============================================================================


      Code (inc. data)   RO Data    RW Data    ZI Data      Debug   

     33048       3242       1040        304      11608     728998   Grand Totals
     33048       3242       1040         36      11608     728998   ELF Image Totals (compressed)
     33048       3242       1040         36          0          0   ROM Totals

==============================================================================

    Total RO  Size (Code + RO Data)                34088 (  33.29kB)
    Total RW  Size (RW Data + ZI Data)             11912 (  11.63kB)
    Total ROM Size (Code + RO Data + RW Data)      34124 (  33.32kB)

==============================================================================

