Component: ARM Compiler 5.06 update 7 (build 960) Tool: armlink [4d3601]

==============================================================================

Section Cross References

    main.o(.text) refers to _printf_percent.o(.ARM.Collect$$_printf_percent$$00000000) for _printf_percent
    main.o(.text) refers to _printf_f.o(.ARM.Collect$$_printf_percent$$00000003) for _printf_f
    main.o(.text) refers to printf1.o(x$fpl$printf1) for _printf_fp_dec
    main.o(.text) refers to lcd1602.o(.text) for lcd_write_char
    main.o(.text) refers to os_time.o(.text) for OSTimeDly
    main.o(.text) refers to os_cpu_a.o(.text) for OS_CPU_SR_Save
    main.o(.text) refers to strcmpv7m.o(.text) for strcmp
    main.o(.text) refers to dfix.o(x$fpl$dfix) for __aeabi_d2iz
    main.o(.text) refers to dflt_clz.o(x$fpl$dflt) for __aeabi_i2d
    main.o(.text) refers to daddsub_clz.o(x$fpl$drsb) for __aeabi_drsub
    main.o(.text) refers to dmul.o(x$fpl$dmul) for __aeabi_dmul
    main.o(.text) refers to daddsub_clz.o(x$fpl$dadd) for __aeabi_dadd
    main.o(.text) refers to dfixu.o(x$fpl$dfixu) for __aeabi_d2uiz
    main.o(.text) refers to os_mbox.o(.text) for OSMboxPend
    main.o(.text) refers to dht11.o(.text) for dht11_read_data
    main.o(.text) refers to dflt_clz.o(x$fpl$dfltu) for __aeabi_ui2d
    main.o(.text) refers to ddiv.o(x$fpl$ddiv) for __aeabi_ddiv
    main.o(.text) refers to dleqf.o(x$fpl$dleqf) for __aeabi_cdcmple
    main.o(.text) refers to drleqf.o(x$fpl$drleqf) for __aeabi_cdrcmple
    main.o(.text) refers to rand.o(.emb_text) for rand
    main.o(.text) refers to os_core.o(.text) for OSStatInit
    main.o(.text) refers to os_task.o(.text) for OSTaskCreate
    main.o(.text) refers to main.o(.data) for MinTemp
    main.o(.text) refers to usart.o(.data) for USART_RX_STA
    main.o(.text) refers to usart.o(.bss) for USART_RX_BUF
    main.o(.text) refers to main.o(.bss) for DHT11_TASK_STK
    main.o(.text) refers to delay.o(.text) for delay_init
    main.o(.text) refers to misc.o(.text) for NVIC_PriorityGroupConfig
    main.o(.text) refers to usart.o(.text) for uart_init
    main.o(.text) refers to led.o(.text) for LED_Init
    main.o(.text) refers to exti.o(.text) for EXTIX_Init
    main.o(.text) refers to key.o(.text) for KEY_Init
    main.o(.text) refers to ds18b20.o(.text) for Ds18b20ReadTemp
    main.o(.text) refers to noretval__2printf.o(.text) for __2printf
    system_stm32f10x.o(.text) refers to system_stm32f10x.o(.data) for SystemCoreClock
    led.o(.text) refers to stm32f10x_rcc.o(.text) for RCC_APB2PeriphClockCmd
    led.o(.text) refers to stm32f10x_gpio.o(.text) for GPIO_Init
    exti.o(.text) refers to stm32f10x_rcc.o(.text) for RCC_APB2PeriphClockCmd
    exti.o(.text) refers to key.o(.text) for KEY_Init
    exti.o(.text) refers to stm32f10x_gpio.o(.text) for GPIO_EXTILineConfig
    exti.o(.text) refers to stm32f10x_exti.o(.text) for EXTI_Init
    exti.o(.text) refers to misc.o(.text) for NVIC_Init
    exti.o(.text) refers to os_core.o(.text) for OSIntEnter
    exti.o(.text) refers to delay.o(.text) for delay_ms
    exti.o(.text) refers to main.o(.data) for MaxTemp
    key.o(.text) refers to stm32f10x_rcc.o(.text) for RCC_APB2PeriphClockCmd
    key.o(.text) refers to stm32f10x_gpio.o(.text) for GPIO_PinRemapConfig
    key.o(.text) refers to delay.o(.text) for delay_ms
    key.o(.text) refers to key.o(.data) for key_up
    ds18b20.o(.text) refers to delay.o(.text) for delay_us
    dht11.o(.text) refers to stm32f10x_rcc.o(.text) for RCC_APB2PeriphClockCmd
    dht11.o(.text) refers to stm32f10x_gpio.o(.text) for GPIO_Init
    dht11.o(.text) refers to delay.o(.text) for delay_us
    lcd1602.o(.text) refers to stm32f10x_rcc.o(.text) for RCC_APB2PeriphClockCmd
    lcd1602.o(.text) refers to stm32f10x_gpio.o(.text) for GPIO_Init
    lcd1602.o(.text) refers to delay.o(.text) for delay_us
    delay.o(.text) refers to os_core.o(.text) for OSSchedLock
    delay.o(.text) refers to os_time.o(.text) for OSTimeDly
    delay.o(.text) refers to misc.o(.text) for SysTick_CLKSourceConfig
    delay.o(.text) refers to os_core.o(.data) for OSRunning
    delay.o(.text) refers to system_stm32f10x.o(.data) for SystemCoreClock
    delay.o(.text) refers to delay.o(.data) for fac_us
    usart.o(.text) refers (Special) to use_no_semi_2.o(.text) for __use_no_semihosting
    usart.o(.text) refers to stm32f10x_rcc.o(.text) for RCC_APB2PeriphClockCmd
    usart.o(.text) refers to stm32f10x_usart.o(.text) for USART_DeInit
    usart.o(.text) refers to stm32f10x_gpio.o(.text) for GPIO_Init
    usart.o(.text) refers to misc.o(.text) for NVIC_Init
    usart.o(.text) refers to os_core.o(.text) for OSIntEnter
    usart.o(.text) refers to usart.o(.data) for USART_RX_STA
    usart.o(.text) refers to usart.o(.bss) for USART_RX_BUF
    usart.o(.bss) refers (Special) to use_no_semi_2.o(.text) for __use_no_semihosting
    usart.o(.data) refers (Special) to use_no_semi_2.o(.text) for __use_no_semihosting
[...]
    ..\UCOSII\PORT\os_cpu_c.c                0x00000000   Number         0  os_cpu_c.o ABSOLUTE
    ..\\CORE\\core_cm3.c                     0x00000000   Number         0  core_cm3.o ABSOLUTE
    ..\\SYSTEM\\sys\\sys.c                   0x00000000   Number         0  sys.o ABSOLUTE
    dc.s                                     0x00000000   Number         0  dc.o ABSOLUTE
    main.c                                   0x00000000   Number         0  main.o ABSOLUTE
    stm32f10x_it.c                           0x00000000   Number         0  stm32f10x_it.o ABSOLUTE
    system_stm32f10x.c                       0x00000000   Number         0  system_stm32f10x.o ABSOLUTE
    RESET                                    0x08000000   Section      304  startup_stm32f10x_hd.o(RESET)
    !!!main                                  0x08000130   Section        8  __main.o(!!!main)
    !!!scatter                               0x08000138   Section       52  __scatter.o(!!!scatter)
    !!handler_copy                           0x0800016c   Section       26  __scatter_copy.o(!!handler_copy)
    !!handler_zi                             0x08000188   Section       28  __scatter_zi.o(!!handler_zi)
    .ARM.Collect$$_printf_percent$$00000000  0x080001a4   Section        0  _printf_percent.o(.ARM.Collect$$_printf_percent$$00000000)
    .ARM.Collect$$_printf_percent$$00000003  0x080001a4   Section        6  _printf_f.o(.ARM.Collect$$_printf_percent$$00000003)
    .ARM.Collect$$_printf_percent$$00000017  0x080001aa   Section        4  _printf_percent_end.o(.ARM.Collect$$_printf_percent$$00000017)
    .ARM.Collect$$libinit$$00000000          0x080001ae   Section        2  libinit.o(.ARM.Collect$$libinit$$00000000)
    .ARM.Collect$$libinit$$00000002          0x080001b0   Section        0  libinit2.o(.ARM.Collect$$libinit$$00000002)
    .ARM.Collect$$libinit$$00000004          0x080001b0   Section        0  libinit2.o(.ARM.Collect$$libinit$$00000004)
    .ARM.Collect$$libinit$$0000000A          0x080001b0   Section        0  libinit2.o(.ARM.Collect$$libinit$$0000000A)
    .ARM.Collect$$libinit$$0000000C          0x080001b0   Section        0  libinit2.o(.ARM.Collect$$libinit$$0000000C)
    .ARM.Collect$$libinit$$0000000D          0x080001b0   Section        4  libinit2.o(.ARM.Collect$$libinit$$0000000D)
    .ARM.Collect$$libinit$$0000000E          0x080001b4   Section        0  libinit2.o(.ARM.Collect$$libinit$$0000000E)
    .ARM.Collect$$libinit$$0000000F          0x080001b4   Section        6  libinit2.o(.ARM.Collect$$libinit$$0000000F)
    .ARM.Collect$$libinit$$00000011          0x080001ba   Section        0  libinit2.o(.ARM.Collect$$libinit$$00000011)
    .ARM.Collect$$libinit$$00000013          0x080001ba   Section        0  libinit2.o(.ARM.Collect$$libinit$$00000013)
    .ARM.Collect$$libinit$$00000015          0x080001ba   Section        0  libinit2.o(.ARM.Collect$$libinit$$00000015)
    .ARM.Collect$$libinit$$00000016          0x080001ba   Section       10  libinit2.o(.ARM.Collect$$libinit$$00000016)
    .ARM.Collect$$libinit$$00000017          0x080001c4   Section        0  libinit2.o(.ARM.Collect$$libinit$$00000017)
    .ARM.Collect$$libinit$$00000019          0x080001c4   Section        0  libinit2.o(.ARM.Collect$$libinit$$00000019)
    .ARM.Collect$$libinit$$0000001B          0x080001c4   Section        0  libinit2.o(.ARM.Collect$$libinit$$0000001B)
    .ARM.Collect$$libinit$$0000001D          0x080001c4   Section        0  libinit2.o(.ARM.Collect$$libinit$$0000001D)
    .ARM.Collect$$libinit$$0000001F          0x080001c4   Section        0  libinit2.o(.ARM.Collect$$libinit$$0000001F)
    .ARM.Collect$$libinit$$00000021          0x080001c4   Section        0  libinit2.o(.ARM.Collect$$libinit$$00000021)
    .ARM.Collect$$libinit$$00000023          0x080001c4   Section        0  libinit2.o(.ARM.Collect$$libinit$$00000023)
    .ARM.Collect$$libinit$$00000025          0x080001c4   Section        0  libinit2.o(.ARM.Collect$$libinit$$00000025)
    .ARM.Collect$$libinit$$0000002C          0x080001c4   Section        0  libinit2.o(.ARM.Collect$$libinit$$0000002C)
    .ARM.Collect$$libinit$$0000002E          0x080001c4   Section        0  libinit2.o(.ARM.Collect$$libinit$$0000002E)
    .ARM.Collect$$libinit$$00000030          0x080001c4   Section        0  libinit2.o(.ARM.Collect$$libinit$$00000030)
    .ARM.Collect$$libinit$$00000032          0x080001c4   Section        0  libinit2.o(.ARM.Collect$$libinit$$00000032)
    .ARM.Collect$$libinit$$00000033          0x080001c4   Section        2  libinit2.o(.ARM.Collect$$libinit$$00000033)
    .ARM.Collect$$libshutdown$$00000000      0x080001c6   Section        2  libshutdown.o(.ARM.Collect$$libshutdown$$00000000)
    .ARM.Collect$$libshutdown$$00000002      0x080001c8   Section        0  libshutdown2.o(.ARM.Collect$$libshutdown$$00000002)
    .ARM.Collect$$libshutdown$$00000004      0x080001c8   Section        0  libshutdown2.o(.ARM.Collect$$libshutdown$$00000004)
    .ARM.Collect$$libshutdown$$00000006      0x080001c8   Section        0  libshutdown2.o(.ARM.Collect$$libshutdown$$00000006)
    .ARM.Collect$$libshutdown$$00000009      0x080001c8   Section        0  libshutdown2.o(.ARM.Collect$$libshutdown$$00000009)
    .ARM.Collect$$libshutdown$$0000000C      0x080001c8   Section        0  libshutdown2.o(.ARM.Collect$$libshutdown$$0000000C)
    .ARM.Collect$$libshutdown$$0000000E      0x080001c8   Section        0  libshutdown2.o(.ARM.Collect$$libshutdown$$0000000E)
    .ARM.Collect$$libshutdown$$00000011      0x080001c8   Section        0  libshutdown2.o(.ARM.Collect$$libshutdown$$00000011)
    .ARM.Collect$$libshutdown$$00000012      0x080001c8   Section        2  libshutdown2.o(.ARM.Collect$$libshutdown$$00000012)
    .ARM.Collect$$rtentry$$00000000          0x080001ca   Section        0  __rtentry.o(.ARM.Collect$$rtentry$$00000000)
    .ARM.Collect$$rtentry$$00000002          0x080001ca   Section        0  __rtentry2.o(.ARM.Collect$$rtentry$$00000002)
    .ARM.Collect$$rtentry$$00000004          0x080001ca   Section        6  __rtentry4.o(.ARM.Collect$$rtentry$$00000004)
    .ARM.Collect$$rtentry$$00000009          0x080001d0   Section        0  __rtentry2.o(.ARM.Collect$$rtentry$$00000009)
    .ARM.Collect$$rtentry$$0000000A          0x080001d0   Section        4  __rtentry2.o(.ARM.Collect$$rtentry$$0000000A)
    .ARM.Collect$$rtentry$$0000000C          0x080001d4   Section        0  __rtentry2.o(.ARM.Collect$$rtentry$$0000000C)
    .ARM.Collect$$rtentry$$0000000D          0x080001d4   Section        8  __rtentry2.o(.ARM.Collect$$rtentry$$0000000D)
    .ARM.Collect$$rtexit$$00000000           0x080001dc   Section        2  rtexit.o(.ARM.Collect$$rtexit$$00000000)
    .ARM.Collect$$rtexit$$00000002           0x080001de   Section        0  rtexit2.o(.ARM.Collect$$rtexit$$00000002)
    .ARM.Collect$$rtexit$$00000003           0x080001de   Section        4  rtexit2.o(.ARM.Collect$$rtexit$$00000003)
    .ARM.Collect$$rtexit$$00000004           0x080001e2   Section        6  rtexit2.o(.ARM.Collect$$rtexit$$00000004)
    .emb_text                                0x080001e8   Section       52  rand.o(.emb_text)
    .text                                    0x0800021c   Section        0  main.o(.text)
    LCD_Disp                                 0x08000377   Thumb Code   252  main.o(.text)
    user_init                                0x08000473   Thumb Code    54  main.o(.text)
    .text                                    0x08000760   Section        0  stm32f10x_it.o(.text)
    .text                                    0x08000778   Section        0  system_stm32f10x.o(.text)
    SetSysClockTo72                          0x08000779   Thumb Code   214  system_stm32f10x.o(.text)
    SetSysClock                              0x0800084f   Thumb Code     8  system_stm32f10x.o(.text)
    .text                                    0x08000958   Section        0  led.o(.text)
    .text                                    0x080009a8   Section        0  exti.o(.text)
    .text                                    0x08000af0   Section        0  key.o(.text)
    .text                                    0x08000be4   Section        0  ds18b20.o(.text)
    .text                                    0x08000dbc   Section        0  dht11.o(.text)
    .text                                    0x08000f18   Section        0  lcd1602.o(.text)
    .text                                    0x08001110   Section        0  delay.o(.text)
    .text                                    0x08001240   Section        0  usart.o(.text)
    .text                                    0x08001390   Section       64  startup_stm32f10x_hd.o(.text)
    .text                                    0x080013d0   Section        0  misc.o(.text)
    .text                                    0x080014ac   Section        0  stm32f10x_gpio.o(.text)
    .text                                    0x08001808   Section        0  stm32f10x_usart.o(.text)
    .text                                    0x08001c10   Section        0  stm32f10x_rcc.o(.text)
    .text                                    0x08001fb4   Section        0  stm32f10x_exti.o(.text)
    .text                                    0x080020d0   Section        0  os_core.o(.text)
    OS_InitTaskStat                          0x0800217b   Thumb Code    52  os_core.o(.text)
    OS_InitTaskIdle                          0x080021d1   Thumb Code    52  os_core.o(.text)
    OS_InitEventList                         0x08002217   Thumb Code    74  os_core.o(.text)
    OS_InitTCBList                           0x08002261   Thumb Code   106  os_core.o(.text)
    OS_InitRdyList                           0x080022cb   Thumb Code    44  os_core.o(.text)
    OS_InitMisc                              0x080022f7   Thumb Code    44  os_core.o(.text)
    OS_SchedNew                              0x0800236b   Thumb Code    26  os_core.o(.text)
    .text                                    0x08002960   Section        0  os_flag.o(.text)
    OS_FlagTaskRdy                           0x08002ad7   Thumb Code    82  os_flag.o(.text)
    OS_FlagBlock                             0x08002c91   Thumb Code   152  os_flag.o(.text)
    .text                                    0x0800316c   Section        0  os_mbox.o(.text)
    .text                                    0x08003538   Section        0  os_q.o(.text)
    .text                                    0x08003b20   Section        0  os_task.o(.text)
    .text                                    0x080042e4   Section        0  os_time.o(.text)
    .text                                    0x08004494   Section        0  os_cpu_c.o(.text)
    .text                                    0x08004544   Section      180  os_cpu_a.o(.text)
    .text                                    0x080045f8   Section        2  use_no_semi_2.o(.text)
    .text                                    0x080045fc   Section        0  noretval__2printf.o(.text)
    .text                                    0x08004614   Section        0  __printf_wp.o(.text)
    .text                                    0x08004724   Section        0  rand.o(.text)
    .text                                    0x08004760   Section      128  strcmpv7m.o(.text)
    .text                                    0x080047e0   Section        0  heapauxi.o(.text)
    .text                                    0x080047e6   Section        2  use_no_semi.o(.text)
    .text                                    0x080047e8   Section        0  _printf_fp_dec.o(.text)
    _fp_digits                               0x080047eb   Thumb Code   432  _printf_fp_dec.o(.text)
    .text                                    0x08004c08   Section        0  _printf_char_file.o(.text)
    .text                                    0x08004c2c   Section        8  rt_locale_intlibspace.o(.text)
    .text                                    0x08004c34   Section      138  lludiv10.o(.text)
    .text                                    0x08004cc0   Section        0  _printf_char_common.o(.text)
    _printf_input_char                       0x08004cc1   Thumb Code    10  _printf_char_common.o(.text)
    .text                                    0x08004cf0   Section        0  _printf_fp_infnan.o(.text)
    .text                                    0x08004d70   Section        0  bigflt0.o(.text)
    .text                                    0x08004e54   Section        0  ferror.o(.text)
    .text                                    0x08004e5c   Section        8  libspace.o(.text)
    .text                                    0x08004e64   Section       74  sys_stackheap_outer.o(.text)
    .text                                    0x08004eae   Section        0  exit.o(.text)
    CL$$btod_d2e                             0x08004ec0   Section       62  btod.o(CL$$btod_d2e)
    CL$$btod_d2e_denorm_low                  0x08004efe   Section       70  btod.o(CL$$btod_d2e_denorm_low)
    CL$$btod_d2e_norm_op1                    0x08004f44   Section       96  btod.o(CL$$btod_d2e_norm_op1)
    CL$$btod_div_common                      0x08004fa4   Section      824  btod.o(CL$$btod_div_common)
    CL$$btod_e2e                             0x080052dc   Section      220  btod.o(CL$$btod_e2e)
    CL$$btod_ediv                            0x080053b8   Section       42  btod.o(CL$$btod_ediv)
    CL$$btod_emul                            0x080053e2   Section       42  btod.o(CL$$btod_emul)
    CL$$btod_mult_common                     0x0800540c   Section      580  btod.o(CL$$btod_mult_common)
    i.__ARM_fpclassify                       0x08005650   Section        0  fpclassify.o(i.__ARM_fpclassify)
    i._is_digit                              0x08005678   Section        0  __printf_wp.o(i._is_digit)
    locale$$code                             0x08005688   Section       44  lc_numeric_c.o(locale$$code)
    x$fpl$dadd                               0x080056b4   Section      336  daddsub_clz.o(x$fpl$dadd)
    _dadd1                                   0x080056c5   Thumb Code     0  daddsub_clz.o(x$fpl$dadd)
    x$fpl$dcmpinf                            0x08005804   Section       24  dcmpi.o(x$fpl$dcmpinf)
    x$fpl$ddiv                               0x0800581c   Section      688  ddiv.o(x$fpl$ddiv)
    ddiv_entry                               0x08005823   Thumb Code     0  ddiv.o(x$fpl$ddiv)
    x$fpl$dfix                               0x08005acc   Section       94  dfix.o(x$fpl$dfix)
    x$fpl$dfixu                              0x08005b2c   Section       90  dfixu.o(x$fpl$dfixu)
    x$fpl$dflt                               0x08005b86   Section       46  dflt_clz.o(x$fpl$dflt)
    x$fpl$dfltu                              0x08005bb4   Section       38  dflt_clz.o(x$fpl$dfltu)
    x$fpl$dleqf                              0x08005bdc   Section      120  dleqf.o(x$fpl$dleqf)
    x$fpl$dmul                               0x08005c54   Section      340  dmul.o(x$fpl$dmul)
    x$fpl$dnaninf                            0x08005da8   Section      156  dnaninf.o(x$fpl$dnaninf)
    x$fpl$dretinf                            0x08005e44   Section       12  dretinf.o(x$fpl$dretinf)
    x$fpl$drleqf                             0x08005e50   Section      108  drleqf.o(x$fpl$drleqf)
    x$fpl$drsb                               0x08005ebc   Section       22  daddsub_clz.o(x$fpl$drsb)
    x$fpl$dsub                               0x08005ed4   Section      468  daddsub_clz.o(x$fpl$dsub)
    _dsub1                                   0x08005ee5   Thumb Code     0  daddsub_clz.o(x$fpl$dsub)
    x$fpl$printf1                            0x080060a8   Section        4  printf1.o(x$fpl$printf1)
    .constdata                               0x080060ac   Section      256  os_core.o(.constdata)
    x$fpl$usenofp                            0x080060ac   Section        0  usenofp.o(x$fpl$usenofp)
    .constdata                               0x080061ac   Section      148  bigflt0.o(.constdata)
    tenpwrs_x                                0x080061ac   Data          60  bigflt0.o(.constdata)
    tenpwrs_i                                0x080061e8   Data          64  bigflt0.o(.constdata)
    locale$$data                             0x08006260   Section       28  lc_numeric_c.o(locale$$data)
    __lcnum_c_name                           0x08006264   Data           2  lc_numeric_c.o(locale$$data)
    __lcnum_c_start                          0x0800626c   Data           0  lc_numeric_c.o(locale$$data)
    __lcnum_c_point                          0x08006278   Data           0  lc_numeric_c.o(locale$$data)
    __lcnum_c_thousands                      0x0800627a   Data           0  lc_numeric_c.o(locale$$data)
    __lcnum_c_grouping                       0x0800627b   Data           0  lc_numeric_c.o(locale$$data)
    __lcnum_c_end                            0x0800627c   Data           0  lc_numeric_c.o(locale$$data)
    .data                                    0x20000000   Section       48  main.o(.data)
    float_num                                0x20000028   Data           4  main.o(.data)
    float_num                                0x2000002c   Data           4  main.o(.data)
    .data                                    0x20000030   Section       20  system_stm32f10x.o(.data)
    .data                                    0x20000044   Section        1  key.o(.data)
    key_up                                   0x20000044   Data           1  key.o(.data)
    .data                                    0x20000046   Section        4  delay.o(.data)
    fac_us                                   0x20000046   Data           1  delay.o(.data)
    fac_ms                                   0x20000048   Data           2  delay.o(.data)
    .data                                    0x2000004c   Section        6  usart.o(.data)
    .data                                    0x20000052   Section       20  stm32f10x_rcc.o(.data)
    APBAHBPrescTable                         0x20000052   Data          16  stm32f10x_rcc.o(.data)
    ADCPrescTable                            0x20000062   Data           4  stm32f10x_rcc.o(.data)
    .data                                    0x20000068   Section       72  os_core.o(.data)
    .bss                                     0x200000b0   Section     3072  main.o(.bss)
    .bss                                     0x20000cb0   Section      200  usart.o(.bss)
    .bss                                     0x20000d78   Section     2688  os_core.o(.bss)
    .bss                                     0x200017f8   Section      228  rand.o(.bss)
    .bss                                     0x200018dc   Section       96  libspace.o(.bss)
    HEAP                                     0x20001940   Section      512  startup_stm32f10x_hd.o(HEAP)
    Heap_Mem                                 0x20001940   Data         512  startup_stm32f10x_hd.o(HEAP)
    STACK                                    0x20001b40   Section     2048  startup_stm32f10x_hd.o(STACK)
    Stack_Mem                                0x20001b40   Data        2048  startup_stm32f10x_hd.o(STACK)
    __initial_sp                             0x20002340   Data           0  startup_stm32f10x_hd.o(STACK)

    Global Symbols

    Symbol Name                              Value     Ov Type        Size  Object(Section)

    BuildAttributes$$THM_ISAv4$P$D$K$B$S$PE$A:L22UL41UL21$X:L11$S22US41US21$IEEE1$IW$USESV6$~STKCKD$USESV7$~SHL$OTIME$ROPI$IEEEJ$EBA8$UX$STANDARDLIB$REQ8$PRES8$EABIv2 0x00000000   Number         0  anon$$obj.o ABSOLUTE
    __ARM_use_no_argv                        0x00000000   Number         0  main.o ABSOLUTE
    _printf_flags                            0x00000000   Number         0  printf_stubs.o ABSOLUTE
    _printf_return_value                     0x00000000   Number         0  printf_stubs.o ABSOLUTE
    _printf_sizespec                         0x00000000   Number         0  printf_stubs.o ABSOLUTE
    _printf_widthprec                        0x00000000   Number         0  printf_stubs.o ABSOLUTE
    __ARM_exceptions_init                     - Undefined Weak Reference
    __alloca_initialize                       - Undefined Weak Reference
    __arm_fini_                               - Undefined Weak Reference
    __arm_preinit_                            - Undefined Weak Reference
    __cpp_initialize__aeabi_                  - Undefined Weak Reference
    __cxa_finalize                            - Undefined Weak Reference
    __sigvec_lookup                           - Undefined Weak Reference
    _atexit_init                              - Undefined Weak Reference
    _call_atexit_fns                          - Undefined Weak Reference
    _clock_init                               - Undefined Weak Reference
    _fp_trap_init                             - Undefined Weak Reference
    _fp_trap_shutdown                         - Undefined Weak Reference
    _get_lc_collate                           - Undefined Weak Reference
    _get_lc_ctype                             - Undefined Weak Reference
    _get_lc_monetary                          - Undefined Weak Reference
    _get_lc_time                              - Undefined Weak Reference
    _getenv_init                              - Undefined Weak Reference
    _handle_redirection                       - Undefined Weak Reference
    _init_alloc                               - Undefined Weak Reference
    _init_user_alloc                          - Undefined Weak Reference
    _initio                                   - Undefined Weak Reference
    _mutex_acquire                            - Undefined Weak Reference
    _mutex_release                            - Undefined Weak Reference
    _printf_post_padding                      - Undefined Weak Reference
    _printf_pre_padding                       - Undefined Weak Reference
    _signal_finish                            - Undefined Weak Reference
    _signal_init                              - Undefined Weak Reference
    _terminate_alloc                          - Undefined Weak Reference
    _terminate_user_alloc                     - Undefined Weak Reference
    _terminateio                              - Undefined Weak Reference
    __Vectors_Size                           0x00000130   Number         0  startup_stm32f10x_hd.o ABSOLUTE
    __Vectors                                0x08000000   Data           4  startup_stm32f10x_hd.o(RESET)
    __Vectors_End                            0x08000130   Data           0  startup_stm32f10x_hd.o(RESET)
    __main                                   0x08000131   Thumb Code     8  __main.o(!!!main)
    __scatterload                            0x08000139   Thumb Code     0  __scatter.o(!!!scatter)
    __scatterload_rt2                        0x08000139   Thumb Code    44  __scatter.o(!!!scatter)
    __scatterload_rt2_thumb_only             0x08000139   Thumb Code     0  __scatter.o(!!!scatter)
    __scatterload_null                       0x08000147   Thumb Code     0  __scatter.o(!!!scatter)
    __scatterload_copy                       0x0800016d   Thumb Code    26  __scatter_copy.o(!!handler_copy)
    __scatterload_zeroinit                   0x08000189   Thumb Code    28  __scatter_zi.o(!!handler_zi)
    _printf_f                                0x080001a5   Thumb Code     0  _printf_f.o(.ARM.Collect$$_printf_percent$$00000003)
    _printf_percent                          0x080001a5   Thumb Code     0  _printf_percent.o(.ARM.Collect$$_printf_percent$$00000000)
    _printf_percent_end                      0x080001ab   Thumb Code     0  _printf_percent_end.o(.ARM.Collect$$_printf_percent$$00000017)
    __rt_lib_init                            0x080001af   Thumb Code     0  libinit.o(.ARM.Collect$$libinit$$00000000)
    __rt_lib_init_fp_1                       0x080001b1   Thumb Code     0  libinit2.o(.ARM.Collect$$libinit$$00000002)
    __rt_lib_init_heap_1                     0x080001b1   Thumb Code     0  libinit2.o(.ARM.Collect$$libinit$$0000000A)
    __rt_lib_init_preinit_1                  0x080001b1   Thumb Code     0  libinit2.o(.ARM.Collect$$libinit$$00000004)
    __rt_lib_init_rand_2                     0x080001b1   Thumb Code     0  libinit2.o(.ARM.Collect$$libinit$$0000000D)
    __rt_lib_init_user_alloc_1               0x080001b1   Thumb Code     0  libinit2.o(.ARM.Collect$$libinit$$0000000C)
    __rt_lib_init_lc_common                  0x080001b5   Thumb Code     0  libinit2.o(.ARM.Collect$$libinit$$0000000F)
    __rt_lib_init_rand_1                     0x080001b5   Thumb Code     0  libinit2.o(.ARM.Collect$$libinit$$0000000E)
    __rt_lib_init_lc_collate_1               0x080001bb   Thumb Code     0  libinit2.o(.ARM.Collect$$libinit$$00000011)
    __rt_lib_init_lc_ctype_1                 0x080001bb   Thumb Code     0  libinit2.o(.ARM.Collect$$libinit$$00000013)
    __rt_lib_init_lc_monetary_1              0x080001bb   Thumb Code     0  libinit2.o(.ARM.Collect$$libinit$$00000015)
    __rt_lib_init_lc_numeric_2               0x080001bb   Thumb Code     0  libinit2.o(.ARM.Collect$$libinit$$00000016)
    __rt_lib_init_alloca_1                   0x080001c5   Thumb Code     0  libinit2.o(.ARM.Collect$$libinit$$0000002E)
    __rt_lib_init_argv_1                     0x080001c5   Thumb Code     0  libinit2.o(.ARM.Collect$$libinit$$0000002C)
    __rt_lib_init_atexit_1                   0x080001c5   Thumb Code     0  libinit2.o(.ARM.Collect$$libinit$$0000001B)
    __rt_lib_init_clock_1                    0x080001c5   Thumb Code     0  libinit2.o(.ARM.Collect$$libinit$$00000021)
    __rt_lib_init_cpp_1                      0x080001c5   Thumb Code     0  libinit2.o(.ARM.Collect$$libinit$$00000032)
    __rt_lib_init_exceptions_1               0x080001c5   Thumb Code     0  libinit2.o(.ARM.Collect$$libinit$$00000030)
    __rt_lib_init_fp_trap_1                  0x080001c5   Thumb Code     0  libinit2.o(.ARM.Collect$$libinit$$0000001F)
    __rt_lib_init_getenv_1                   0x080001c5   Thumb Code     0  libinit2.o(.ARM.Collect$$libinit$$00000023)
    __rt_lib_init_lc_numeric_1               0x080001c5   Thumb Code     0  libinit2.o(.ARM.Collect$$libinit$$00000017)
    __rt_lib_init_lc_time_1                  0x080001c5   Thumb Code     0  libinit2.o(.ARM.Collect$$libinit$$00000019)
    __rt_lib_init_return                     0x080001c5   Thumb Code     0  libinit2.o(.ARM.Collect$$libinit$$00000033)
    __rt_lib_init_signal_1                   0x080001c5   Thumb Code     0  libinit2.o(.ARM.Collect$$libinit$$0000001D)
    __rt_lib_init_stdio_1                    0x080001c5   Thumb Code     0  libinit2.o(.ARM.Collect$$libinit$$00000025)
    __rt_lib_shutdown                        0x080001c7   Thumb Code     0  libshutdown.o(.ARM.Collect$$libshutdown$$00000000)
    __rt_lib_shutdown_cpp_1                  0x080001c9   Thumb Code     0  libshutdown2.o(.ARM.Collect$$libshutdown$$00000004)
    __rt_lib_shutdown_fini_1                 0x080001c9   Thumb Code     0  libshutdown2.o(.ARM.Collect$$libshutdown$$00000002)
    __rt_lib_shutdown_fp_trap_1              0x080001c9   Thumb Code     0  libshutdown2.o(.ARM.Collect$$libshutdown$$00000009)
    __rt_lib_shutdown_heap_1                 0x080001c9   Thumb Code     0  libshutdown2.o(.ARM.Collect$$libshutdown$$00000011)
    __rt_lib_shutdown_return                 0x080001c9   Thumb Code     0  libshutdown2.o(.ARM.Collect$$libshutdown$$00000012)
    __rt_lib_shutdown_signal_1               0x080001c9   Thumb Code     0  libshutdown2.o(.ARM.Collect$$libshutdown$$0000000C)
    __rt_lib_shutdown_stdio_1                0x080001c9   Thumb Code     0  libshutdown2.o(.ARM.Collect$$libshutdown$$00000006)
    __rt_lib_shutdown_user_alloc_1           0x080001c9   Thumb Code     0  libshutdown2.o(.ARM.Collect$$libshutdown$$0000000E)
    __rt_entry                               0x080001cb   Thumb Code     0  __rtentry.o(.ARM.Collect$$rtentry$$00000000)
    __rt_entry_presh_1                       0x080001cb   Thumb Code     0  __rtentry2.o(.ARM.Collect$$rtentry$$00000002)
    __rt_entry_sh                            0x080001cb   Thumb Code     0  __rtentry4.o(.ARM.Collect$$rtentry$$00000004)
    __rt_entry_li                            0x080001d1   Thumb Code     0  __rtentry2.o(.ARM.Collect$$rtentry$$0000000A)
    __rt_entry_postsh_1                      0x080001d1   Thumb Code     0  __rtentry2.o(.ARM.Collect$$rtentry$$00000009)
    __rt_entry_main                          0x080001d5   Thumb Code     0  __rtentry2.o(.ARM.Collect$$rtentry$$0000000D)
    __rt_entry_postli_1                      0x080001d5   Thumb Code     0  __rtentry2.o(.ARM.Collect$$rtentry$$0000000C)
    __rt_exit                                0x080001dd   Thumb Code     0  rtexit.o(.ARM.Collect$$rtexit$$00000000)
    __rt_exit_ls                             0x080001df   Thumb Code     0  rtexit2.o(.ARM.Collect$$rtexit$$00000003)
    __rt_exit_prels_1                        0x080001df   Thumb Code     0  rtexit2.o(.ARM.Collect$$rtexit$$00000002)
    __rt_exit_exit                           0x080001e3   Thumb Code     0  rtexit2.o(.ARM.Collect$$rtexit$$00000004)
    rand                                     0x080001e9   Thumb Code    48  rand.o(.emb_text)
    DISPLAY_SCOPE_task                       0x0800021d   Thumb Code   250  main.o(.text)
    usart_task                               0x08000317   Thumb Code    96  main.o(.text)
    DISPLAY_task                             0x080004a9   Thumb Code    58  main.o(.text)
    DHT11_task                               0x080004e3   Thumb Code   210  main.o(.text)
    start_task                               0x080005b5   Thumb Code   208  main.o(.text)
    main                                     0x08000685   Thumb Code    74  main.o(.text)
    DS18B20_task                             0x080006cf   Thumb Code    24  main.o(.text)
    USARTSEND_task                           0x080006e7   Thumb Code    68  main.o(.text)
    NMI_Handler                              0x08000761   Thumb Code     2  stm32f10x_it.o(.text)
    HardFault_Handler                        0x08000763   Thumb Code     4  stm32f10x_it.o(.text)
    MemManage_Handler                        0x08000767   Thumb Code     4  stm32f10x_it.o(.text)
    BusFault_Handler                         0x0800076b   Thumb Code     4  stm32f10x_it.o(.text)
    UsageFault_Handler                       0x0800076f   Thumb Code     4  stm32f10x_it.o(.text)
    SVC_Handler                              0x08000773   Thumb Code     2  stm32f10x_it.o(.text)
    DebugMon_Handler                         0x08000775   Thumb Code     2  stm32f10x_it.o(.text)
    SystemInit                               0x08000857   Thumb Code    78  system_stm32f10x.o(.text)
    SystemCoreClockUpdate                    0x080008a5   Thumb Code   142  system_stm32f10x.o(.text)
    LED_Init                                 0x08000959   Thumb Code    76  led.o(.text)
    EXTIX_Init                               0x080009a9   Thumb Code   152  exti.o(.text)
    EXTI9_5_IRQHandler                       0x08000a41   Thumb Code   158  exti.o(.text)
    KEY_Init                                 0x08000af1   Thumb Code    80  key.o(.text)
    KEY_Scan                                 0x08000b41   Thumb Code   146  key.o(.text)
    Ds18b20_Init                             0x08000be5   Thumb Code   140  ds18b20.o(.text)
    Ds18b20WriteByte                         0x08000c71   Thumb Code    78  ds18b20.o(.text)
    Ds18b20ReadByte                          0x08000cbf   Thumb Code   150  ds18b20.o(.text)
    Ds18b20ChangeTemp                        0x08000d55   Thumb Code    26  ds18b20.o(.text)
    Ds18b20ReadTempCom                       0x08000d6f   Thumb Code    26  ds18b20.o(.text)
    Ds18b20ReadTemp                          0x08000d89   Thumb Code    34  ds18b20.o(.text)
    dht11_gpio_input                         0x08000dbd   Thumb Code    40  dht11.o(.text)
    dht11_gpio_output                        0x08000de5   Thumb Code    40  dht11.o(.text)
    dht11_reset                              0x08000e0d   Thumb Code    46  dht11.o(.text)
    dht11_scan                               0x08000e3b   Thumb Code    14  dht11.o(.text)
    dht11_read_bit                           0x08000e49   Thumb Code    62  dht11.o(.text)
    dht11_read_byte                          0x08000e87   Thumb Code    34  dht11.o(.text)
    dht11_read_data                          0x08000ea9   Thumb Code   108  dht11.o(.text)
    gpio_config                              0x08000f19   Thumb Code    54  lcd1602.o(.text)
    lcd_write_com                            0x08000f4f   Thumb Code   106  lcd1602.o(.text)
    lcd_write_ascii                          0x08000fb9   Thumb Code   106  lcd1602.o(.text)
    lcd_write_char                           0x08001023   Thumb Code    48  lcd1602.o(.text)
    lcd_write_string                         0x08001053   Thumb Code    58  lcd1602.o(.text)
    lcd_clear                                0x0800108d   Thumb Code    16  lcd1602.o(.text)
    lcd_init                                 0x0800109d   Thumb Code   106  lcd1602.o(.text)
    delay_osschedlock                        0x08001111   Thumb Code     8  delay.o(.text)
    delay_osschedunlock                      0x08001119   Thumb Code     8  delay.o(.text)
    delay_ostimedly                          0x08001121   Thumb Code    12  delay.o(.text)
    SysTick_Handler                          0x0800112d   Thumb Code    24  delay.o(.text)
    delay_init                               0x08001145   Thumb Code    76  delay.o(.text)
    delay_us                                 0x08001191   Thumb Code    86  delay.o(.text)
    delay_ms                                 0x080011e7   Thumb Code    66  delay.o(.text)
    _sys_exit                                0x08001241   Thumb Code     6  usart.o(.text)
    fputc                                    0x08001247   Thumb Code    24  usart.o(.text)
    uart_init                                0x0800125f   Thumb Code   158  usart.o(.text)
    USART1_IRQHandler                        0x080012fd   Thumb Code   130  usart.o(.text)
    Reset_Handler                            0x08001391   Thumb Code     8  startup_stm32f10x_hd.o(.text)
    ADC1_2_IRQHandler                        0x080013ab   Thumb Code     0  startup_stm32f10x_hd.o(.text)
    ADC3_IRQHandler                          0x080013ab   Thumb Code     0  startup_stm32f10x_hd.o(.text)
    CAN1_RX1_IRQHandler                      0x080013ab   Thumb Code     0  startup_stm32f10x_hd.o(.text)
    CAN1_SCE_IRQHandler                      0x080013ab   Thumb Code     0  startup_stm32f10x_hd.o(.text)
    DMA1_Channel1_IRQHandler                 0x080013ab   Thumb Code     0  startup_stm32f10x_hd.o(.text)
    DMA1_Channel2_IRQHandler                 0x080013ab   Thumb Code     0  startup_stm32f10x_hd.o(.text)
    DMA1_Channel3_IRQHandler                 0x080013ab   Thumb Code     0  startup_stm32f10x_hd.o(.text)
    DMA1_Channel4_IRQHandler                 0x080013ab   Thumb Code     0  startup_stm32f10x_hd.o(.text)
    DMA1_Channel5_IRQHandler                 0x080013ab   Thumb Code     0  startup_stm32f10x_hd.o(.text)
    DMA1_Channel6_IRQHandler                 0x080013ab   Thumb Code     0  startup_stm32f10x_hd.o(.text)
    DMA1_Channel7_IRQHandler                 0x080013ab   Thumb Code     0  startup_stm32f10x_hd.o(.text)
    DMA2_Channel1_IRQHandler                 0x080013ab   Thumb Code     0  startup_stm32f10x_hd.o(.text)
    DMA2_Channel2_IRQHandler                 0x080013ab   Thumb Code     0  startup_stm32f10x_hd.o(.text)
    DMA2_Channel3_IRQHandler                 0x080013ab   Thumb Code     0  startup_stm32f10x_hd.o(.text)
    DMA2_Channel4_5_IRQHandler               0x080013ab   Thumb Code     0  startup_stm32f10x_hd.o(.text)
    EXTI0_IRQHandler                         0x080013ab   Thumb Code     0  startup_stm32f10x_hd.o(.text)
    EXTI15_10_IRQHandler                     0x080013ab   Thumb Code     0  startup_stm32f10x_hd.o(.text)
    EXTI1_IRQHandler                         0x080013ab   Thumb Code     0  startup_stm32f10x_hd.o(.text)
    EXTI2_IRQHandler                         0x080013ab   Thumb Code     0  startup_stm32f10x_hd.o(.text)
    EXTI3_IRQHandler                         0x080013ab   Thumb Code     0  startup_stm32f10x_hd.o(.text)
    EXTI4_IRQHandler                         0x080013ab   Thumb Code     0  startup_stm32f10x_hd.o(.text)
    FLASH_IRQHandler                         0x080013ab   Thumb Code     0  startup_stm32f10x_hd.o(.text)
    FSMC_IRQHandler                          0x080013ab   Thumb Code     0  startup_stm32f10x_hd.o(.text)
    I2C1_ER_IRQHandler                       0x080013ab   Thumb Code     0  startup_stm32f10x_hd.o(.text)
    I2C1_EV_IRQHandler                       0x080013ab   Thumb Code     0  startup_stm32f10x_hd.o(.text)
    I2C2_ER_IRQHandler                       0x080013ab   Thumb Code     0  startup_stm32f10x_hd.o(.text)
    I2C2_EV_IRQHandler                       0x080013ab   Thumb Code     0  startup_stm32f10x_hd.o(.text)
    PVD_IRQHandler                           0x080013ab   Thumb Code     0  startup_stm32f10x_hd.o(.text)
    RCC_IRQHandler                           0x080013ab   Thumb Code     0  startup_stm32f10x_hd.o(.text)
    RTCAlarm_IRQHandler                      0x080013ab   Thumb Code     0  startup_stm32f10x_hd.o(.text)
    RTC_IRQHandler                           0x080013ab   Thumb Code     0  startup_stm32f10x_hd.o(.text)
    SDIO_IRQHandler                          0x080013ab   Thumb Code     0  startup_stm32f10x_hd.o(.text)
    SPI1_IRQHandler                          0x080013ab   Thumb Code     0  startup_stm32f10x_hd.o(.text)
    SPI2_IRQHandler                          0x080013ab   Thumb Code     0  startup_stm32f10x_hd.o(.text)
    SPI3_IRQHandler                          0x080013ab   Thumb Code     0  startup_stm32f10x_hd.o(.text)
    TAMPER_IRQHandler                        0x080013ab   Thumb Code     0  startup_stm32f10x_hd.o(.text)
    TIM1_BRK_IRQHandler                      0x080013ab   Thumb Code     0  startup_stm32f10x_hd.o(.text)
    TIM1_CC_IRQHandler                       0x080013ab   Thumb Code     0  startup_stm32f10x_hd.o(.text)
    TIM1_TRG_COM_IRQHandler                  0x080013ab   Thumb Code     0  startup_stm32f10x_hd.o(.text)
    TIM1_UP_IRQHandler                       0x080013ab   Thumb Code     0  startup_stm32f10x_hd.o(.text)
    TIM2_IRQHandler                          0x080013ab   Thumb Code     0  startup_stm32f10x_hd.o(.text)
    TIM3_IRQHandler                          0x080013ab   Thumb Code     0  startup_stm32f10x_hd.o(.text)
    TIM4_IRQHandler                          0x080013ab   Thumb Code     0  startup_stm32f10x_hd.o(.text)
    TIM5_IRQHandler                          0x080013ab   Thumb Code     0  startup_stm32f10x_hd.o(.text)
    TIM6_IRQHandler                          0x080013ab   Thumb Code     0  startup_stm32f10x_hd.o(.text)
    TIM7_IRQHandler                          0x080013ab   Thumb Code     0  startup_stm32f10x_hd.o(.text)
    TIM8_BRK_IRQHandler                      0x080013ab   Thumb Code     0  startup_stm32f10x_hd.o(.text)
    TIM8_CC_IRQHandler                       0x080013ab   Thumb Code     0  startup_stm32f10x_hd.o(.text)
    TIM8_TRG_COM_IRQHandler                  0x080013ab   Thumb Code     0  startup_stm32f10x_hd.o(.text)
    TIM8_UP_IRQHandler                       0x080013ab   Thumb Code     0  startup_stm32f10x_hd.o(.text)
    UART4_IRQHandler                         0x080013ab   Thumb Code     0  startup_stm32f10x_hd.o(.text)
    UART5_IRQHandler                         0x080013ab   Thumb Code     0  startup_stm32f10x_hd.o(.text)
    USART2_IRQHandler                        0x080013ab   Thumb Code     0  startup_stm32f10x_hd.o(.text)
    USART3_IRQHandler                        0x080013ab   Thumb Code     0  startup_stm32f10x_hd.o(.text)
    USBWakeUp_IRQHandler                     0x080013ab   Thumb Code     0  startup_stm32f10x_hd.o(.text)
    USB_HP_CAN1_TX_IRQHandler                0x080013ab   Thumb Code     0  startup_stm32f10x_hd.o(.text)
    USB_LP_CAN1_RX0_IRQHandler               0x080013ab   Thumb Code     0  startup_stm32f10x_hd.o(.text)
    WWDG_IRQHandler                          0x080013ab   Thumb Code     0  startup_stm32f10x_hd.o(.text)
    __user_initial_stackheap                 0x080013ad   Thumb Code     0  startup_stm32f10x_hd.o(.text)
    NVIC_PriorityGroupConfig                 0x080013d1   Thumb Code    10  misc.o(.text)
    NVIC_Init                                0x080013db   Thumb Code   100  misc.o(.text)
    NVIC_SetVectorTable                      0x0800143f   Thumb Code    14  misc.o(.text)
    NVIC_SystemLPConfig                      0x0800144d   Thumb Code    34  misc.o(.text)
    SysTick_CLKSourceConfig                  0x0800146f   Thumb Code    40  misc.o(.text)
    GPIO_DeInit                              0x080014ad   Thumb Code   172  stm32f10x_gpio.o(.text)
    GPIO_AFIODeInit                          0x08001559   Thumb Code    20  stm32f10x_gpio.o(.text)
    GPIO_Init                                0x0800156d   Thumb Code   278  stm32f10x_gpio.o(.text)
    GPIO_StructInit                          0x08001683   Thumb Code    16  stm32f10x_gpio.o(.text)
    GPIO_ReadInputDataBit                    0x08001693   Thumb Code    18  stm32f10x_gpio.o(.text)
    GPIO_ReadInputData                       0x080016a5   Thumb Code     8  stm32f10x_gpio.o(.text)
    GPIO_ReadOutputDataBit                   0x080016ad   Thumb Code    18  stm32f10x_gpio.o(.text)
    GPIO_ReadOutputData                      0x080016bf   Thumb Code     8  stm32f10x_gpio.o(.text)
    GPIO_SetBits                             0x080016c7   Thumb Code     4  stm32f10x_gpio.o(.text)
    GPIO_ResetBits                           0x080016cb   Thumb Code     4  stm32f10x_gpio.o(.text)
    GPIO_WriteBit                            0x080016cf   Thumb Code    10  stm32f10x_gpio.o(.text)
    GPIO_Write                               0x080016d9   Thumb Code     4  stm32f10x_gpio.o(.text)
    GPIO_PinLockConfig                       0x080016dd   Thumb Code    18  stm32f10x_gpio.o(.text)
    GPIO_EventOutputConfig                   0x080016ef   Thumb Code    26  stm32f10x_gpio.o(.text)
    GPIO_EventOutputCmd                      0x08001709   Thumb Code     6  stm32f10x_gpio.o(.text)
    GPIO_PinRemapConfig                      0x0800170f   Thumb Code   138  stm32f10x_gpio.o(.text)
    GPIO_EXTILineConfig                      0x08001799   Thumb Code    66  stm32f10x_gpio.o(.text)
    GPIO_ETH_MediaInterfaceConfig            0x080017db   Thumb Code     8  stm32f10x_gpio.o(.text)
    USART_DeInit                             0x08001809   Thumb Code   134  stm32f10x_usart.o(.text)
    USART_Init                               0x0800188f   Thumb Code   210  stm32f10x_usart.o(.text)
    USART_StructInit                         0x08001961   Thumb Code    24  stm32f10x_usart.o(.text)
    USART_ClockInit                          0x08001979   Thumb Code    34  stm32f10x_usart.o(.text)
    USART_ClockStructInit                    0x0800199b   Thumb Code    12  stm32f10x_usart.o(.text)
    USART_Cmd                                0x080019a7   Thumb Code    24  stm32f10x_usart.o(.text)
    USART_ITConfig                           0x080019bf   Thumb Code    74  stm32f10x_usart.o(.text)
    USART_DMACmd                             0x08001a09   Thumb Code    18  stm32f10x_usart.o(.text)
    USART_SetAddress                         0x08001a1b   Thumb Code    18  stm32f10x_usart.o(.text)
    USART_WakeUpConfig                       0x08001a2d   Thumb Code    18  stm32f10x_usart.o(.text)
    USART_ReceiverWakeUpCmd                  0x08001a3f   Thumb Code    24  stm32f10x_usart.o(.text)
    USART_LINBreakDetectLengthConfig         0x08001a57   Thumb Code    18  stm32f10x_usart.o(.text)
    USART_LINCmd                             0x08001a69   Thumb Code    24  stm32f10x_usart.o(.text)
    USART_SendData                           0x08001a81   Thumb Code     8  stm32f10x_usart.o(.text)
    USART_ReceiveData                        0x08001a89   Thumb Code    10  stm32f10x_usart.o(.text)
    USART_SendBreak                          0x08001a93   Thumb Code    10  stm32f10x_usart.o(.text)
    USART_SetGuardTime                       0x08001a9d   Thumb Code    16  stm32f10x_usart.o(.text)
    USART_SetPrescaler                       0x08001aad   Thumb Code    16  stm32f10x_usart.o(.text)
    USART_SmartCardCmd                       0x08001abd   Thumb Code    24  stm32f10x_usart.o(.text)
    USART_SmartCardNACKCmd                   0x08001ad5   Thumb Code    24  stm32f10x_usart.o(.text)
    USART_HalfDuplexCmd                      0x08001aed   Thumb Code    24  stm32f10x_usart.o(.text)
    USART_OverSampling8Cmd                   0x08001b05   Thumb Code    22  stm32f10x_usart.o(.text)
    USART_OneBitMethodCmd                    0x08001b1b   Thumb Code    24  stm32f10x_usart.o(.text)
    USART_IrDAConfig                         0x08001b33   Thumb Code    18  stm32f10x_usart.o(.text)
    USART_IrDACmd                            0x08001b45   Thumb Code    24  stm32f10x_usart.o(.text)
    USART_GetFlagStatus                      0x08001b5d   Thumb Code    26  stm32f10x_usart.o(.text)
    USART_ClearFlag                          0x08001b77   Thumb Code    18  stm32f10x_usart.o(.text)
    USART_GetITStatus                        0x08001b89   Thumb Code    84  stm32f10x_usart.o(.text)
    USART_ClearITPendingBit                  0x08001bdd   Thumb Code    52  stm32f10x_usart.o(.text)
    RCC_DeInit                               0x08001c11   Thumb Code    64  stm32f10x_rcc.o(.text)
    RCC_HSEConfig                            0x08001c51   Thumb Code    70  stm32f10x_rcc.o(.text)
    RCC_GetFlagStatus                        0x08001c97   Thumb Code    56  stm32f10x_rcc.o(.text)
    RCC_WaitForHSEStartUp                    0x08001ccf   Thumb Code    56  stm32f10x_rcc.o(.text)
    RCC_AdjustHSICalibrationValue            0x08001d07   Thumb Code    20  stm32f10x_rcc.o(.text)
    RCC_HSICmd                               0x08001d1b   Thumb Code     6  stm32f10x_rcc.o(.text)
    RCC_PLLConfig                            0x08001d21   Thumb Code    24  stm32f10x_rcc.o(.text)
    RCC_PLLCmd                               0x08001d39   Thumb Code     6  stm32f10x_rcc.o(.text)
    RCC_SYSCLKConfig                         0x08001d3f   Thumb Code    18  stm32f10x_rcc.o(.text)
    RCC_GetSYSCLKSource                      0x08001d51   Thumb Code    10  stm32f10x_rcc.o(.text)
    RCC_HCLKConfig                           0x08001d5b   Thumb Code    18  stm32f10x_rcc.o(.text)
    RCC_PCLK1Config                          0x08001d6d   Thumb Code    18  stm32f10x_rcc.o(.text)
    RCC_PCLK2Config                          0x08001d7f   Thumb Code    20  stm32f10x_rcc.o(.text)
    RCC_ITConfig                             0x08001d93   Thumb Code    26  stm32f10x_rcc.o(.text)
    RCC_USBCLKConfig                         0x08001dad   Thumb Code     8  stm32f10x_rcc.o(.text)
    RCC_ADCCLKConfig                         0x08001db5   Thumb Code    18  stm32f10x_rcc.o(.text)
    RCC_LSEConfig                            0x08001dc7   Thumb Code    50  stm32f10x_rcc.o(.text)
    RCC_LSICmd                               0x08001df9   Thumb Code     6  stm32f10x_rcc.o(.text)
    RCC_RTCCLKConfig                         0x08001dff   Thumb Code    12  stm32f10x_rcc.o(.text)
    RCC_RTCCLKCmd                            0x08001e0b   Thumb Code     8  stm32f10x_rcc.o(.text)
    RCC_GetClocksFreq                        0x08001e13   Thumb Code   192  stm32f10x_rcc.o(.text)
    RCC_AHBPeriphClockCmd                    0x08001ed3   Thumb Code    26  stm32f10x_rcc.o(.text)
    RCC_APB2PeriphClockCmd                   0x08001eed   Thumb Code    26  stm32f10x_rcc.o(.text)
    RCC_APB1PeriphClockCmd                   0x08001f07   Thumb Code    26  stm32f10x_rcc.o(.text)
    RCC_APB2PeriphResetCmd                   0x08001f21   Thumb Code    26  stm32f10x_rcc.o(.text)
    RCC_APB1PeriphResetCmd                   0x08001f3b   Thumb Code    26  stm32f10x_rcc.o(.text)
    RCC_BackupResetCmd                       0x08001f55   Thumb Code     8  stm32f10x_rcc.o(.text)
    RCC_ClockSecuritySystemCmd               0x08001f5d   Thumb Code     6  stm32f10x_rcc.o(.text)
    RCC_MCOConfig                            0x08001f63   Thumb Code     6  stm32f10x_rcc.o(.text)
    RCC_ClearFlag                            0x08001f69   Thumb Code    14  stm32f10x_rcc.o(.text)
    RCC_GetITStatus                          0x08001f77   Thumb Code    20  stm32f10x_rcc.o(.text)
    RCC_ClearITPendingBit                    0x08001f8b   Thumb Code     6  stm32f10x_rcc.o(.text)
    EXTI_DeInit                              0x08001fb5   Thumb Code    28  stm32f10x_exti.o(.text)
    EXTI_Init                                0x08001fd1   Thumb Code   142  stm32f10x_exti.o(.text)
    EXTI_StructInit                          0x0800205f   Thumb Code    16  stm32f10x_exti.o(.text)
    EXTI_GenerateSWInterrupt                 0x0800206f   Thumb Code    16  stm32f10x_exti.o(.text)
    EXTI_GetFlagStatus                       0x0800207f   Thumb Code    22  stm32f10x_exti.o(.text)
    EXTI_ClearFlag                           0x08002095   Thumb Code     8  stm32f10x_exti.o(.text)
    EXTI_GetITStatus                         0x0800209d   Thumb Code    34  stm32f10x_exti.o(.text)
    EXTI_ClearITPendingBit                   0x080020bf   Thumb Code     8  stm32f10x_exti.o(.text)
    OS_TaskStatStkChk                        0x080020d1   Thumb Code    54  os_core.o(.text)
    OS_TaskStat                              0x08002107   Thumb Code   116  os_core.o(.text)
    OS_TaskIdle                              0x080021af   Thumb Code    34  os_core.o(.text)
    OS_MemClr                                0x08002205   Thumb Code    18  os_core.o(.text)
    OSInit                                   0x08002323   Thumb Code    44  os_core.o(.text)
    OSIntEnter                               0x0800234f   Thumb Code    28  os_core.o(.text)
    OSIntExit                                0x08002385   Thumb Code   112  os_core.o(.text)
    OSSchedLock                              0x080023f5   Thumb Code    50  os_core.o(.text)
    OS_Sched                                 0x08002427   Thumb Code    88  os_core.o(.text)
    OSSchedUnlock                            0x0800247f   Thumb Code   238  os_core.o(.text)
    OSStart                                  0x0800256d   Thumb Code    48  os_core.o(.text)
    OSStatInit                               0x0800259d   Thumb Code    62  os_core.o(.text)
    OSTimeTick                               0x080025db   Thumb Code   210  os_core.o(.text)
    OSVersion                                0x080026ad   Thumb Code     6  os_core.o(.text)
    OS_Dummy                                 0x080026b3   Thumb Code     2  os_core.o(.text)
    OS_EventTaskRemove                       0x080026b5   Thumb Code    42  os_core.o(.text)
    OS_EventTaskRdy                          0x080026df   Thumb Code   114  os_core.o(.text)
    OS_EventTaskWait                         0x08002751   Thumb Code   112  os_core.o(.text)
    OS_EventWaitListInit                     0x080027c1   Thumb Code    28  os_core.o(.text)
    OS_MemCopy                               0x080027dd   Thumb Code    20  os_core.o(.text)
    OS_StrLen                                0x080027f1   Thumb Code    20  os_core.o(.text)
    OS_TCBInit                               0x08002805   Thumb Code   280  os_core.o(.text)
    OSFlagAccept                             0x08002961   Thumb Code   252  os_flag.o(.text)
    OSFlagCreate                             0x08002a5d   Thumb Code    86  os_flag.o(.text)
    OS_FlagUnlink                            0x08002ab3   Thumb Code    36  os_flag.o(.text)
    OSFlagDel                                0x08002b29   Thumb Code   214  os_flag.o(.text)
    OSFlagNameGet                            0x08002bff   Thumb Code    80  os_flag.o(.text)
    OSFlagNameSet                            0x08002c4f   Thumb Code    66  os_flag.o(.text)
    OSFlagPend                               0x08002d29   Thumb Code   614  os_flag.o(.text)
    OSFlagPendGetFlagsRdy                    0x08002f8f   Thumb Code    26  os_flag.o(.text)
    OSFlagPost                               0x08002fa9   Thumb Code   312  os_flag.o(.text)
    OSFlagQuery                              0x080030e1   Thumb Code    48  os_flag.o(.text)
    OS_FlagInit                              0x08003111   Thumb Code    78  os_flag.o(.text)
    OSMboxAccept                             0x0800316d   Thumb Code    38  os_mbox.o(.text)
    OSMboxCreate                             0x08003193   Thumb Code    68  os_mbox.o(.text)
    OSMboxDel                                0x080031d7   Thumb Code   200  os_mbox.o(.text)
    OSMboxPend                               0x0800329f   Thumb Code   246  os_mbox.o(.text)
    OSMboxPendAbort                          0x08003395   Thumb Code   128  os_mbox.o(.text)
    OSMboxPost                               0x08003415   Thumb Code    80  os_mbox.o(.text)
    OSMboxPostOpt                            0x08003465   Thumb Code   120  os_mbox.o(.text)
    OSMboxQuery                              0x080034dd   Thumb Code    76  os_mbox.o(.text)
    OSQAccept                                0x08003539   Thumb Code    88  os_q.o(.text)
    OSQCreate                                0x08003591   Thumb Code   140  os_q.o(.text)
    OSQDel                                   0x0800361d   Thumb Code   236  os_q.o(.text)
    OSQFlush                                 0x08003709   Thumb Code    36  os_q.o(.text)
    OSQPend                                  0x0800372d   Thumb Code   272  os_q.o(.text)
    OSQPendAbort                             0x0800383d   Thumb Code   128  os_q.o(.text)
    OSQPost                                  0x080038bd   Thumb Code   114  os_q.o(.text)
    OSQPostFront                             0x0800392f   Thumb Code   136  os_q.o(.text)
    OSQPostOpt                               0x080039b7   Thumb Code   182  os_q.o(.text)
    OSQQuery                                 0x08003a6d   Thumb Code    98  os_q.o(.text)
    OS_QInit                                 0x08003acf   Thumb Code    72  os_q.o(.text)
    OSTaskChangePrio                         0x08003b21   Thumb Code   308  os_task.o(.text)
    OSTaskCreate                             0x08003c55   Thumb Code   148  os_task.o(.text)
    OS_TaskStkClr                            0x08003ce9   Thumb Code    26  os_task.o(.text)
    OSTaskCreateExt                          0x08003d03   Thumb Code   170  os_task.o(.text)
    OSTaskDel                                0x08003dad   Thumb Code   294  os_task.o(.text)
    OSTaskDelReq                             0x08003ed3   Thumb Code   144  os_task.o(.text)
    OSTaskNameGet                            0x08003f63   Thumb Code   114  os_task.o(.text)
    OSTaskNameSet                            0x08003fd5   Thumb Code    98  os_task.o(.text)
    OSTaskResume                             0x08004037   Thumb Code   154  os_task.o(.text)
    OSTaskStkChk                             0x080040d1   Thumb Code   132  os_task.o(.text)
    OSTaskSuspend                            0x08004155   Thumb Code   152  os_task.o(.text)
    OSTaskQuery                              0x080041ed   Thumb Code    82  os_task.o(.text)
    OSTaskRegGet                             0x0800423f   Thumb Code    60  os_task.o(.text)
    OSTaskRegSet                             0x0800427b   Thumb Code    62  os_task.o(.text)
    OS_TaskReturn                            0x080042b9   Thumb Code    18  os_task.o(.text)
    OSTimeDly                                0x080042e5   Thumb Code   100  os_time.o(.text)
    OSTimeDlyHMSM                            0x08004349   Thumb Code    86  os_time.o(.text)
    OSTimeDlyResume                          0x0800439f   Thumb Code   168  os_time.o(.text)
    OSTimeGet                                0x08004447   Thumb Code    24  os_time.o(.text)
    OSTimeSet                                0x0800445f   Thumb Code    24  os_time.o(.text)
    OSInitHookBegin                          0x08004495   Thumb Code     2  os_cpu_c.o(.text)
    OSInitHookEnd                            0x08004497   Thumb Code     2  os_cpu_c.o(.text)
    OSTaskCreateHook                         0x08004499   Thumb Code     2  os_cpu_c.o(.text)
    OSTaskDelHook                            0x0800449b   Thumb Code     2  os_cpu_c.o(.text)
    OSTaskIdleHook                           0x0800449d   Thumb Code     2  os_cpu_c.o(.text)
    OSTaskStatHook                           0x0800449f   Thumb Code     2  os_cpu_c.o(.text)
    OSTaskStkInit                            0x080044a1   Thumb Code   154  os_cpu_c.o(.text)
    OSTaskSwHook                             0x0800453b   Thumb Code     2  os_cpu_c.o(.text)
    OSTCBInitHook                            0x0800453d   Thumb Code     2  os_cpu_c.o(.text)
    OSTimeTickHook                           0x0800453f   Thumb Code     2  os_cpu_c.o(.text)
    OSTaskReturnHook                         0x08004541   Thumb Code     2  os_cpu_c.o(.text)
    OS_CPU_SR_Save                           0x08004545   Thumb Code     0  os_cpu_a.o(.text)
    OS_CPU_SR_Restore                        0x0800454d   Thumb Code     0  os_cpu_a.o(.text)
    OSStartHighRdy                           0x08004553   Thumb Code     0  os_cpu_a.o(.text)
    OSCtxSw                                  0x08004575   Thumb Code     0  os_cpu_a.o(.text)
    OSIntCtxSw                               0x08004583   Thumb Code     0  os_cpu_a.o(.text)
    PendSV_Handler                           0x08004593   Thumb Code     0  os_cpu_a.o(.text)
    __use_no_semihosting                     0x080045f9   Thumb Code     2  use_no_semi_2.o(.text)
    __2printf                                0x080045fd   Thumb Code    20  noretval__2printf.o(.text)
    __printf                                 0x08004615   Thumb Code   270  __printf_wp.o(.text)
    srand                                    0x08004725   Thumb Code    42  rand.o(.text)
    _rand_init                               0x0800474f   Thumb Code     4  rand.o(.text)
    strcmp                                   0x08004761   Thumb Code   128  strcmpv7m.o(.text)
    __use_two_region_memory                  0x080047e1   Thumb Code     2  heapauxi.o(.text)
    __rt_heap_escrow$2region                 0x080047e3   Thumb Code     2  heapauxi.o(.text)
    __rt_heap_expand$2region                 0x080047e5   Thumb Code     2  heapauxi.o(.text)
    __I$use$semihosting                      0x080047e7   Thumb Code     0  use_no_semi.o(.text)
    __use_no_semihosting_swi                 0x080047e7   Thumb Code     2  use_no_semi.o(.text)
    __lib_sel_fp_printf                      0x080047e9   Thumb Code     2  _printf_fp_dec.o(.text)
    _printf_fp_dec_real                      0x0800499b   Thumb Code   620  _printf_fp_dec.o(.text)
    _printf_char_file                        0x08004c09   Thumb Code    32  _printf_char_file.o(.text)
    __rt_locale                              0x08004c2d   Thumb Code     8  rt_locale_intlibspace.o(.text)
    _ll_udiv10                               0x08004c35   Thumb Code   138  lludiv10.o(.text)
    _printf_char_common                      0x08004ccb   Thumb Code    32  _printf_char_common.o(.text)
    _printf_fp_infnan                        0x08004cf1   Thumb Code   112  _printf_fp_infnan.o(.text)
    _btod_etento                             0x08004d71   Thumb Code   224  bigflt0.o(.text)
    ferror                                   0x08004e55   Thumb Code     8  ferror.o(.text)
    __user_libspace                          0x08004e5d   Thumb Code     8  libspace.o(.text)
    __user_perproc_libspace                  0x08004e5d   Thumb Code     0  libspace.o(.text)
    __user_perthread_libspace                0x08004e5d   Thumb Code     0  libspace.o(.text)
    __user_setup_stackheap                   0x08004e65   Thumb Code    74  sys_stackheap_outer.o(.text)
    exit                                     0x08004eaf   Thumb Code    18  exit.o(.text)
    _btod_d2e                                0x08004ec1   Thumb Code    62  btod.o(CL$$btod_d2e)
    _d2e_denorm_low                          0x08004eff   Thumb Code    70  btod.o(CL$$btod_d2e_denorm_low)
    _d2e_norm_op1                            0x08004f45   Thumb Code    96  btod.o(CL$$btod_d2e_norm_op1)
    __btod_div_common                        0x08004fa5   Thumb Code   696  btod.o(CL$$btod_div_common)
    _e2e                                     0x080052dd   Thumb Code   220  btod.o(CL$$btod_e2e)
    _btod_ediv                               0x080053b9   Thumb Code    42  btod.o(CL$$btod_ediv)
    _btod_emul                               0x080053e3   Thumb Code    42  btod.o(CL$$btod_emul)
    __btod_mult_common                       0x0800540d   Thumb Code   580  btod.o(CL$$btod_mult_common)
    __ARM_fpclassify                         0x08005651   Thumb Code    40  fpclassify.o(i.__ARM_fpclassify)
    _is_digit                                0x08005679   Thumb Code    14  __printf_wp.o(i._is_digit)
    _get_lc_numeric                          0x08005689   Thumb Code    44  lc_numeric_c.o(locale$$code)
    __aeabi_dadd                             0x080056b5   Thumb Code     0  daddsub_clz.o(x$fpl$dadd)
    _dadd                                    0x080056b5   Thumb Code   332  daddsub_clz.o(x$fpl$dadd)
    __fpl_dcmp_Inf                           0x08005805   Thumb Code    24  dcmpi.o(x$fpl$dcmpinf)
    __aeabi_ddiv                             0x0800581d   Thumb Code     0  ddiv.o(x$fpl$ddiv)
    _ddiv                                    0x0800581d   Thumb Code   552  ddiv.o(x$fpl$ddiv)
    __aeabi_d2iz                             0x08005acd   Thumb Code     0  dfix.o(x$fpl$dfix)
    _dfix                                    0x08005acd   Thumb Code    94  dfix.o(x$fpl$dfix)
    __aeabi_d2uiz                            0x08005b2d   Thumb Code     0  dfixu.o(x$fpl$dfixu)
    _dfixu                                   0x08005b2d   Thumb Code    90  dfixu.o(x$fpl$dfixu)
    __aeabi_i2d                              0x08005b87   Thumb Code     0  dflt_clz.o(x$fpl$dflt)
    _dflt                                    0x08005b87   Thumb Code    46  dflt_clz.o(x$fpl$dflt)
    __aeabi_ui2d                             0x08005bb5   Thumb Code     0  dflt_clz.o(x$fpl$dfltu)
    _dfltu                                   0x08005bb5   Thumb Code    38  dflt_clz.o(x$fpl$dfltu)
    __aeabi_cdcmple                          0x08005bdd   Thumb Code     0  dleqf.o(x$fpl$dleqf)
    _dcmple                                  0x08005bdd   Thumb Code   120  dleqf.o(x$fpl$dleqf)
    __fpl_dcmple_InfNaN                      0x08005c3f   Thumb Code     0  dleqf.o(x$fpl$dleqf)
    __aeabi_dmul                             0x08005c55   Thumb Code     0  dmul.o(x$fpl$dmul)
    _dmul                                    0x08005c55   Thumb Code   332  dmul.o(x$fpl$dmul)
    __fpl_dnaninf                            0x08005da9   Thumb Code   156  dnaninf.o(x$fpl$dnaninf)
    __fpl_dretinf                            0x08005e45   Thumb Code    12  dretinf.o(x$fpl$dretinf)
    __aeabi_cdrcmple                         0x08005e51   Thumb Code     0  drleqf.o(x$fpl$drleqf)
    _drcmple                                 0x08005e51   Thumb Code   108  drleqf.o(x$fpl$drleqf)
    __aeabi_drsub                            0x08005ebd   Thumb Code     0  daddsub_clz.o(x$fpl$drsb)
    _drsb                                    0x08005ebd   Thumb Code    22  daddsub_clz.o(x$fpl$drsb)
    __aeabi_dsub                             0x08005ed5   Thumb Code     0  daddsub_clz.o(x$fpl$dsub)
    _dsub                                    0x08005ed5   Thumb Code   464  daddsub_clz.o(x$fpl$dsub)
    _printf_fp_dec                           0x080060a9   Thumb Code     4  printf1.o(x$fpl$printf1)
    OSUnMapTbl                               0x080060ac   Data         256  os_core.o(.constdata)
    __I$use$fp                               0x080060ac   Number         0  usenofp.o(x$fpl$usenofp)
    Region$$Table$$Base                      0x08006240   Number         0  anon$$obj.o(Region$$Table)
    Region$$Table$$Limit                     0x08006260   Number         0  anon$$obj.o(Region$$Table)
    MaxTemp                                  0x20000000   Data           4  main.o(.data)
    MinTemp                                  0x20000004   Data           4  main.o(.data)
    buffer                                   0x20000008   Data           5  main.o(.data)
    u1buffer                                 0x2000000d   Data           4  main.o(.data)
    u2buffer                                 0x20000011   Data           4  main.o(.data)
    data1                                    0x20000018   Data           4  main.o(.data)
    temp                                     0x2000001c   Data           4  main.o(.data)
    MaxHum                                   0x20000020   Data           4  main.o(.data)
    MinHum                                   0x20000024   Data           4  main.o(.data)
    SystemCoreClock                          0x20000030   Data           4  system_stm32f10x.o(.data)
    AHBPrescTable                            0x20000034   Data          16  system_stm32f10x.o(.data)
    __stdout                                 0x2000004c   Data           4  usart.o(.data)
    USART_RX_STA                             0x20000050   Data           2  usart.o(.data)
    OSCtxSwCtr                               0x20000068   Data           4  os_core.o(.data)
    OSEventFreeList                          0x2000006c   Data           4  os_core.o(.data)
    OSFlagFreeList                           0x20000070   Data           4  os_core.o(.data)
    OSCPUUsage                               0x20000074   Data           1  os_core.o(.data)
    OSIdleCtrMax                             0x20000078   Data           4  os_core.o(.data)
    OSIdleCtrRun                             0x2000007c   Data           4  os_core.o(.data)
    OSStatRdy                                0x20000080   Data           1  os_core.o(.data)
    OSIntNesting                             0x20000081   Data           1  os_core.o(.data)
    OSLockNesting                            0x20000082   Data           1  os_core.o(.data)
    OSPrioCur                                0x20000083   Data           1  os_core.o(.data)
    OSPrioHighRdy                            0x20000084   Data           1  os_core.o(.data)
    OSRdyGrp                                 0x20000085   Data           1  os_core.o(.data)
    OSRdyTbl                                 0x20000086   Data           8  os_core.o(.data)
    OSRunning                                0x2000008e   Data           1  os_core.o(.data)
    OSTaskCtr                                0x2000008f   Data           1  os_core.o(.data)
    OSIdleCtr                                0x20000090   Data           4  os_core.o(.data)
    OSTCBCur                                 0x20000094   Data           4  os_core.o(.data)
    OSTCBFreeList                            0x20000098   Data           4  os_core.o(.data)
    OSTCBHighRdy                             0x2000009c   Data           4  os_core.o(.data)
    OSTCBList                                0x200000a0   Data           4  os_core.o(.data)
    OSTickStepState                          0x200000a4   Data           1  os_core.o(.data)
    OSQFreeList                              0x200000a8   Data           4  os_core.o(.data)
    OSTime                                   0x200000ac   Data           4  os_core.o(.data)
    START_TASK_STK                           0x200000b0   Data         512  main.o(.bss)
    DS18B20_TASK_STK                         0x200002b0   Data         256  main.o(.bss)
    DHT11_TASK_STK                           0x200003b0   Data         256  main.o(.bss)
    USARTSEND_TASK_STK                       0x200004b0   Data         512  main.o(.bss)
    DISPLAY_TASK_STK                         0x200006b0   Data         512  main.o(.bss)
    USART_TASK_STK                           0x200008b0   Data         512  main.o(.bss)
    DISPLAY_SCOPE_STK                        0x20000ab0   Data         512  main.o(.bss)
    USART_RX_BUF                             0x20000cb0   Data         200  usart.o(.bss)
    OSEventTbl                               0x20000d78   Data         200  os_core.o(.bss)
    OSFlagTbl                                0x20000e40   Data          80  os_core.o(.bss)
    OSTaskStatStk                            0x20000e90   Data         512  os_core.o(.bss)
    OSTaskIdleStk                            0x20001090   Data         512  os_core.o(.bss)
    OSTCBPrioTbl                             0x20001290   Data         256  os_core.o(.bss)
    OSTCBTbl                                 0x20001390   Data        1008  os_core.o(.bss)
    OSQTbl                                   0x20001780   Data         120  os_core.o(.bss)
    _random_number_data                      0x200017f8   Data         228  rand.o(.bss)
    __libspace_start                         0x200018dc   Data          96  libspace.o(.bss)
    __temporary_stack_top$libspace           0x2000193c   Data           0  libspace.o(.bss)



==============================================================================

Memory Map of the image

  Image Entry point : 0x08000131

  Load Region LR_IROM1 (Base: 0x08000000, Size: 0x0000632c, Max: 0x00040000, ABSOLUTE)

    Execution Region ER_IROM1 (Exec base: 0x08000000, Load base: 0x08000000, Size: 0x0000627c, Max: 0x00040000, ABSOLUTE)

    Exec Addr    Load Addr    Size         Type   Attr      Idx    E Section Name        Object

    0x08000000   0x08000000   0x00000130   Data   RO          325    RESET               startup_stm32f10x_hd.o
    0x08000130   0x08000130   0x00000008   Code   RO          586  * !!!main             c_w.l(__main.o)
    0x08000138   0x08000138   0x00000034   Code   RO          836    !!!scatter          c_w.l(__scatter.o)
    0x0800016c   0x0800016c   0x0000001a   Code   RO          838    !!handler_copy      c_w.l(__scatter_copy.o)
    0x08000186   0x08000186   0x00000002   PAD
    0x08000188   0x08000188   0x0000001c   Code   RO          840    !!handler_zi        c_w.l(__scatter_zi.o)
    0x080001a4   0x080001a4   0x00000000   Code   RO          576    .ARM.Collect$$_printf_percent$$00000000  c_w.l(_printf_percent.o)
    0x080001a4   0x080001a4   0x00000006   Code   RO          575    .ARM.Collect$$_printf_percent$$00000003  c_w.l(_printf_f.o)
    0x080001aa   0x080001aa   0x00000004   Code   RO          627    .ARM.Collect$$_printf_percent$$00000017  c_w.l(_printf_percent_end.o)
    0x080001ae   0x080001ae   0x00000002   Code   RO          764    .ARM.Collect$$libinit$$00000000  c_w.l(libinit.o)
    0x080001b0   0x080001b0   0x00000000   Code   RO          629    .ARM.Collect$$libinit$$00000002  c_w.l(libinit2.o)
    0x080001b0   0x080001b0   0x00000000   Code   RO          631    .ARM.Collect$$libinit$$00000004  c_w.l(libinit2.o)
    0x080001b0   0x080001b0   0x00000000   Code   RO          634    .ARM.Collect$$libinit$$0000000A  c_w.l(libinit2.o)
    0x080001b0   0x080001b0   0x00000000   Code   RO          636    .ARM.Collect$$libinit$$0000000C  c_w.l(libinit2.o)
    0x080001b0   0x080001b0   0x00000004   Code   RO          637    .ARM.Collect$$libinit$$0000000D  c_w.l(libinit2.o)
    0x080001b4   0x080001b4   0x00000000   Code   RO          638    .ARM.Collect$$libinit$$0000000E  c_w.l(libinit2.o)
    0x080001b4   0x080001b4   0x00000006   Code   RO          639    .ARM.Collect$$libinit$$0000000F  c_w.l(libinit2.o)
    0x080001ba   0x080001ba   0x00000000   Code   RO          641    .ARM.Collect$$libinit$$00000011  c_w.l(libinit2.o)
    0x080001ba   0x080001ba   0x00000000   Code   RO          643    .ARM.Collect$$libinit$$00000013  c_w.l(libinit2.o)
    0x080001ba   0x080001ba   0x00000000   Code   RO          645    .ARM.Collect$$libinit$$00000015  c_w.l(libinit2.o)
    0x080001ba   0x080001ba   0x0000000a   Code   RO          646    .ARM.Collect$$libinit$$00000016  c_w.l(libinit2.o)
    0x080001c4   0x080001c4   0x00000000   Code   RO          647    .ARM.Collect$$libinit$$00000017  c_w.l(libinit2.o)
    0x080001c4   0x080001c4   0x00000000   Code   RO          649    .ARM.Collect$$libinit$$00000019  c_w.l(libinit2.o)
    0x080001c4   0x080001c4   0x00000000   Code   RO          651    .ARM.Collect$$libinit$$0000001B  c_w.l(libinit2.o)
    0x080001c4   0x080001c4   0x00000000   Code   RO          653    .ARM.Collect$$libinit$$0000001D  c_w.l(libinit2.o)
    0x080001c4   0x080001c4   0x00000000   Code   RO          655    .ARM.Collect$$libinit$$0000001F  c_w.l(libinit2.o)
    0x080001c4   0x080001c4   0x00000000   Code   RO          657    .ARM.Collect$$libinit$$00000021  c_w.l(libinit2.o)
    0x080001c4   0x080001c4   0x00000000   Code   RO          659    .ARM.Collect$$libinit$$00000023  c_w.l(libinit2.o)
    0x080001c4   0x080001c4   0x00000000   Code   RO          661    .ARM.Collect$$libinit$$00000025  c_w.l(libinit2.o)
    0x080001c4   0x080001c4   0x00000000   Code   RO          665    .ARM.Collect$$libinit$$0000002C  c_w.l(libinit2.o)
    0x080001c4   0x080001c4   0x00000000   Code   RO          667    .ARM.Collect$$libinit$$0000002E  c_w.l(libinit2.o)
    0x080001c4   0x080001c4   0x00000000   Code   RO          669    .ARM.Collect$$libinit$$00000030  c_w.l(libinit2.o)
    0x080001c4   0x080001c4   0x00000000   Code   RO          671    .ARM.Collect$$libinit$$00000032  c_w.l(libinit2.o)
    0x080001c4   0x080001c4   0x00000002   Code   RO          672    .ARM.Collect$$libinit$$00000033  c_w.l(libinit2.o)
    0x080001c6   0x080001c6   0x00000002   Code   RO          795    .ARM.Collect$$libshutdown$$00000000  c_w.l(libshutdown.o)
    0x080001c8   0x080001c8   0x00000000   Code   RO          801    .ARM.Collect$$libshutdown$$00000002  c_w.l(libshutdown2.o)
    0x080001c8   0x080001c8   0x00000000   Code   RO          803    .ARM.Collect$$libshutdown$$00000004  c_w.l(libshutdown2.o)
    0x080001c8   0x080001c8   0x00000000   Code   RO          805    .ARM.Collect$$libshutdown$$00000006  c_w.l(libshutdown2.o)
    0x080001c8   0x080001c8   0x00000000   Code   RO          808    .ARM.Collect$$libshutdown$$00000009  c_w.l(libshutdown2.o)
    0x080001c8   0x080001c8   0x00000000   Code   RO          811    .ARM.Collect$$libshutdown$$0000000C  c_w.l(libshutdown2.o)
    0x080001c8   0x080001c8   0x00000000   Code   RO          813    .ARM.Collect$$libshutdown$$0000000E  c_w.l(libshutdown2.o)
    0x080001c8   0x080001c8   0x00000000   Code   RO          816    .ARM.Collect$$libshutdown$$00000011  c_w.l(libshutdown2.o)
    0x080001c8   0x080001c8   0x00000002   Code   RO          817    .ARM.Collect$$libshutdown$$00000012  c_w.l(libshutdown2.o)
    0x080001ca   0x080001ca   0x00000000   Code   RO          622    .ARM.Collect$$rtentry$$00000000  c_w.l(__rtentry.o)
    0x080001ca   0x080001ca   0x00000000   Code   RO          681    .ARM.Collect$$rtentry$$00000002  c_w.l(__rtentry2.o)
    0x080001ca   0x080001ca   0x00000006   Code   RO          693    .ARM.Collect$$rtentry$$00000004  c_w.l(__rtentry4.o)
    0x080001d0   0x080001d0   0x00000000   Code   RO          683    .ARM.Collect$$rtentry$$00000009  c_w.l(__rtentry2.o)
    0x080001d0   0x080001d0   0x00000004   Code   RO          684    .ARM.Collect$$rtentry$$0000000A  c_w.l(__rtentry2.o)
    0x080001d4   0x080001d4   0x00000000   Code   RO          686    .ARM.Collect$$rtentry$$0000000C  c_w.l(__rtentry2.o)
    0x080001d4   0x080001d4   0x00000008   Code   RO          687    .ARM.Collect$$rtentry$$0000000D  c_w.l(__rtentry2.o)
    0x080001dc   0x080001dc   0x00000002   Code   RO          767    .ARM.Collect$$rtexit$$00000000  c_w.l(rtexit.o)
    0x080001de   0x080001de   0x00000000   Code   RO          777    .ARM.Collect$$rtexit$$00000002  c_w.l(rtexit2.o)
    0x080001de   0x080001de   0x00000004   Code   RO          778    .ARM.Collect$$rtexit$$00000003  c_w.l(rtexit2.o)
    0x080001e2   0x080001e2   0x00000006   Code   RO          779    .ARM.Collect$$rtexit$$00000004  c_w.l(rtexit2.o)
    0x080001e8   0x080001e8   0x00000034   Code   RO          577    .emb_text           c_w.l(rand.o)
    0x0800021c   0x0800021c   0x00000544   Code   RO            1    .text               main.o
    0x08000760   0x08000760   0x00000016   Code   RO          122    .text               stm32f10x_it.o
    0x08000776   0x08000776   0x00000002   PAD
    0x08000778   0x08000778   0x000001e0   Code   RO          160    .text               system_stm32f10x.o
    0x08000958   0x08000958   0x00000050   Code   RO          178    .text               led.o
    0x080009a8   0x080009a8   0x00000148   Code   RO          190    .text               exti.o
    0x08000af0   0x08000af0   0x000000f4   Code   RO          203    .text               key.o
    0x08000be4   0x08000be4   0x000001d8   Code   RO          216    .text               ds18b20.o
    0x08000dbc   0x08000dbc   0x0000015c   Code   RO          232    .text               dht11.o
    0x08000f18   0x08000f18   0x000001f8   Code   RO          244    .text               lcd1602.o
    0x08001110   0x08001110   0x00000130   Code   RO          259    .text               delay.o
    0x08001240   0x08001240   0x00000150   Code   RO          290    .text               usart.o
    0x08001390   0x08001390   0x00000040   Code   RO          326    .text               startup_stm32f10x_hd.o
    0x080013d0   0x080013d0   0x000000dc   Code   RO          330    .text               misc.o
    0x080014ac   0x080014ac   0x0000035c   Code   RO          342    .text               stm32f10x_gpio.o
    0x08001808   0x08001808   0x00000408   Code   RO          354    .text               stm32f10x_usart.o
    0x08001c10   0x08001c10   0x000003a4   Code   RO          366    .text               stm32f10x_rcc.o
    0x08001fb4   0x08001fb4   0x0000011c   Code   RO          380    .text               stm32f10x_exti.o
    0x080020d0   0x080020d0   0x00000890   Code   RO          404    .text               os_core.o
    0x08002960   0x08002960   0x0000080c   Code   RO          424    .text               os_flag.o
    0x0800316c   0x0800316c   0x000003cc   Code   RO          436    .text               os_mbox.o
    0x08003538   0x08003538   0x000005e8   Code   RO          466    .text               os_q.o
    0x08003b20   0x08003b20   0x000007c4   Code   RO          490    .text               os_task.o
    0x080042e4   0x080042e4   0x000001b0   Code   RO          502    .text               os_time.o
    0x08004494   0x08004494   0x000000ae   Code   RO          520    .text               os_cpu_c.o
    0x08004542   0x08004542   0x00000002   PAD
    0x08004544   0x08004544   0x000000b4   Code   RO          542    .text               os_cpu_a.o
    0x080045f8   0x080045f8   0x00000002   Code   RO          547    .text               c_w.l(use_no_semi_2.o)
    0x080045fa   0x080045fa   0x00000002   PAD
    0x080045fc   0x080045fc   0x00000018   Code   RO          551    .text               c_w.l(noretval__2printf.o)
    0x08004614   0x08004614   0x0000010e   Code   RO          563    .text               c_w.l(__printf_wp.o)
    0x08004722   0x08004722   0x00000002   PAD
    0x08004724   0x08004724   0x0000003c   Code   RO          578    .text               c_w.l(rand.o)
    0x08004760   0x08004760   0x00000080   Code   RO          582    .text               c_w.l(strcmpv7m.o)
    0x080047e0   0x080047e0   0x00000006   Code   RO          584    .text               c_w.l(heapauxi.o)
    0x080047e6   0x080047e6   0x00000002   Code   RO          620    .text               c_w.l(use_no_semi.o)
    0x080047e8   0x080047e8   0x0000041e   Code   RO          623    .text               c_w.l(_printf_fp_dec.o)
    0x08004c06   0x08004c06   0x00000002   PAD
    0x08004c08   0x08004c08   0x00000024   Code   RO          625    .text               c_w.l(_printf_char_file.o)
    0x08004c2c   0x08004c2c   0x00000008   Code   RO          698    .text               c_w.l(rt_locale_intlibspace.o)
    0x08004c34   0x08004c34   0x0000008a   Code   RO          700    .text               c_w.l(lludiv10.o)
    0x08004cbe   0x08004cbe   0x00000002   PAD
    0x08004cc0   0x08004cc0   0x00000030   Code   RO          702    .text               c_w.l(_printf_char_common.o)
    0x08004cf0   0x08004cf0   0x00000080   Code   RO          704    .text               c_w.l(_printf_fp_infnan.o)
    0x08004d70   0x08004d70   0x000000e4   Code   RO          706    .text               c_w.l(bigflt0.o)
    0x08004e54   0x08004e54   0x00000008   Code   RO          731    .text               c_w.l(ferror.o)
    0x08004e5c   0x08004e5c   0x00000008   Code   RO          746    .text               c_w.l(libspace.o)
    0x08004e64   0x08004e64   0x0000004a   Code   RO          749    .text               c_w.l(sys_stackheap_outer.o)
    0x08004eae   0x08004eae   0x00000012   Code   RO          753    .text               c_w.l(exit.o)
    0x08004ec0   0x08004ec0   0x0000003e   Code   RO          709    CL$$btod_d2e        c_w.l(btod.o)
    0x08004efe   0x08004efe   0x00000046   Code   RO          711    CL$$btod_d2e_denorm_low  c_w.l(btod.o)
    0x08004f44   0x08004f44   0x00000060   Code   RO          710    CL$$btod_d2e_norm_op1  c_w.l(btod.o)
    0x08004fa4   0x08004fa4   0x00000338   Code   RO          719    CL$$btod_div_common  c_w.l(btod.o)
    0x080052dc   0x080052dc   0x000000dc   Code   RO          716    CL$$btod_e2e        c_w.l(btod.o)
    0x080053b8   0x080053b8   0x0000002a   Code   RO          713    CL$$btod_ediv       c_w.l(btod.o)
    0x080053e2   0x080053e2   0x0000002a   Code   RO          712    CL$$btod_emul       c_w.l(btod.o)
    0x0800540c   0x0800540c   0x00000244   Code   RO          718    CL$$btod_mult_common  c_w.l(btod.o)
    0x08005650   0x08005650   0x00000028   Code   RO          744    i.__ARM_fpclassify  m_ws.l(fpclassify.o)
    0x08005678   0x08005678   0x0000000e   Code   RO          565    i._is_digit         c_w.l(__printf_wp.o)
    0x08005686   0x08005686   0x00000002   PAD
    0x08005688   0x08005688   0x0000002c   Code   RO          736    locale$$code        c_w.l(lc_numeric_c.o)
    0x080056b4   0x080056b4   0x00000150   Code   RO          588    x$fpl$dadd          fz_ws.l(daddsub_clz.o)
    0x08005804   0x08005804   0x00000018   Code   RO          673    x$fpl$dcmpinf       fz_ws.l(dcmpi.o)
    0x0800581c   0x0800581c   0x000002b0   Code   RO          595    x$fpl$ddiv          fz_ws.l(ddiv.o)
    0x08005acc   0x08005acc   0x0000005e   Code   RO          598    x$fpl$dfix          fz_ws.l(dfix.o)
    0x08005b2a   0x08005b2a   0x00000002   PAD
    0x08005b2c   0x08005b2c   0x0000005a   Code   RO          602    x$fpl$dfixu         fz_ws.l(dfixu.o)
    0x08005b86   0x08005b86   0x0000002e   Code   RO          607    x$fpl$dflt          fz_ws.l(dflt_clz.o)
    0x08005bb4   0x08005bb4   0x00000026   Code   RO          606    x$fpl$dfltu         fz_ws.l(dflt_clz.o)
    0x08005bda   0x08005bda   0x00000002   PAD
    0x08005bdc   0x08005bdc   0x00000078   Code   RO          612    x$fpl$dleqf         fz_ws.l(dleqf.o)
    0x08005c54   0x08005c54   0x00000154   Code   RO          614    x$fpl$dmul          fz_ws.l(dmul.o)
    0x08005da8   0x08005da8   0x0000009c   Code   RO          675    x$fpl$dnaninf       fz_ws.l(dnaninf.o)
    0x08005e44   0x08005e44   0x0000000c   Code   RO          677    x$fpl$dretinf       fz_ws.l(dretinf.o)
    0x08005e50   0x08005e50   0x0000006c   Code   RO          616    x$fpl$drleqf        fz_ws.l(drleqf.o)
    0x08005ebc   0x08005ebc   0x00000016   Code   RO          589    x$fpl$drsb          fz_ws.l(daddsub_clz.o)
    0x08005ed2   0x08005ed2   0x00000002   PAD
    0x08005ed4   0x08005ed4   0x000001d4   Code   RO          590    x$fpl$dsub          fz_ws.l(daddsub_clz.o)
    0x080060a8   0x080060a8   0x00000004   Code   RO          618    x$fpl$printf1       fz_ws.l(printf1.o)
    0x080060ac   0x080060ac   0x00000000   Code   RO          679    x$fpl$usenofp       fz_ws.l(usenofp.o)
    0x080060ac   0x080060ac   0x00000100   Data   RO          406    .constdata          os_core.o
    0x080061ac   0x080061ac   0x00000094   Data   RO          707    .constdata          c_w.l(bigflt0.o)
    0x08006240   0x08006240   0x00000020   Data   RO          834    Region$$Table       anon$$obj.o
    0x08006260   0x08006260   0x0000001c   Data   RO          735    locale$$data        c_w.l(lc_numeric_c.o)


    Execution Region RW_IRAM1 (Exec base: 0x20000000, Load base: 0x0800627c, Size: 0x00002340, Max: 0x0000c000, ABSOLUTE)

    Exec Addr    Load Addr    Size         Type   Attr      Idx    E Section Name        Object

    0x20000000   0x0800627c   0x00000030   Data   RW            3    .data               main.o
    0x20000030   0x080062ac   0x00000014   Data   RW          161    .data               system_stm32f10x.o
    0x20000044   0x080062c0   0x00000001   Data   RW          204    .data               key.o
    0x20000045   0x080062c1   0x00000001   PAD
    0x20000046   0x080062c2   0x00000004   Data   RW          260    .data               delay.o
    0x2000004a   0x080062c6   0x00000002   PAD
    0x2000004c   0x080062c8   0x00000006   Data   RW          292    .data               usart.o
    0x20000052   0x080062ce   0x00000014   Data   RW          367    .data               stm32f10x_rcc.o
    0x20000066   0x080062e2   0x00000002   PAD
    0x20000068   0x080062e4   0x00000048   Data   RW          407    .data               os_core.o
    0x200000b0        -       0x00000c00   Zero   RW            2    .bss                main.o
    0x20000cb0        -       0x000000c8   Zero   RW          291    .bss                usart.o
    0x20000d78        -       0x00000a80   Zero   RW          405    .bss                os_core.o
    0x200017f8        -       0x000000e4   Zero   RW          579    .bss                c_w.l(rand.o)
    0x200018dc        -       0x00000060   Zero   RW          747    .bss                c_w.l(libspace.o)
    0x2000193c   0x0800632c   0x00000004   PAD
    0x20001940        -       0x00000200   Zero   RW          324    HEAP                startup_stm32f10x_hd.o
    0x20001b40        -       0x00000800   Zero   RW          323    STACK               startup_stm32f10x_hd.o


==============================================================================

Image component sizes


      Code (inc. data)   RO Data    RW Data    ZI Data      Debug   Object Name

       304         24          0          4          0       1741   delay.o
       348          4          0          0          0       2035   dht11.o
       472         18          0          0          0       1573   ds18b20.o
       328         18          0          0          0        820   exti.o
       244         18          0          1          0        824   key.o
       504         10          0          0          0       2103   lcd1602.o
        80          4          0          0          0        483   led.o
      1348        164          0         48       3072     247789   main.o
       220         22          0          0          0       1797   misc.o
      2192        218        256         72       2688      14923   os_core.o
       180         36          0          0          0        320   os_cpu_a.o
       174          0          0          0          0      10338   os_cpu_c.o
      2060         42          0          0          0       7076   os_flag.o
       972         16          0          0          0       4278   os_mbox.o
      1512         30          0          0          0       5737   os_q.o
      1988         70          0          0          0       7753   os_task.o
       432         30          0          0          0       1830   os_time.o
        64         26        304          0       2560        788   startup_stm32f10x_hd.o
       284         10          0          0          0       2259   stm32f10x_exti.o
       860         38          0          0          0       5733   stm32f10x_gpio.o
        22          0          0          0          0        983   stm32f10x_it.o
       932         36          0         20          0       8904   stm32f10x_rcc.o
      1032         22          0          0          0       8456   stm32f10x_usart.o
         0          0          0          0          0         32   sys.o
       480         38          0         20          0       1695   system_stm32f10x.o
       336         18          0          6        200       3138   usart.o

    ----------------------------------------------------------------------
     17372        912        592        176       8520     343408   Object Totals
         0          0         32          0          0          0   (incl. Generated)
         4          0          0          5          0          0   (incl. Padding)

    ----------------------------------------------------------------------

      Code (inc. data)   RO Data    RW Data    ZI Data      Debug   Library Member Name

         8          0          0          0          0         68   __main.o
       284          0          0          0          0        156   __printf_wp.o
         0          0          0          0          0          0   __rtentry.o
        12          0          0          0          0          0   __rtentry2.o
         6          0          0          0          0          0   __rtentry4.o
        52          8          0          0          0          0   __scatter.o
        26          0          0          0          0          0   __scatter_copy.o
        28          0          0          0          0          0   __scatter_zi.o
        48          6          0          0          0         96   _printf_char_common.o
        36          4          0          0          0         80   _printf_char_file.o
         6          0          0          0          0          0   _printf_f.o
      1054          0          0          0          0        216   _printf_fp_dec.o
       128         16          0          0          0         84   _printf_fp_infnan.o
         0          0          0          0          0          0   _printf_percent.o
         4          0          0          0          0          0   _printf_percent_end.o
       228          4        148          0          0         96   bigflt0.o
      1936        128          0          0          0        672   btod.o
        18          0          0          0          0         80   exit.o
         8          0          0          0          0         68   ferror.o
         6          0          0          0          0        152   heapauxi.o
        44         10         28          0          0         76   lc_numeric_c.o
         2          0          0          0          0          0   libinit.o
        22          0          0          0          0          0   libinit2.o
         2          0          0          0          0          0   libshutdown.o
         2          0          0          0          0          0   libshutdown2.o
         8          4          0          0         96         68   libspace.o
       138          0          0          0          0         80   lludiv10.o
        24          4          0          0          0         84   noretval__2printf.o
       112         18          0          0        228        160   rand.o
         8          4          0          0          0         68   rt_locale_intlibspace.o
         2          0          0          0          0          0   rtexit.o
        10          0          0          0          0          0   rtexit2.o
       128          0          0          0          0         68   strcmpv7m.o
        74          0          0          0          0         80   sys_stackheap_outer.o
         2          0          0          0          0         68   use_no_semi.o
         2          0          0          0          0         68   use_no_semi_2.o
       826         16          0          0          0        348   daddsub_clz.o
        24          0          0          0          0         68   dcmpi.o
       688        140          0          0          0        208   ddiv.o
        94          4          0          0          0         92   dfix.o
        90          4          0          0          0         92   dfixu.o
        84          0          0          0          0        136   dflt_clz.o
       120          4          0          0          0         92   dleqf.o
       340         12          0          0          0        104   dmul.o
       156          4          0          0          0         92   dnaninf.o
        12          0          0          0          0         68   dretinf.o
       108          0          0          0          0         80   drleqf.o
         4          0          0          0          0         68   printf1.o
         0          0          0          0          0          0   usenofp.o
        40          0          0          0          0         68   fpclassify.o

    ----------------------------------------------------------------------
      7072        390        176          0        328       4104   Library Totals
        18          0          0          0          4          0   (incl. Padding)

    ----------------------------------------------------------------------

      Code (inc. data)   RO Data    RW Data    ZI Data      Debug   Library Name

      4468        206        176          0        324       2588   c_w.l
      2546        184          0          0          0       1448   fz_ws.l
        40          0          0          0          0         68   m_ws.l

    ----------------------------------------------------------------------
      7072        390        176          0        328       4104   Library Totals

    ----------------------------------------------------------------------

==============================================================================


      Code (inc. data)   RO Data    RW Data    ZI Data      Debug   

     24444       1302        768        176       8848     343452   Grand Totals
     24444       1302        768        176       8848     343452   ELF Image Totals
     24444       1302        768        176          0          0   ROM Totals

==============================================================================

    Total RO  Size (Code + RO Data)                25212 (  24.62kB)
    Total RW  Size (RW Data + ZI Data)              9024 (   8.81kB)
    Total ROM Size (Code + RO Data + RW Data)      25388 (  24.79kB)

==============================================================================

